 ProbeUtilities

 Timestamp is 46b39df4 (Fri Aug 03 16:28:20 2007)

 Preferred load address is 10000000

 Start         Length     Name                   Class
 0001:00000000 0001e744H .text                   CODE
 0001:0001e750 00000076H .text$yc                CODE
 0002:00000000 00000098H .idata$5                DATA
 0002:00000098 00000004H .CRT$XCA                DATA
 0002:0000009c 00000010H .CRT$XCU                DATA
 0002:000000ac 00000004H .CRT$XCZ                DATA
 0002:000000b0 00000004H .CRT$XIA                DATA
 0002:000000b4 00000004H .CRT$XIAA               DATA
 0002:000000b8 00000004H .CRT$XIZ                DATA
 0002:000000c0 00000c18H .rdata                  DATA
 0002:00000cd8 00000038H .rdata$debug            DATA
 0002:00000d10 00000004H .rdata$sxdata           DATA
 0002:00000d14 00000004H .rtc$IAA                DATA
 0002:00000d18 00000004H .rtc$IZZ                DATA
 0002:00000d1c 00000004H .rtc$TAA                DATA
 0002:00000d20 00000004H .rtc$TZZ                DATA
 0002:00000d28 000001ccH .xdata$x                DATA
 0002:00000ef4 00000028H .idata$2                DATA
 0002:00000f1c 00000014H .idata$3                DATA
 0002:00000f30 00000098H .idata$4                DATA
 0002:00000fc8 000002a2H .idata$6                DATA
 0002:00001270 00000923H .edata                  DATA
 0003:00000000 00000a38H .data                   DATA
 0003:00000a38 0000056cH .bss                    DATA
 0004:00000000 00000058H .rsrc$01                DATA
 0004:00000060 00000430H .rsrc$02                DATA

  Address         Publics by Value              Rva+Base       Lib:Object

 0000:00000000       __except_list              00000000     <absolute>
 0000:00000001       ___safe_se_handler_count   00000001     <absolute>
 0000:00009876       __ldused                   00009876     <absolute>
 0000:00009876       __fltused                  00009876     <absolute>
 0000:00000000       ___ImageBase               10000000     <linker-defined>
 0001:00000000       ??4ZProbe@@QAEAAV0@ABV0@@Z 10001000 f i ZProbe.obj
 0001:00000010       ?TraversalFilter@@YAJPAU_EXCEPTION_RECORD@@PAEKK@Z 10001010 f i ZProbe.obj
 0001:00000040       ??$sprintf@$0IA@@@YAHAAY0IA@DPBDZZ 10001040 f i ZProbe.obj
 0001:00000060       ??$strcpy@PAD@@YAPADABQADPBD@Z 10001060 f i ZProbe.obj
 0001:00000080       ??$sprintf@$0EA@@@YAHAAY0EA@DPBDZZ 10001080 f i ZProbe.obj
 0001:000000a0       ?Dump@ZProbe@@SGJPBDAAUtagGPoint2d@@KKPADPAK@Z 100010a0 f   ZProbe.obj
 0001:00000370       ?Dump@ZProbe@@SGJPBDAAUtagGPosition2d@@KKPADPAK@Z 10001370 f   ZProbe.obj
 0001:00000370       ?Dump@ZProbe@@SGJPBDAAUtagGUnitVector2d@@KKPADPAK@Z 10001370 f   ZProbe.obj
 0001:00000370       ?Dump@ZProbe@@SGJPBDAAUtagGVector2d@@KKPADPAK@Z 10001370 f   ZProbe.obj
 0001:00000600       ?Dump@ZProbe@@SGJPBDAAUtagGUnitVector@@KKPADPAK@Z 10001600 f   ZProbe.obj
 0001:00000600       ?Dump@ZProbe@@SGJPBDAAUtagGVector@@KKPADPAK@Z 10001600 f   ZProbe.obj
 0001:00000600       ?Dump@ZProbe@@SGJPBDAAUtagGPosition@@KKPADPAK@Z 10001600 f   ZProbe.obj
 0001:00000890       ?Dump@ZProbe@@SGJPBDAAUtagGBox@@KKPADPAK@Z 10001890 f   ZProbe.obj
 0001:00000ba0       ?Dump@ZProbe@@SGJPBDAAUtagGLine2d@@KKPADPAK@Z 10001ba0 f   ZProbe.obj
 0001:00001310       ?Dump@ZProbe@@SGJPBDAAUtagGLine@@KKPADPAK@Z 10002310 f   ZProbe.obj
 0001:00001a80       ?Dump@ZProbe@@SGJPBDAAUtagGMatrix2d@@KKPADPAK@Z 10002a80 f   ZProbe.obj
 0001:00001f00       ?Dump@ZProbe@@SGJPBDAAUtagGMatrix@@KKPADPAK@Z 10002f00 f   ZProbe.obj
 0001:00002390       ?Dump@ZProbe@@SGJPBDAAUtagGTransf2d@@KKPADPAK@Z 10003390 f   ZProbe.obj
 0001:00002ec0       ?Dump@ZProbe@@SGJPBDAAUtagGTransf@@KKPADPAK@Z 10003ec0 f   ZProbe.obj
 0001:000039f0       ?Dump@ZProbe@@SGJPBDAAW4JPatternType@@KKPADPAK@Z 100049f0 f   ZProbe.obj
 0001:00003f20       ?Dump@ZProbe@@SGJPBDAAW4JPatternMethod@@KKPADPAK@Z 10004f20 f   ZProbe.obj
 0001:00004450       ?Dump@ZProbe@@SGJPBDAAW4JPatternStagger@@KKPADPAK@Z 10005450 f   ZProbe.obj
 0001:00004980       ?Dump@ZProbe@@SGJPBDAAUtagGLineString2d@@KKPADPAK@Z 10005980 f   ZProbe.obj
 0001:00005ba0       ?Dump@ZProbe@@SGJPBDAAUtagGLineString@@KKPADPAK@Z 10006ba0 f   ZProbe.obj
 0001:00006dc0       ?Dump@ZProbe@@SGJPBDAAUtagGEllipse2d@@KKPADPAK@Z 10007dc0 f   ZProbe.obj
 0001:00007520       ?Dump@ZProbe@@SGJPBDAAUtagGEllipse@@KKPADPAK@Z 10008520 f   ZProbe.obj
 0001:00007aa0       ?Dump@ZProbe@@SGJPBDAAUtagGArc2d@@KKPADPAK@Z 10008aa0 f   ZProbe.obj
 0001:000081d0       ?Dump@ZProbe@@SGJPBDAAUtagGArc@@KKPADPAK@Z 100091d0 f   ZProbe.obj
 0001:00008900       ?Dump@ZProbe@@SGJPBDAAUtagGFitCurve2d@@KKPADPAK@Z 10009900 f   ZProbe.obj
 0001:0000d120       ?Dump@ZProbe@@SGJPBDAAUtagGBspCurve2d@@KKPADPAK@Z 1000e120 f   ZProbe.obj
 0001:00010810       ?Dump@ZProbe@@SGJPBDAAUtagGBspCurve@@KKPADPAK@Z 10011810 f   ZProbe.obj
 0001:00013ec0       ?Dump@ZProbe@@SGJPBDAAW4tagGCurveForm@@KKPADPAK@Z 10014ec0 f   ZProbe.obj
 0001:00014780       ?Dump@ZProbe@@SGJPBDAAW4tagGCurveScope@@KKPADPAK@Z 10015780 f   ZProbe.obj
 0001:00014e70       ?Dump@ZProbe@@SGJPBDAAUtagGRectangle2d@@KKPADPAK@Z 10015e70 f   ZProbe.obj
 0001:000153b0       ?Dump@ZProbe@@SGJPBDAAW4JModelMembassyType@@KKPADPAK@Z 100163b0 f   ZProbe.obj
 0001:000162c0       ?Dump@ZProbe@@SGJPBDAAUtagGTypedCurve2d@@KKPADPAK@Z 100172c0 f   ZProbe.obj
 0001:00017b40       ?Dump@ZProbe@@SGJPBDAAUtagGTypedCurve@@KKPADPAK@Z 10018b40 f   ZProbe.obj
 0001:00018e40       ?Dump@ZProbe@@SGJPBDAAUtagGComplexString2d@@KKPADPAK@Z 10019e40 f   ZProbe.obj
 0001:00019dc0       ?Dump@ZProbe@@SGJPBDAAUtagGComplexString@@KKPADPAK@Z 1001adc0 f   ZProbe.obj
 0001:0001ad40       ?Dump@ZProbe@@SGJPBDAAUtagGBoundaries2d@@KKPADPAK@Z 1001bd40 f   ZProbe.obj
 0001:0001bb90       ?Dump@ZProbe@@SGJPBDAAUtagGBoundaries@@KKPADPAK@Z 1001cb90 f   ZProbe.obj
 0001:0001c9e0       ?Dump@ZProbe@@SGJPBDAAUtagGPlane@@KKPADPAK@Z 1001d9e0 f   ZProbe.obj
 0001:0001da80       ?Dump@ZProbe@@SGJPBDAAUtagGGBoundary2d@@KKPADPAK@Z 1001ea80 f   ZProbe.obj
 0001:0001dfb0       @__security_check_cookie@4 1001efb0 f   MSVCRT:secchk.obj
 0001:0001dfc0       _memset                    1001efc0 f   MSVCRT:MSVCR80.dll
 0001:0001dfc6       __except_handler4          1001efc6 f   MSVCRT:chandler4gs.obj
 0001:0001e036       __CRT_INIT@12              1001f036 f   MSVCRT:crtdll.obj
 0001:0001e2eb       __DllMainCRTStartup@12     1001f2eb f   MSVCRT:crtdll.obj
 0001:0001e30c       ___report_gsfailure        1001f30c f   MSVCRT:gs_report.obj
 0001:0001e410       __except_handler4_common   1001f410 f   MSVCRT:MSVCR80.dll
 0001:0001e416       ___clean_type_info_names   1001f416 f   MSVCRT:tncleanup.obj
 0001:0001e422       __onexit                   1001f422 f   MSVCRT:atonexit.obj
 0001:0001e4c1       _atexit                    1001f4c1 f   MSVCRT:atonexit.obj
 0001:0001e4d3       __RTC_Initialize           1001f4d3 f   MSVCRT:initsect.obj
 0001:0001e4f7       __RTC_Terminate            1001f4f7 f   MSVCRT:initsect.obj
 0001:0001e520       __ValidateImageBase        1001f520 f   MSVCRT:pesect.obj
 0001:0001e550       __FindPESection            1001f550 f   MSVCRT:pesect.obj
 0001:0001e592       __IsNonwritableInCurrentImage 1001f592 f   MSVCRT:pesect.obj
 0001:0001e5fe       __initterm                 1001f5fe f   MSVCRT:MSVCR80.dll
 0001:0001e604       __initterm_e               1001f604 f   MSVCRT:MSVCR80.dll
 0001:0001e60a       __amsg_exit                1001f60a f   MSVCRT:MSVCR80.dll
 0001:0001e610       ___CppXcptFilter           1001f610 f   MSVCRT:MSVCR80.dll
 0001:0001e616       _DllMain@12                1001f616 f   MSVCRT:dllmain.obj
 0001:0001e638       __SEH_prolog4              1001f638 f   MSVCRT:sehprolg4.obj
 0001:0001e67d       __SEH_epilog4              1001f67d f   MSVCRT:sehprolg4.obj
 0001:0001e691       ___security_init_cookie    1001f691 f   MSVCRT:gs_support.obj
 0001:0001e726       __crt_debugger_hook        1001f726 f   MSVCRT:MSVCR80.dll
 0001:0001e72c       ___clean_type_info_names_internal 1001f72c f   MSVCRT:MSVCR80.dll
 0001:0001e732       __unlock                   1001f732 f   MSVCRT:MSVCR80.dll
 0001:0001e738       ___dllonexit               1001f738 f   MSVCRT:MSVCR80.dll
 0001:0001e73e       __lock                     1001f73e f   MSVCRT:MSVCR80.dll
 0002:00000000       __imp__GetCurrentProcessId@0 10020000     kernel32:KERNEL32.dll
 0002:00000004       __imp__GetCurrentThreadId@0 10020004     kernel32:KERNEL32.dll
 0002:00000008       __imp__GetTickCount@0      10020008     kernel32:KERNEL32.dll
 0002:0000000c       __imp__QueryPerformanceCounter@4 1002000c     kernel32:KERNEL32.dll
 0002:00000010       __imp__DisableThreadLibraryCalls@4 10020010     kernel32:KERNEL32.dll
 0002:00000014       __imp__IsDebuggerPresent@0 10020014     kernel32:KERNEL32.dll
 0002:00000018       __imp__SetUnhandledExceptionFilter@4 10020018     kernel32:KERNEL32.dll
 0002:0000001c       __imp__UnhandledExceptionFilter@4 1002001c     kernel32:KERNEL32.dll
 0002:00000020       __imp__GetCurrentProcess@0 10020020     kernel32:KERNEL32.dll
 0002:00000024       __imp__TerminateProcess@8  10020024     kernel32:KERNEL32.dll
 0002:00000028       __imp__InterlockedCompareExchange@12 10020028     kernel32:KERNEL32.dll
 0002:0000002c       __imp__Sleep@4             1002002c     kernel32:KERNEL32.dll
 0002:00000030       __imp__InterlockedExchange@8 10020030     kernel32:KERNEL32.dll
 0002:00000034       __imp__GetSystemTimeAsFileTime@4 10020034     kernel32:KERNEL32.dll
 0002:00000038       \177KERNEL32_NULL_THUNK_DATA 10020038     kernel32:KERNEL32.dll
 0002:0000003c       __imp___amsg_exit          1002003c     MSVCRT:MSVCR80.dll
 0002:00000040       __imp___adjust_fdiv        10020040     MSVCRT:MSVCR80.dll
 0002:00000044       __imp____CppXcptFilter     10020044     MSVCRT:MSVCR80.dll
 0002:00000048       __imp___initterm_e         10020048     MSVCRT:MSVCR80.dll
 0002:0000004c       __imp____clean_type_info_names_internal 1002004c     MSVCRT:MSVCR80.dll
 0002:00000050       __imp___unlock             10020050     MSVCRT:MSVCR80.dll
 0002:00000054       __imp____dllonexit         10020054     MSVCRT:MSVCR80.dll
 0002:00000058       __imp___lock               10020058     MSVCRT:MSVCR80.dll
 0002:0000005c       __imp___onexit             1002005c     MSVCRT:MSVCR80.dll
 0002:00000060       __imp___initterm           10020060     MSVCRT:MSVCR80.dll
 0002:00000064       __imp___decode_pointer     10020064     MSVCRT:MSVCR80.dll
 0002:00000068       __imp__free                10020068     MSVCRT:MSVCR80.dll
 0002:0000006c       __imp___encoded_null       1002006c     MSVCRT:MSVCR80.dll
 0002:00000070       __imp___malloc_crt         10020070     MSVCRT:MSVCR80.dll
 0002:00000074       __imp___encode_pointer     10020074     MSVCRT:MSVCR80.dll
 0002:00000078       __imp___except_handler4_common 10020078     MSVCRT:MSVCR80.dll
 0002:0000007c       __imp__memset              1002007c     MSVCRT:MSVCR80.dll
 0002:00000080       __imp__strncat             10020080     MSVCRT:MSVCR80.dll
 0002:00000084       __imp___errno              10020084     MSVCRT:MSVCR80.dll
 0002:00000088       __imp__strerror            10020088     MSVCRT:MSVCR80.dll
 0002:0000008c       __imp__vsprintf_s          1002008c     MSVCRT:MSVCR80.dll
 0002:00000090       __imp___crt_debugger_hook  10020090     MSVCRT:MSVCR80.dll
 0002:00000094       \177MSVCR80_NULL_THUNK_DATA 10020094     MSVCRT:MSVCR80.dll
 0002:00000098       ___xc_a                    10020098     MSVCRT:cinitexe.obj
 0002:000000ac       ___xc_z                    100200ac     MSVCRT:cinitexe.obj
 0002:000000b0       ___xi_a                    100200b0     MSVCRT:cinitexe.obj
 0002:000000b8       ___xi_z                    100200b8     MSVCRT:cinitexe.obj
 0002:000000dc       ??_C@_0P@GHFPNOJB@bad?5allocation?$AA@ 100200dc     ZProbe.obj
 0002:000000ec       ??_C@_0BI@JFDDFFPI@?4?4?4?$DMoutput?5truncated?$DO?$AN?6?$AA@ 100200ec     ZProbe.obj
 0002:00000104       ??_C@_08HKGMJBDL@?$CFs?3?5?$CFs?$AN?6?$AA@ 10020104     ZProbe.obj
 0002:00000110       ??_C@_0BF@FOHLCGDA@?$CFs?3?5?$CI?$CF8?48g?0?5?$CF8?48g?$CJ?$AN?6?$AA@ 10020110     ZProbe.obj
 0002:00000128       ??_C@_0BM@GPGGDMJP@?$CFs?3?5?$CI?$CF8?48g?0?5?$CF8?48g?0?5?$CF8?48g?$CJ?$AN?6?$AA@ 10020128     ZProbe.obj
 0002:00000144       ??_C@_0BA@MAFAMODC@?5?5?5?5?5m_position?$AA@ 10020144     ZProbe.obj
 0002:00000154       ??_C@_05MKIPDDNK@?$CFs?3?$AN?6?$AA@ 10020154     ZProbe.obj
 0002:0000015c       ??_C@_0M@DGDEKBJC@?5?5?5?5?5m_high?$AA@ 1002015c     ZProbe.obj
 0002:00000168       ??_C@_0L@LFKPHEHE@?5?5?5?5?5m_low?$AA@ 10020168     ZProbe.obj
 0002:00000174       ??_C@_0L@KIIKBAFL@?5?5?5?5?5m_end?$AA@ 10020174     ZProbe.obj
 0002:00000180       ??_C@_0M@EMHDJFLN@?$CFs?3?5?$CF8?48g?$AN?6?$AA@ 10020180     ZProbe.obj
 0002:0000018c       ??_C@_0N@JANPKCCK@?5?5?5?5?5m_start?$AA@ 1002018c     ZProbe.obj
 0002:0000019c       ??_C@_0BB@MHDGCBGO@?5?5?5?5?5m_direction?$AA@ 1002019c     ZProbe.obj
 0002:000001b0       ??_C@_0BB@JMLKFJLH@?5?5?5?5?5m_rootPoint?$AA@ 100201b0     ZProbe.obj
 0002:000001c4       ??_C@_0BI@JDHODNGN@?5?5?5?5?5?$HL?5?$CF8?48g?0?5?$CF8?48g?5?$HN?$AN?6?$AA@ 100201c4     ZProbe.obj
 0002:000001dc       ??_C@_0BP@JJNNNHEP@?5?5?5?5?5?$HL?5?$CF8?48g?0?5?$CF8?48g?0?5?$CF8?48g?5?$HN?$AN?6?$AA@ 100201dc     ZProbe.obj
 0002:000001fc       ??_C@_0BA@GEAMKNMO@?5?5?5?5?5m_hasShear?$AA@ 100201fc     ZProbe.obj
 0002:0000020c       ??_C@_0BF@KJMHFGMH@?5?5?5?5?5m_hasReflection?$AA@ 1002020c     ZProbe.obj
 0002:00000224       ??_C@_09HMEFIBB@?$CFs?3?5?5?$CFu?$AN?6?$AA@ 10020224     ZProbe.obj
 0002:00000230       ??_C@_0BD@CEKCDIJM@?5?5?5?5?5m_hasRotation?$AA@ 10020230     ZProbe.obj
 0002:00000244       ??_C@_0P@OAJMIBJI@?5?5?5?5?5m_scaling?$AA@ 10020244     ZProbe.obj
 0002:00000254       ??_C@_0BD@IONPKOPF@?5?5?5?5?5m_translation?$AA@ 10020254     ZProbe.obj
 0002:00000268       ??_C@_0O@LNIPGJAO@?5?5?5?5?5m_linear?$AA@ 10020268     ZProbe.obj
 0002:00000278       ??_C@_0BA@BNEHHFBM@JPatternGeneric?$AA@ 10020278     ZProbe.obj
 0002:00000288       ??_C@_0N@BGHOLJNJ@JPatternRect?$AA@ 10020288     ZProbe.obj
 0002:00000298       ??_C@_0N@BJEPPFIC@JPatternCirc?$AA@ 10020298     ZProbe.obj
 0002:000002a8       ??_C@_08ENMGOFEI@ERROR?$DP?$DP?$DP?$AA@ 100202a8     ZProbe.obj
 0002:000002b4       ??_C@_0M@JGPMJEMA@JPatternFit?$AA@ 100202b4     ZProbe.obj
 0002:000002c0       ??_C@_0N@EAIPOIEH@JPatternFill?$AA@ 100202c0     ZProbe.obj
 0002:000002d0       ??_C@_0O@DJMDAODP@JPatternFixed?$AA@ 100202d0     ZProbe.obj
 0002:000002e0       ??_C@_0BB@LPEJOOPK@JPatternStagNone?$AA@ 100202e0     ZProbe.obj
 0002:000002f4       ??_C@_0BA@CFJIDINL@JPatternStagRow?$AA@ 100202f4     ZProbe.obj
 0002:00000304       ??_C@_0BA@GEALMDLL@JPatternStagCol?$AA@ 10020304     ZProbe.obj
 0002:00000314       ??_C@_0N@PCJNGJPF@?5?5?5?5?5m_scope?$AA@ 10020314     ZProbe.obj
 0002:00000324       ??_C@_0M@MLPFNFPB@?5?5?5?5?5m_form?$AA@ 10020324     ZProbe.obj
 0002:00000330       ??_C@_0BB@FIFKCCMM@?5?5?5?5?5m_numPoints?$AA@ 10020330     ZProbe.obj
 0002:00000344       ??_C@_0CG@HBCMDGPE@Expected?5?$CFu?5elements?5in?5this?5arr@ 10020344     ZProbe.obj
 0002:00000370       ??_C@_0EI@NCJOPNHO@Access?5violation?5thrown?5while?5tr@ 10020370     ZProbe.obj
 0002:000003b8       ??_C@_0CL@FGFPEEHB@ERROR?3?5Corruption?5in?5dynamic?5arr@ 100203b8     ZProbe.obj
 0002:000003e4       ??_C@_09PLJBCMPD@m_pPoints?$AA@ 100203e4     ZProbe.obj
 0002:000003f0       ??_C@_09GFLOGAHC@?5?5?5?5?5?$FL?$CFu?$FN?$AA@ 100203f0     ZProbe.obj
 0002:000003fc       ??_C@_0BA@HPALLLHM@?5?5?5?5?5m_pPoints?3?$AA@ 100203fc     ZProbe.obj
 0002:0000040c       ??_C@_04LLEBNMDN@?$CFs?$AN?6?$AA@ 1002040c     ZProbe.obj
 0002:00000414       ??_C@_0BG@GFBGANGM@?5?5?5?5?5m_pPoints?3?5?5NULL?$AA@ 10020414     ZProbe.obj
 0002:0000042c       ??_C@_0BD@NBFIMPHN@?5?5?5?5?5m_orientation?$AA@ 1002042c     ZProbe.obj
 0002:00000440       ??_C@_0BH@KKDBNNLP@?5?5?5?5?5m_minorMajorRatio?$AA@ 10020440     ZProbe.obj
 0002:00000458       ??_C@_0BB@DJNKBLPA@?5?5?5?5?5m_majorAxis?$AA@ 10020458     ZProbe.obj
 0002:0000046c       ??_C@_0O@NDKJEBLK@?5?5?5?5?5m_center?$AA@ 1002046c     ZProbe.obj
 0002:0000047c       ??_C@_0O@EIKMPGIJ@?5?5?5?5?5m_normal?$AA@ 1002047c     ZProbe.obj
 0002:0000048c       ??_C@_0BA@IIBGHDAL@?5?5?5?5?5m_endAngle?$AA@ 1002048c     ZProbe.obj
 0002:0000049c       ??_C@_0BC@IGDHGMMF@?5?5?5?5?5m_startAngle?$AA@ 1002049c     ZProbe.obj
 0002:000004b0       ??_C@_0P@NDKHBPMH@?5?5?5?5?5m_ellipse?$AA@ 100204b0     ZProbe.obj
 0002:000004c0       ??_C@_08KDIGICIM@m_pKnots?$AA@ 100204c0     ZProbe.obj
 0002:000004cc       ??_C@_0P@JNCPKFPN@?5?5?5?5?5m_pKnots?3?$AA@ 100204cc     ZProbe.obj
 0002:000004dc       ??_C@_0BF@OKBMNPFF@?5?5?5?5?5m_pKnots?3?5?5NULL?$AA@ 100204dc     ZProbe.obj
 0002:000004f4       ??_C@_0BA@NEIIMJOO@?5?5?5?5?5m_numKnots?$AA@ 100204f4     ZProbe.obj
 0002:00000504       ??_C@_06FMAFFBCE@m_pars?$AA@ 10020504     ZProbe.obj
 0002:0000050c       ??_C@_0O@IAHEHPCG@?5?5?5?5?5?5m_pars?3?$AA@ 1002050c     ZProbe.obj
 0002:0000051c       ??_C@_0BD@JGHDOOCI@?5?5?5?5?5m_pars?3?5?5NULL?$AA@ 1002051c     ZProbe.obj
 0002:00000530       ??_C@_0BI@LHJKCKEL@?5?5?5?5?5m_endTan?5?$CIignored?$CJ?$AA@ 10020530     ZProbe.obj
 0002:00000548       ??_C@_0O@NBECMGFN@?5?5?5?5?5m_endTan?$AA@ 10020548     ZProbe.obj
 0002:00000558       ??_C@_0BB@PJAHANM@?5?5?5?5?5m_inpEndTan?$AA@ 10020558     ZProbe.obj
 0002:0000056c       ??_C@_0BK@DKOAPLJL@?5?5?5?5?5m_startTan?5?$CIignored?$CJ?$AA@ 1002056c     ZProbe.obj
 0002:00000588       ??_C@_0BA@EJIDKNED@?5?5?5?5?5m_startTan?$AA@ 10020588     ZProbe.obj
 0002:00000598       ??_C@_08LHKCPOBN@?$CFs?3?5?$CFd?$AN?6?$AA@ 10020598     ZProbe.obj
 0002:000005a4       ??_C@_0BA@JAEPAJKG@?5?5?5?5?5m_inpStTan?$AA@ 100205a4     ZProbe.obj
 0002:000005b8       ??_C@_0EG@FABFDFEP@Subsequent?5input?5of?5tangents?5mig@ 100205b8     ZProbe.obj
 0002:00000600       ??_C@_0BL@MAMGAHKN@No?5smoothness?5requirements?$AA@ 10020600     ZProbe.obj
 0002:0000061c       ??_C@_0BP@LNODIFEG@Closed?5with?5tangent?5continuity?$AA@ 1002061c     ZProbe.obj
 0002:0000063c       ??_C@_0BC@GEHMPJLJ@?5?5?5?5?5m_closedForm?$AA@ 1002063c     ZProbe.obj
 0002:00000650       ??_C@_0BE@KGJIBCMN@Closed?5and?5periodic?$AA@ 10020650     ZProbe.obj
 0002:00000664       ??_C@_0BI@ELEGIENK@?5?5?5?5?5m_fitTol?5?$CIignored?$CJ?$AA@ 10020664     ZProbe.obj
 0002:0000067c       ??_C@_0O@KFOHDEHC@?5?5?5?5?5m_fitTol?$AA@ 1002067c     ZProbe.obj
 0002:0000068c       ??_C@_0BH@DFGMOJEE@?5?5?5?5?5m_order?5?$CIignored?$CJ?$AA@ 1002068c     ZProbe.obj
 0002:000006a4       ??_C@_0O@MHCCAIGM@LinestringFit?$AA@ 100206a4     ZProbe.obj
 0002:000006b4       ??_C@_09HMAHICEE@DirectFit?$AA@ 100206b4     ZProbe.obj
 0002:000006c0       ??_C@_0P@LIIOJDFI@LeastSquareFit?$AA@ 100206c0     ZProbe.obj
 0002:000006d0       ??_C@_0N@BDGGHHCL@?5?5?5?5?5m_order?$AA@ 100206d0     ZProbe.obj
 0002:000006e0       ??_C@_0P@MGGKDKJB@?5?5?5?5?5m_fitType?$AA@ 100206e0     ZProbe.obj
 0002:000006f0       ??_C@_0BC@CKNDCFN@?5?5?5?5?5m_properties?$AA@ 100206f0     ZProbe.obj
 0002:00000704       ??_C@_0N@LIBFPKLM@?5?5?5?5?5m_curve?$AA@ 10020704     ZProbe.obj
 0002:00000714       ??_C@_04HIBGFPH@NULL?$AA@  10020714     ZProbe.obj
 0002:0000071c       ??_C@_0BA@IMMEBLKK@?5?5?5?5?5m_rational?$AA@ 1002071c     ZProbe.obj
 0002:0000072c       ??_C@_0BA@IPKIHEKP@?5?5?5?5?5m_numPoles?$AA@ 1002072c     ZProbe.obj
 0002:0000073c       ??_C@_0O@MKIEPKLO@?5?5?5?5?5m_length?$AA@ 1002073c     ZProbe.obj
 0002:0000074c       ??_C@_0L@JMHINCDL@m_pWeights?$AA@ 1002074c     ZProbe.obj
 0002:00000758       ??_C@_0BB@OJEHDMGJ@?5?5?5?5?5m_pWeights?3?$AA@ 10020758     ZProbe.obj
 0002:0000076c       ??_C@_0CG@BPNJEJHC@?5?5?5?5?5m_pWeights?3?5?5NULL?5?$CInon?9rati@ 1002076c     ZProbe.obj
 0002:00000794       ??_C@_08PIKGDPMN@m_pPoles?$AA@ 10020794     ZProbe.obj
 0002:000007a0       ??_C@_0P@JMKPPEEG@?5?5?5?5?5m_pPoles?3?$AA@ 100207a0     ZProbe.obj
 0002:000007b0       ??_C@_0BF@HDPJAGJE@?5?5?5?5?5m_pPoles?3?5?5NULL?$AA@ 100207b0     ZProbe.obj
 0002:000007c8       ??_C@_0BF@FCGOHIKP@FORM_CLOSED_PERIODIC?$AA@ 100207c8     ZProbe.obj
 0002:000007e0       ??_C@_0BJ@LJENDBGK@FORM_CLOSED_WITH_TORSION?$AA@ 100207e0     ZProbe.obj
 0002:000007fc       ??_C@_0BL@POCFPCHN@FORM_CLOSED_WITH_CURVATURE?$AA@ 100207fc     ZProbe.obj
 0002:00000818       ??_C@_0BJ@PDDPJGMB@FORM_CLOSED_WITH_TANGENT?$AA@ 10020818     ZProbe.obj
 0002:00000834       ??_C@_0M@OMNIJKOL@FORM_CLOSED?$AA@ 10020834     ZProbe.obj
 0002:00000840       ??_C@_09EIPIJLAC@FORM_OPEN?$AA@ 10020840     ZProbe.obj
 0002:0000084c       ??_C@_0N@GLJEEAM@FORM_UNKNOWN?$AA@ 1002084c     ZProbe.obj
 0002:0000085c       ??_C@_0BA@HFPPMKCA@SCOPE_NONPLANAR?$AA@ 1002085c     ZProbe.obj
 0002:0000086c       ??_C@_0BB@HGPDHABF@SCOPE_DEGENERATE?$AA@ 1002086c     ZProbe.obj
 0002:00000880       ??_C@_0P@MNBEOLKP@SCOPE_COLINEAR?$AA@ 10020880     ZProbe.obj
 0002:00000890       ??_C@_0N@FLFDOOPH@SCOPE_PLANAR?$AA@ 10020890     ZProbe.obj
 0002:000008a0       ??_C@_0O@NFIINPCJ@SCOPE_UNKNOWN?$AA@ 100208a0     ZProbe.obj
 0002:000008b0       ??_C@_0BI@KKMMMDLC@?5?5?5?5?5m_heightWidthRatio?$AA@ 100208b0     ZProbe.obj
 0002:000008c8       ??_C@_0BE@EEOHDCDC@?5?5?5?5?5?5m_widthVector?$AA@ 100208c8     ZProbe.obj
 0002:000008dc       ??_C@_0BE@HDEKOIML@?5?5?5?5?5?5m_anchorPoint?$AA@ 100208dc     ZProbe.obj
 0002:000008f0       ??_C@_0BB@DFANDAOC@?$DMillegal?5value?$CB?$DO?$AA@ 100208f0     ZProbe.obj
 0002:00000904       ??_C@_0BH@HDLNBEKO@igWeldmentPartMembassy?$AA@ 10020904     ZProbe.obj
 0002:0000091c       ??_C@_0BH@LEFKBPGC@igWeldmentBeadMembassy?$AA@ 1002091c     ZProbe.obj
 0002:00000934       ??_C@_0BM@OEOILAKA@igWeldmentPartMembassyOwner?$AA@ 10020934     ZProbe.obj
 0002:00000950       ??_C@_0BM@DHBKLFNH@igWeldmentBeadMembassyOwner?$AA@ 10020950     ZProbe.obj
 0002:0000096c       ??_C@_0BK@BGDJPLP@igWeldmentMembassyManager?$AA@ 1002096c     ZProbe.obj
 0002:00000988       ??_C@_0BD@EEMNHKAF@igWeldmentMembassy?$AA@ 10020988     ZProbe.obj
 0002:0000099c       ??_C@_0P@MBCPFENM@igCnstMembassy?$AA@ 1002099c     ZProbe.obj
 0002:000009ac       ??_C@_0BD@DNMAMCG@igShellAsmMembassy?$AA@ 100209ac     ZProbe.obj
 0002:000009c0       ??_C@_0BE@IBAOHGPA@igShellPartMembassy?$AA@ 100209c0     ZProbe.obj
 0002:000009d4       ??_C@_0BA@GNCGONKE@igShellMembassy?$AA@ 100209d4     ZProbe.obj
 0002:000009e4       ??_C@_0BH@JGOGGJMD@igIntermediateMembassy?$AA@ 100209e4     ZProbe.obj
 0002:000009fc       ??_C@_0BD@BFPBGFFA@igAssemblyMembassy?$AA@ 100209fc     ZProbe.obj
 0002:00000a10       ??_C@_0P@HLPINOHJ@igPartMembassy?$AA@ 10020a10     ZProbe.obj
 0002:00000a20       ??_C@_06FKOLLGDM@igNull?$AA@ 10020a20     ZProbe.obj
 0002:00000a28       ??_C@_0BA@GHDPOMKB@GFitCurve2dTYPE?$AA@ 10020a28     ZProbe.obj
 0002:00000a38       ??_C@_0BA@JJHPAFKD@GBspCurve2dTYPE?$AA@ 10020a38     ZProbe.obj
 0002:00000a48       ??_C@_0L@KMPPCHAO@GArc2dTYPE?$AA@ 10020a48     ZProbe.obj
 0002:00000a54       ??_C@_0P@LPJFGKMB@GEllipse2dTYPE?$AA@ 10020a54     ZProbe.obj
 0002:00000a64       ??_C@_0BF@LHAFECKD@GComplexString2dTYPE?$AA@ 10020a64     ZProbe.obj
 0002:00000a7c       ??_C@_0BB@GJPKKGKJ@GRectangle2dTYPE?$AA@ 10020a7c     ZProbe.obj
 0002:00000a90       ??_C@_0BC@CIJCOLFE@GLineString2dTYPE?$AA@ 10020a90     ZProbe.obj
 0002:00000aa4       ??_C@_0O@HNNCEBDC@?5?5?5?5?5m_pCurve?$AA@ 10020aa4     ZProbe.obj
 0002:00000ab4       ??_C@_0M@LGGHCHA@GLine2dTYPE?$AA@ 10020ab4     ZProbe.obj
 0002:00000ac0       ??_C@_0M@GPPKEHDG@?5?5?5?5?5m_type?$AA@ 10020ac0     ZProbe.obj
 0002:00000acc       ??_C@_0N@KDHHJFFG@GUnknownTYPE?$AA@ 10020acc     ZProbe.obj
 0002:00000adc       ??_C@_0BD@DNBLHHJG@GComplexStringTYPE?$AA@ 10020adc     ZProbe.obj
 0002:00000af0       ??_C@_0O@BGHOJFOB@GBspCurveTYPE?$AA@ 10020af0     ZProbe.obj
 0002:00000b00       ??_C@_08CJIBEHMJ@GArcTYPE?$AA@ 10020b00     ZProbe.obj
 0002:00000b0c       ??_C@_0N@EKKNEAIM@GEllipseTYPE?$AA@ 10020b0c     ZProbe.obj
 0002:00000b1c       ??_C@_0BA@HCPBKPKO@GLineStringTYPE?$AA@ 10020b1c     ZProbe.obj
 0002:00000b2c       ??_C@_09IOIFNFFB@GLineTYPE?$AA@ 10020b2c     ZProbe.obj
 0002:00000b38       ??_C@_0BB@DDFIJFMG@?5?5?5?5?5m_numCurves?$AA@ 10020b38     ZProbe.obj
 0002:00000b4c       ??_C@_09JAJDJLPJ@m_pCurves?$AA@ 10020b4c     ZProbe.obj
 0002:00000b58       ??_C@_0BA@JPLFFANF@?5?5?5?5?5m_pCurves?3?$AA@ 10020b58     ZProbe.obj
 0002:00000b68       ??_C@_0BG@FAEOFCIN@?5?5?5?5?5m_pCurves?3?5?5NULL?$AA@ 10020b68     ZProbe.obj
 0002:00000b80       ??_C@_0BF@DICKHEMB@?5?5?5?5?5m_numBoundaries?$AA@ 10020b80     ZProbe.obj
 0002:00000b98       ??_C@_0BC@BGGDDOAO@m_pComplexStrings?$AA@ 10020b98     ZProbe.obj
 0002:00000bac       ??_C@_0BH@CCBCEIJL@?5?5?5?5?5m_pComplexStrings?$AA@ 10020bac     ZProbe.obj
 0002:00000bc4       ??_C@_0BO@PMJPBHJK@?5?5?5?5?5m_pComplexStrings?3?5?5NULL?$AA@ 10020bc4     ZProbe.obj
 0002:00000be4       ??_C@_0M@IIPLNOPL@?5?5?5?5?5m_vMax?$AA@ 10020be4     ZProbe.obj
 0002:00000bf0       ??_C@_0M@MPFLKECL@?5?5?5?5?5m_uMax?$AA@ 10020bf0     ZProbe.obj
 0002:00000bfc       ??_C@_0M@JKHADKJE@?5?5?5?5?5m_vMin?$AA@ 10020bfc     ZProbe.obj
 0002:00000c08       ??_C@_0M@NNNAEAEE@?5?5?5?5?5m_uMin?$AA@ 10020c08     ZProbe.obj
 0002:00000c14       ??_C@_0P@MJFLOLHA@?5?5?5?5?5m_uvRange?$AA@ 10020c14     ZProbe.obj
 0002:00000c24       ??_C@_0BA@PAHAGONG@?5?5?5?5?5m_reverseV?$AA@ 10020c24     ZProbe.obj
 0002:00000c34       ??_C@_0BC@NKMNCANI@?5?5?5?5?5m_boundaries?$AA@ 10020c34     ZProbe.obj
 0002:00000c48       ??_C@_0BC@BNFJCKGD@?5?5?5?5?5m_uDirection?$AA@ 10020c48     ZProbe.obj
 0002:00000c5c       ??_C@_0N@MHILPNII@?5?5?5?5?5m_state?$AA@ 10020c5c     ZProbe.obj
 0002:00000c6c       ??_C@_0BC@GACFNODF@?5?5?5?5?5m_floodPoint?$AA@ 10020c6c     ZProbe.obj
 0002:00000c80       __pRawDllMain              10020c80     MSVCRT:crtdll.obj
 0002:00000c80       __pDefaultRawDllMain       10020c80     MSVCRT:crtdll.obj
 0002:00000c90       __load_config_used         10020c90     MSVCRT:loadcfg.obj
 0002:00000d10       ___safe_se_handler_table   10020d10     <linker-defined>
 0002:00000d14       ___rtc_iaa                 10020d14     MSVCRT:initsect.obj
 0002:00000d18       ___rtc_izz                 10020d18     MSVCRT:initsect.obj
 0002:00000d1c       ___rtc_taa                 10020d1c     MSVCRT:initsect.obj
 0002:00000d20       ___rtc_tzz                 10020d20     MSVCRT:initsect.obj
 0002:00000ef4       __IMPORT_DESCRIPTOR_MSVCR80 10020ef4     MSVCRT:MSVCR80.dll
 0002:00000f08       __IMPORT_DESCRIPTOR_KERNEL32 10020f08     kernel32:KERNEL32.dll
 0002:00000f1c       __NULL_IMPORT_DESCRIPTOR   10020f1c     MSVCRT:MSVCR80.dll
 0003:00000000       __newmode                  10022000     newmode.obj
 0003:00000a28       ___security_cookie         10022a28     MSVCRT:gs_cookie.obj
 0003:00000a2c       ___security_cookie_complement 10022a2c     MSVCRT:gs_cookie.obj
 0003:00000a30       ___native_dllmain_reason   10022a30     MSVCRT:natstart.obj
 0003:00000a34       ___native_vcclrit_reason   10022a34     MSVCRT:natstart.obj
 0003:00000f84       ?__type_info_root_node@@3U__type_info_node@@A 10022f84     MSVCRT:tncleanup.obj
 0003:00000f8c       __adjust_fdiv              10022f8c     <common>
 0003:00000f90       ___native_startup_state    10022f90     <common>
 0003:00000f94       ___native_startup_lock     10022f94     <common>
 0003:00000f98       ___onexitend               10022f98     <common>
 0003:00000f9c       ___onexitbegin             10022f9c     <common>
 0003:00000fa0       ___dyn_tls_init_callback   10022fa0     <common>

 entry point at        0001:0001e2eb

 Static symbols

 0001:0001dfe9       _pre_c_init                1001efe9 f   MSVCRT:crtdll.obj
 0001:0001e1d5       ___DllMainCRTStartup       1001f1d5 f   MSVCRT:crtdll.obj
 0001:0001e750       ??__EGNULL_Camera@@YAXXZ   1001f750 f   ZProbe.obj
 0001:0001e770       ??__EGNULL_CAMERA@@YAXXZ   1001f770 f   ZProbe.obj
 0001:0001e790       ??__EGID_Camera@@YAXXZ     1001f790 f   ZProbe.obj
 0001:0001e7b0       ??__EGID_CAMERA@@YAXXZ     1001f7b0 f   ZProbe.obj
