 SEData

 Timestamp is 46b39d2f (Fri Aug 03 16:25:03 2007)

 Preferred load address is 10000000

 Start         Length     Name                   Class
 0001:00000000 000063b4H .text                   CODE
 0002:00000000 00000240H .orpc                   CODE
 0003:00000000 0000014cH .idata$5                DATA
 0003:0000014c 00000004H .CRT$XCA                DATA
 0003:00000150 00000004H .CRT$XCZ                DATA
 0003:00000154 00000004H .CRT$XIA                DATA
 0003:00000158 00000010H .CRT$XIC                DATA
 0003:00000168 00000004H .CRT$XIZ                DATA
 0003:0000016c 00000004H .CRT$XPA                DATA
 0003:00000170 00000004H .CRT$XPZ                DATA
 0003:00000174 00000004H .CRT$XTA                DATA
 0003:00000178 00000004H .CRT$XTZ                DATA
 0003:00000180 00001748H .rdata                  DATA
 0003:000018c8 00000030H .rdata$debug            DATA
 0003:00001900 0000000cH .rdata$sxdata           DATA
 0003:0000190c 00000004H .rtc$IAA                DATA
 0003:00001910 00000004H .rtc$IZZ                DATA
 0003:00001914 00000004H .rtc$TAA                DATA
 0003:00001918 00000004H .rtc$TZZ                DATA
 0003:00001920 00000284H .xdata$x                DATA
 0003:00001ba4 0000003cH .idata$2                DATA
 0003:00001be0 00000014H .idata$3                DATA
 0003:00001bf4 0000014cH .idata$4                DATA
 0003:00001d40 00000628H .idata$6                DATA
 0003:00002370 00000083H .edata                  DATA
 0004:00000000 00000d10H .data                   DATA
 0004:00000d20 00000bbcH .bss                    DATA
 0005:00000000 00000058H .rsrc$01                DATA
 0005:00000060 00000370H .rsrc$02                DATA

  Address         Publics by Value              Rva+Base       Lib:Object

 0000:00000000       __except_list              00000000     <absolute>
 0000:00000003       ___safe_se_handler_count   00000003     <absolute>
 0000:00000000       ___ImageBase               10000000     <linker-defined>
 0001:00000000       _GetProxyDllInfo@8         10001000 f   ISVLicen.obj
 0001:00000030       _DllGetClassObject@12      10001030 f   ISVLicen.obj
 0001:00000070       _DllCanUnloadNow@0         10001070 f   ISVLicen.obj
 0001:00000080       _CStdStubBuffer_Release@4  10001080 f   ISVLicen.obj
 0001:00000092       _NdrCStdStubBuffer_Release@8 10001092 f   rpcrt4:RPCRT4.dll
 0001:00000098       _CStdStubBuffer_DebugServerRelease@8 10001098 f   rpcrt4:RPCRT4.dll
 0001:0000009e       _CStdStubBuffer_DebugServerQueryInterface@8 1000109e f   rpcrt4:RPCRT4.dll
 0001:000000a4       _CStdStubBuffer_CountRefs@4 100010a4 f   rpcrt4:RPCRT4.dll
 0001:000000aa       _CStdStubBuffer_IsIIDSupported@8 100010aa f   rpcrt4:RPCRT4.dll
 0001:000000b0       _CStdStubBuffer_Invoke@12  100010b0 f   rpcrt4:RPCRT4.dll
 0001:000000b6       _CStdStubBuffer_Disconnect@4 100010b6 f   rpcrt4:RPCRT4.dll
 0001:000000bc       _CStdStubBuffer_Connect@8  100010bc f   rpcrt4:RPCRT4.dll
 0001:000000c2       _CStdStubBuffer_AddRef@4   100010c2 f   rpcrt4:RPCRT4.dll
 0001:000000c8       _CStdStubBuffer_QueryInterface@12 100010c8 f   rpcrt4:RPCRT4.dll
 0001:000000ce       _IUnknown_Release_Proxy@4  100010ce f   rpcrt4:RPCRT4.dll
 0001:000000d4       _IUnknown_AddRef_Proxy@4   100010d4 f   rpcrt4:RPCRT4.dll
 0001:000000da       _IUnknown_QueryInterface_Proxy@12 100010da f   rpcrt4:RPCRT4.dll
 0001:000000e0       _NdrOleFree@4              100010e0 f   rpcrt4:RPCRT4.dll
 0001:000000e6       _NdrOleAllocate@4          100010e6 f   rpcrt4:RPCRT4.dll
 0001:000000ec       _VARIANT_UserFree@8        100010ec f   oleaut32:OLEAUT32.dll
 0001:000000f2       _VARIANT_UserUnmarshal@12  100010f2 f   oleaut32:OLEAUT32.dll
 0001:000000f8       _VARIANT_UserMarshal@12    100010f8 f   oleaut32:OLEAUT32.dll
 0001:000000fe       _VARIANT_UserSize@12       100010fe f   oleaut32:OLEAUT32.dll
 0001:00000104       _V6_HeapAlloc              10001104 f   LIBCMT:malloc.obj
 0001:00000153       _malloc                    10001153 f   LIBCMT:malloc.obj
 0001:00000216       __initp_heap_handler       10001216 f   LIBCMT:handler.obj
 0001:00000220       __callnewh                 10001220 f   LIBCMT:handler.obj
 0001:00000242       __CRT_INIT@12              10001242 f   LIBCMT:dllcrt0.obj
 0001:00000511       __DllMainCRTStartup@12     10001511 f   LIBCMT:dllcrt0.obj
 0001:00000532       __mtinitlocks              10001532 f   LIBCMT:mlock.obj
 0001:0000057b       __mtdeletelocks            1000157b f   LIBCMT:mlock.obj
 0001:000005d0       __unlock                   100015d0 f   LIBCMT:mlock.obj
 0001:000005e5       __mtinitlocknum            100015e5 f   LIBCMT:mlock.obj
 0001:000006a8       __lock                     100016a8 f   LIBCMT:mlock.obj
 0001:000006d9       ___sbh_heap_init           100016d9 f   LIBCMT:sbheap.obj
 0001:00000721       ___sbh_find_block          10001721 f   LIBCMT:sbheap.obj
 0001:0000074c       ___sbh_free_block          1000174c f   LIBCMT:sbheap.obj
 0001:00000a60       ___sbh_alloc_new_region    10001a60 f   LIBCMT:sbheap.obj
 0001:00000b10       ___sbh_alloc_new_group     10001b10 f   LIBCMT:sbheap.obj
 0001:00000c16       ___sbh_resize_block        10001c16 f   LIBCMT:sbheap.obj
 0001:00000ef5       ___sbh_alloc_block         10001ef5 f   LIBCMT:sbheap.obj
 0001:000011d8       __SEH_prolog4              100021d8 f   LIBCMT:sehprolg4.obj
 0001:0000121d       __SEH_epilog4              1000221d f   LIBCMT:sehprolg4.obj
 0001:00001240       __except_handler4          10002240 f   LIBCMT:chandler4.obj
 0001:000013d6       ___heap_select             100023d6 f   LIBCMT:heapinit.obj
 0001:00001431       __heap_init                10002431 f   LIBCMT:heapinit.obj
 0001:0000148b       __heap_term                1000248b f   LIBCMT:heapinit.obj
 0001:000014ff       __amsg_exit                100024ff f   LIBCMT:crt0dat.obj
 0001:00001523       ___crtCorExitProcess       10002523 f   LIBCMT:crt0dat.obj
 0001:00001549       ___crtExitProcess          10002549 f   LIBCMT:crt0dat.obj
 0001:0000155e       __lockexit                 1000255e f   LIBCMT:crt0dat.obj
 0001:00001567       __unlockexit               10002567 f   LIBCMT:crt0dat.obj
 0001:00001588       __initterm_e               10002588 f   LIBCMT:crt0dat.obj
 0001:000015a8       __get_osplatform           100025a8 f   LIBCMT:crt0dat.obj
 0001:000015df       __get_winmajor             100025df f   LIBCMT:crt0dat.obj
 0001:0000161b       __cinit                    1000261b f   LIBCMT:crt0dat.obj
 0001:0000177b       __exit                     1000277b f   LIBCMT:crt0dat.obj
 0001:0000178c       __cexit                    1000278c f   LIBCMT:crt0dat.obj
 0001:0000179b       __init_pointers            1000279b f   LIBCMT:crt0dat.obj
 0001:000017e7       __NMSG_WRITE               100027e7 f   LIBCMT:crt0msg.obj
 0001:00001987       __FF_MSGBANNER             10002987 f   LIBCMT:crt0msg.obj
 0001:000019c0       __get_errno_from_oserr     100029c0 f   LIBCMT:dosmap.obj
 0001:000019fb       __errno                    100029fb f   LIBCMT:dosmap.obj
 0001:00001a0e       __encode_pointer           10002a0e f   LIBCMT:tidtable.obj
 0001:00001a71       __encoded_null             10002a71 f   LIBCMT:tidtable.obj
 0001:00001a7a       __decode_pointer           10002a7a f   LIBCMT:tidtable.obj
 0001:00001add       ___crtTlsAlloc@4           10002add f   LIBCMT:tidtable.obj
 0001:00001ae6       ___set_flsgetvalue         10002ae6 f   LIBCMT:tidtable.obj
 0001:00001b10       __mtterm                   10002b10 f   LIBCMT:tidtable.obj
 0001:00001b4d       __initptd                  10002b4d f   LIBCMT:tidtable.obj
 0001:00001c01       __getptd_noexit            10002c01 f   LIBCMT:tidtable.obj
 0001:00001c84       __getptd                   10002c84 f   LIBCMT:tidtable.obj
 0001:00001c9c       __freefls@4                10002c9c f   LIBCMT:tidtable.obj
 0001:00001dbd       __freeptd                  10002dbd f   LIBCMT:tidtable.obj
 0001:00001e26       __mtinit                   10002e26 f   LIBCMT:tidtable.obj
 0001:00001faa       _free                      10002faa f   LIBCMT:free.obj
 0001:00002038       __malloc_crt               10003038 f   LIBCMT:crtheap.obj
 0001:00002078       __calloc_crt               10003078 f   LIBCMT:crtheap.obj
 0001:000020c0       __realloc_crt              100030c0 f   LIBCMT:crtheap.obj
 0001:0000210b       __ioinit                   1000310b f   LIBCMT:ioinit.obj
 0001:0000234b       __ioterm                   1000334b f   LIBCMT:ioinit.obj
 0001:00002397       __setenvp                  10003397 f   LIBCMT:stdenvp.obj
 0001:0000260a       __setargv                  1000360a f   LIBCMT:stdargv.obj
 0001:000026c3       ___crtGetEnvironmentStringsA 100036c3 f   LIBCMT:a_env.obj
 0001:000027f8       __RTC_Initialize           100037f8 f   LIBCMT:initsect.obj
 0001:0000281c       __RTC_Terminate            1000381c f   LIBCMT:initsect.obj
 0001:00002840       __initp_misc_winxfltr      10003840 f   LIBCMT:winxfltr.obj
 0001:00002841       __XcptFilter               10003841 f   LIBCMT:winxfltr.obj
 0001:000029b0       ___CppXcptFilter           100039b0 f   LIBCMT:winxfltr.obj
 0001:000029cb       _DllMain@12                100039cb f   LIBCMT:dllmain.obj
 0001:000029d1       ___security_init_cookie    100039d1 f   LIBCMT:gs_support.obj
 0001:00002a65       __initp_misc_initcrit      10003a65 f   LIBCMT:initcrit.obj
 0001:00002a7f       ___crtInitCritSecAndSpinCount 10003a7f f   LIBCMT:initcrit.obj
 0001:00002b44       __initp_misc_invarg        10003b44 f   LIBCMT:invarg.obj
 0001:00002b4e       __invoke_watson            10003b4e f   LIBCMT:invarg.obj
 0001:00002c4a       __invalid_parameter        10003c4a f   LIBCMT:invarg.obj
 0001:00002c70       _memmove                   10003c70 f   LIBCMT:memmove.obj
 0001:00002fd5       @__security_check_cookie@4 10003fd5 f   LIBCMT:secchk.obj
 0001:00002fe4       __local_unwind4            10003fe4 f   LIBCMT:exsup4.obj
 0001:000030ba       __seh_longjmp_unwind4@4    100040ba f   LIBCMT:exsup4.obj
 0001:000030d6       @_EH4_CallFilterFunc@8     100040d6 f   LIBCMT:exsup4.obj
 0001:000030ed       @_EH4_TransferToHandler@8  100040ed f   LIBCMT:exsup4.obj
 0001:00003106       @_EH4_GlobalUnwind@4       10004106 f   LIBCMT:exsup4.obj
 0001:00003120       @_EH4_LocalUnwind@16       10004120 f   LIBCMT:exsup4.obj
 0001:00003140       __ValidateImageBase        10004140 f   LIBCMT:pesect.obj
 0001:00003170       __FindPESection            10004170 f   LIBCMT:pesect.obj
 0001:000031b2       __IsNonwritableInCurrentImage 100041b2 f   LIBCMT:pesect.obj
 0001:000032cb       ___onexitinit              100042cb f   LIBCMT:onexit.obj
 0001:000032fa       __onexit                   100042fa f   LIBCMT:onexit.obj
 0001:00003336       _atexit                    10004336 f   LIBCMT:onexit.obj
 0001:00003348       __initp_misc_cfltcvt_tab   10004348 f   LIBCMT:cmiscdat.obj
 0001:00003367       ?terminate@@YAXXZ          10004367 f   LIBCMT:hooks.obj
 0001:000033a0       __initp_eh_hooks           100043a0 f   LIBCMT:hooks.obj
 0001:000033b1       __initp_misc_winsig        100043b1 f   LIBCMT:winsig.obj
 0001:000033fe       ___get_sigabrt             100043fe f   LIBCMT:winsig.obj
 0001:0000340b       _raise                     1000440b f   LIBCMT:winsig.obj
 0001:000035bb       __initp_misc_rand_s        100045bb f   LIBCMT:rand_s.obj
 0001:000035c5       __initp_misc_purevirt      100045c5 f   LIBCMT:inithelp.obj
 0001:000035cf       ___crtMessageBoxA          100045cf f   LIBCMT:crtmbox.obj
 0001:0000376d       _strcat_s                  1000476d f   LIBCMT:strcat_s.obj
 0001:000037de       _strncpy_s                 100047de f   LIBCMT:strncpy_s.obj
 0001:000038a0       _strlen                    100048a0 f   LIBCMT:strlen.obj
 0001:0000392b       _strcpy_s                  1000492b f   LIBCMT:strcpy_s.obj
 0001:00003990       __set_error_mode           10004990 f   LIBCMT:errmode.obj
 0001:000039d6       ___freetlocinfo            100049d6 f   LIBCMT:setlocal.obj
 0001:00003b16       ___addlocaleref            10004b16 f   LIBCMT:setlocal.obj
 0001:00003b9c       ___removelocaleref         10004b9c f   LIBCMT:setlocal.obj
 0001:00003c66       ___updatetlocinfo          10004c66 f   LIBCMT:setlocal.obj
 0001:00003eea       ___updatetmbcinfo          10004eea f   LIBCMT:mbctype.obj
 0001:00003f8e       ??0_LocaleUpdate@@QAE@PAUlocaleinfo_struct@@@Z 10004f8e f i LIBCMT:mbctype.obj
 0001:0000408a       __setmbcp_nolock           1000508a f   LIBCMT:mbctype.obj
 0001:00004235       __setmbcp                  10005235 f   LIBCMT:mbctype.obj
 0001:000043cf       ___initmbctable            100053cf f   LIBCMT:mbctype.obj
 0001:000043ed       __calloc_impl              100053ed f   LIBCMT:calloc.obj
 0001:0000450b       _realloc                   1000550b f   LIBCMT:realloc.obj
 0001:00004777       __ismbblead                10005777 f   LIBCMT:ismbbyte.obj
 0001:00004790       _memcpy                    10005790 f   LIBCMT:memcpy.obj
 0001:00004af5       __crt_debugger_hook        10005af5 f   LIBCMT:dbghook.obj
 0001:00004b00       _memset                    10005b00 f   LIBCMT:memset.obj
 0001:00004c01       __VEC_memcpy               10005c01 f   LIBCMT:p4_memcpy.obj
 0001:00004ce4       __sse2_mathfcns_init       10005ce4 f   LIBCMT:mathfcns.obj
 0001:00004cf8       ___report_gsfailure        10005cf8 f   LIBCMT:gs_report.obj
 0001:00004dfc       __global_unwind2           10005dfc f   LIBCMT:exsup.obj
 0001:00004e61       __local_unwind2            10005e61 f   LIBCMT:exsup.obj
 0001:00004ee5       __abnormal_termination     10005ee5 f   LIBCMT:exsup.obj
 0001:00004f08       __NLG_Notify1              10005f08 f   LIBCMT:exsup.obj
 0001:00004f11       __NLG_Notify               10005f11 f   LIBCMT:exsup.obj
 0001:00004f28       __NLG_Dispatch2            10005f28     LIBCMT:exsup.obj
 0001:00004f28       __NLG_Dispatch             10005f28     LIBCMT:exsup.obj
 0001:00004f30       __NLG_Call                 10005f30 f   LIBCMT:exsup.obj
 0001:00004f32       __NLG_Return2              10005f32     LIBCMT:exsup.obj
 0001:00004f33       __msize                    10005f33 f   LIBCMT:msize.obj
 0001:00004fd6       __fptrap                   10005fd6 f   LIBCMT:crt0fp.obj
 0001:00004fdf       _abort                     10005fdf f   LIBCMT:abort.obj
 0001:000050d2       __freea                    100060d2 f i LIBCMT:w_loc.obj
 0001:000050ed       ___free_lc_time            100060ed f   LIBCMT:inittime.obj
 0001:0000527d       ___free_lconv_num          1000627d f   LIBCMT:initnum.obj
 0001:000052bd       ___free_lconv_mon          100062bd f   LIBCMT:initmon.obj
 0001:00005350       _strcspn                   10006350 f   LIBCMT:strcspn.obj
 0001:000053a0       _strcmp                    100063a0 f   LIBCMT:strcmp.obj
 0001:000055e0       ___crtGetStringTypeA       100065e0 f   LIBCMT:a_str.obj
 0001:00005620       _strpbrk                   10006620 f   LIBCMT:strpbrk.obj
 0001:00005a02       ___crtLCMapStringA         10006a02 f   LIBCMT:a_map.obj
 0001:00005a9c       __VEC_memzero              10006a9c f   LIBCMT:p4_memset.obj
 0001:00005b7b       __get_sse2_info            10006b7b f   LIBCMT:cpu_disp.obj
 0001:00005bdb       ___sse2_available_init     10006bdb f   LIBCMT:cpu_disp.obj
 0001:00005be8       __isctype_l                10006be8 f   LIBCMT:isctype.obj
 0001:00005ca0       __alloca_probe_16          10006ca0 f   LIBCMT:alloca16.obj
 0001:00005cb6       __alloca_probe_8           10006cb6     LIBCMT:alloca16.obj
 0001:00005ccc       __isleadbyte_l             10006ccc f i LIBCMT:_wctype.obj
 0001:00005d02       _atol                      10006d02 f   LIBCMT:atox.obj
 0001:00005d13       ___ansicp                  10006d13 f   LIBCMT:convrtcp.obj
 0001:00005d5a       ___convertcp               10006d5a f   LIBCMT:convrtcp.obj
 0001:00005f10       __alloca_probe             10006f10     LIBCMT:chkstk.obj
 0001:00005f10       __chkstk                   10006f10 f   LIBCMT:chkstk.obj
 0001:00006166       _strtol                    10007166 f   LIBCMT:strtol.obj
 0001:00006190       ___ascii_strnicmp          10007190 f   LIBCMT:_strnicm.obj
 0001:00006200       __aulldvrm                 10007200 f   LIBCMT:ulldvrm.obj
 0001:000062a0       __allmul                   100072a0 f   LIBCMT:llmul.obj
 0001:000062f0       _strchr                    100072f0 f   LIBCMT:strchr.obj
 0001:000062f6       ___from_strstr_to_strchr   100072f6     LIBCMT:strchr.obj
 0001:000063ae       _RtlUnwind@16              100073ae f   kernel32:KERNEL32.dll
 0002:00000000       __ISVLicen_IID_Lookup@8    10008000 f   ISVLicen_p.obj
 0003:00000000       __imp__SetLastError@4      10009000     kernel32:KERNEL32.dll
 0003:00000004       __imp__LCMapStringW@24     10009004     kernel32:KERNEL32.dll
 0003:00000008       __imp__LCMapStringA@24     10009008     kernel32:KERNEL32.dll
 0003:0000000c       __imp__GetStringTypeW@16   1000900c     kernel32:KERNEL32.dll
 0003:00000010       __imp__GetStringTypeA@20   10009010     kernel32:KERNEL32.dll
 0003:00000014       __imp__GetLocaleInfoA@16   10009014     kernel32:KERNEL32.dll
 0003:00000018       __imp__MultiByteToWideChar@24 10009018     kernel32:KERNEL32.dll
 0003:0000001c       __imp__HeapSize@12         1000901c     kernel32:KERNEL32.dll
 0003:00000020       __imp__GetOEMCP@0          10009020     kernel32:KERNEL32.dll
 0003:00000024       __imp__GetACP@0            10009024     kernel32:KERNEL32.dll
 0003:00000028       __imp__GetCPInfo@8         10009028     kernel32:KERNEL32.dll
 0003:0000002c       __imp__LoadLibraryA@4      1000902c     kernel32:KERNEL32.dll
 0003:00000030       __imp__HeapAlloc@12        10009030     kernel32:KERNEL32.dll
 0003:00000034       __imp__GetCurrentThreadId@0 10009034     kernel32:KERNEL32.dll
 0003:00000038       __imp__GetCommandLineA@0   10009038     kernel32:KERNEL32.dll
 0003:0000003c       __imp__HeapFree@12         1000903c     kernel32:KERNEL32.dll
 0003:00000040       __imp__GetVersionExA@4     10009040     kernel32:KERNEL32.dll
 0003:00000044       __imp__GetProcessHeap@0    10009044     kernel32:KERNEL32.dll
 0003:00000048       __imp__DeleteCriticalSection@4 10009048     kernel32:KERNEL32.dll
 0003:0000004c       __imp__LeaveCriticalSection@4 1000904c     kernel32:KERNEL32.dll
 0003:00000050       __imp__EnterCriticalSection@4 10009050     kernel32:KERNEL32.dll
 0003:00000054       __imp__VirtualFree@12      10009054     kernel32:KERNEL32.dll
 0003:00000058       __imp__VirtualAlloc@16     10009058     kernel32:KERNEL32.dll
 0003:0000005c       __imp__HeapReAlloc@16      1000905c     kernel32:KERNEL32.dll
 0003:00000060       __imp__HeapDestroy@4       10009060     kernel32:KERNEL32.dll
 0003:00000064       __imp__HeapCreate@12       10009064     kernel32:KERNEL32.dll
 0003:00000068       __imp__GetProcAddress@8    10009068     kernel32:KERNEL32.dll
 0003:0000006c       __imp__GetModuleHandleA@4  1000906c     kernel32:KERNEL32.dll
 0003:00000070       __imp__ExitProcess@4       10009070     kernel32:KERNEL32.dll
 0003:00000074       __imp__WriteFile@20        10009074     kernel32:KERNEL32.dll
 0003:00000078       __imp__GetStdHandle@4      10009078     kernel32:KERNEL32.dll
 0003:0000007c       __imp__GetModuleFileNameA@12 1000907c     kernel32:KERNEL32.dll
 0003:00000080       __imp__TlsGetValue@4       10009080     kernel32:KERNEL32.dll
 0003:00000084       __imp__TlsAlloc@0          10009084     kernel32:KERNEL32.dll
 0003:00000088       __imp__TlsSetValue@8       10009088     kernel32:KERNEL32.dll
 0003:0000008c       __imp__TlsFree@4           1000908c     kernel32:KERNEL32.dll
 0003:00000090       __imp__InterlockedIncrement@4 10009090     kernel32:KERNEL32.dll
 0003:00000094       __imp__GetLastError@0      10009094     kernel32:KERNEL32.dll
 0003:00000098       __imp__InterlockedDecrement@4 10009098     kernel32:KERNEL32.dll
 0003:0000009c       __imp__Sleep@4             1000909c     kernel32:KERNEL32.dll
 0003:000000a0       __imp__SetHandleCount@4    100090a0     kernel32:KERNEL32.dll
 0003:000000a4       __imp__GetFileType@4       100090a4     kernel32:KERNEL32.dll
 0003:000000a8       __imp__GetStartupInfoA@4   100090a8     kernel32:KERNEL32.dll
 0003:000000ac       __imp__FreeEnvironmentStringsA@4 100090ac     kernel32:KERNEL32.dll
 0003:000000b0       __imp__GetEnvironmentStrings@0 100090b0     kernel32:KERNEL32.dll
 0003:000000b4       __imp__FreeEnvironmentStringsW@4 100090b4     kernel32:KERNEL32.dll
 0003:000000b8       __imp__WideCharToMultiByte@32 100090b8     kernel32:KERNEL32.dll
 0003:000000bc       __imp__GetEnvironmentStringsW@0 100090bc     kernel32:KERNEL32.dll
 0003:000000c0       __imp__UnhandledExceptionFilter@4 100090c0     kernel32:KERNEL32.dll
 0003:000000c4       __imp__QueryPerformanceCounter@4 100090c4     kernel32:KERNEL32.dll
 0003:000000c8       __imp__GetTickCount@0      100090c8     kernel32:KERNEL32.dll
 0003:000000cc       __imp__GetCurrentProcessId@0 100090cc     kernel32:KERNEL32.dll
 0003:000000d0       __imp__GetSystemTimeAsFileTime@4 100090d0     kernel32:KERNEL32.dll
 0003:000000d4       __imp__InitializeCriticalSection@4 100090d4     kernel32:KERNEL32.dll
 0003:000000d8       __imp__TerminateProcess@8  100090d8     kernel32:KERNEL32.dll
 0003:000000dc       __imp__GetCurrentProcess@0 100090dc     kernel32:KERNEL32.dll
 0003:000000e0       __imp__SetUnhandledExceptionFilter@4 100090e0     kernel32:KERNEL32.dll
 0003:000000e4       __imp__IsDebuggerPresent@0 100090e4     kernel32:KERNEL32.dll
 0003:000000e8       __imp__RtlUnwind@16        100090e8     kernel32:KERNEL32.dll
 0003:000000ec       \177KERNEL32_NULL_THUNK_DATA 100090ec     kernel32:KERNEL32.dll
 0003:000000f0       __imp__VARIANT_UserSize@12 100090f0     oleaut32:OLEAUT32.dll
 0003:000000f4       __imp__VARIANT_UserMarshal@12 100090f4     oleaut32:OLEAUT32.dll
 0003:000000f8       __imp__VARIANT_UserUnmarshal@12 100090f8     oleaut32:OLEAUT32.dll
 0003:000000fc       __imp__VARIANT_UserFree@8  100090fc     oleaut32:OLEAUT32.dll
 0003:00000100       \177OLEAUT32_NULL_THUNK_DATA 10009100     oleaut32:OLEAUT32.dll
 0003:00000104       __imp__NdrOleAllocate@4    10009104     rpcrt4:RPCRT4.dll
 0003:00000108       __imp__NdrOleFree@4        10009108     rpcrt4:RPCRT4.dll
 0003:0000010c       __imp__IUnknown_QueryInterface_Proxy@12 1000910c     rpcrt4:RPCRT4.dll
 0003:00000110       __imp__IUnknown_AddRef_Proxy@4 10009110     rpcrt4:RPCRT4.dll
 0003:00000114       __imp__IUnknown_Release_Proxy@4 10009114     rpcrt4:RPCRT4.dll
 0003:00000118       __imp__CStdStubBuffer_QueryInterface@12 10009118     rpcrt4:RPCRT4.dll
 0003:0000011c       __imp__CStdStubBuffer_AddRef@4 1000911c     rpcrt4:RPCRT4.dll
 0003:00000120       __imp__CStdStubBuffer_Connect@8 10009120     rpcrt4:RPCRT4.dll
 0003:00000124       __imp__CStdStubBuffer_Disconnect@4 10009124     rpcrt4:RPCRT4.dll
 0003:00000128       __imp__CStdStubBuffer_Invoke@12 10009128     rpcrt4:RPCRT4.dll
 0003:0000012c       __imp__CStdStubBuffer_IsIIDSupported@8 1000912c     rpcrt4:RPCRT4.dll
 0003:00000130       __imp__CStdStubBuffer_CountRefs@4 10009130     rpcrt4:RPCRT4.dll
 0003:00000134       __imp__CStdStubBuffer_DebugServerQueryInterface@8 10009134     rpcrt4:RPCRT4.dll
 0003:00000138       __imp__CStdStubBuffer_DebugServerRelease@8 10009138     rpcrt4:RPCRT4.dll
 0003:0000013c       __imp__NdrCStdStubBuffer_Release@8 1000913c     rpcrt4:RPCRT4.dll
 0003:00000140       __imp__NdrDllCanUnloadNow@4 10009140     rpcrt4:RPCRT4.dll
 0003:00000144       __imp__NdrDllGetClassObject@24 10009144     rpcrt4:RPCRT4.dll
 0003:00000148       \177RPCRT4_NULL_THUNK_DATA 10009148     rpcrt4:RPCRT4.dll
 0003:0000014c       ___xc_a                    1000914c     LIBCMT:crt0init.obj
 0003:00000150       ___xc_z                    10009150     LIBCMT:crt0init.obj
 0003:00000154       ___xi_a                    10009154     LIBCMT:crt0init.obj
 0003:00000168       ___xi_z                    10009168     LIBCMT:crt0init.obj
 0003:0000016c       ___xp_a                    1000916c     LIBCMT:crt0init.obj
 0003:00000170       ___xp_z                    10009170     LIBCMT:crt0init.obj
 0003:00000174       ___xt_a                    10009174     LIBCMT:crt0init.obj
 0003:00000178       ___xt_z                    10009178     LIBCMT:crt0init.obj
 0003:0000019c       _IID_ISEData               1000919c     ISVLicen_i.obj
 0003:000001ac       _IID_ISEAddInPreConnect    100091ac     ISVLicen_i.obj
 0003:000001bc       _LIBID_SolidEdgeData       100091bc     ISVLicen_i.obj
 0003:000001cc       ??_C@_07OAFAGFCA@ISEData?$AA@ 100091cc     ISVLicen_p.obj
 0003:000001d4       ??_C@_0BD@BIHOIAFP@ISEAddInPreConnect?$AA@ 100091d4     ISVLicen_p.obj
 0003:000006c0       __ISEDataStubVtbl          100096c0     ISVLicen_p.obj
 0003:00000734       __ISEAddInPreConnectStubVtbl 10009734     ISVLicen_p.obj
 0003:0000076c       __ISVLicen_InterfaceNamesList 1000976c     ISVLicen_p.obj
 0003:00000778       _ISVLicen_ProxyFileInfo    10009778     ISVLicen_p.obj
 0003:000007a0       __pDefaultRawDllMain       100097a0     LIBCMT:dllcrt0.obj
 0003:000007a0       __pRawDllMain              100097a0     LIBCMT:dllcrt0.obj
 0003:000007a4       ??_C@_0P@MIGLKIOC@CorExitProcess?$AA@ 100097a4     LIBCMT:crt0dat.obj
 0003:000007b4       ??_C@_0M@MBOPBNBK@mscoree?4dll?$AA@ 100097b4     LIBCMT:crt0dat.obj
 0003:000007c0       ??_C@_0P@GGKDKEEG@runtime?5error?5?$AA@ 100097c0     LIBCMT:crt0msg.obj
 0003:000007d0       ??_C@_02PCIJFNDE@?$AN?6?$AA@ 100097d0     LIBCMT:crt0msg.obj
 0003:000007d4       ??_C@_0O@MJNIPGOH@TLOSS?5error?$AN?6?$AA@ 100097d4     LIBCMT:crt0msg.obj
 0003:000007e4       ??_C@_0N@BONNPDHF@SING?5error?$AN?6?$AA@ 100097e4     LIBCMT:crt0msg.obj
 0003:000007f4       ??_C@_0P@MBDAJNE@DOMAIN?5error?$AN?6?$AA@ 100097f4     LIBCMT:crt0msg.obj
 0003:00000808       ??_C@_0JL@DFDOOABL@R6034?$AN?6An?5application?5has?5made?5a@ 10009808     LIBCMT:crt0msg.obj
 0003:000008a8       ??_C@_0PH@EPAFIJ@R6033?$AN?6?9?5Attempt?5to?5use?5MSIL?5cod@ 100098a8     LIBCMT:crt0msg.obj
 0003:000009a0       ??_C@_0DD@BKEEABMM@R6032?$AN?6?9?5not?5enough?5space?5for?5lo@ 100099a0     LIBCMT:crt0msg.obj
 0003:000009d8       ??_C@_0GD@OFKILIED@R6031?$AN?6?9?5Attempt?5to?5initialize?5t@ 100099d8     LIBCMT:crt0msg.obj
 0003:00000a3c       ??_C@_0BP@LPMHJOKI@R6030?$AN?6?9?5CRT?5not?5initialized?$AN?6?$AA@ 10009a3c     LIBCMT:crt0msg.obj
 0003:00000a5c       ??_C@_0CF@KJDAIALP@R6028?$AN?6?9?5unable?5to?5initialize?5he@ 10009a5c     LIBCMT:crt0msg.obj
 0003:00000a84       ??_C@_0DF@GAKBPDFP@R6027?$AN?6?9?5not?5enough?5space?5for?5lo@ 10009a84     LIBCMT:crt0msg.obj
 0003:00000abc       ??_C@_0DF@IBLNNAIG@R6026?$AN?6?9?5not?5enough?5space?5for?5st@ 10009abc     LIBCMT:crt0msg.obj
 0003:00000af4       ??_C@_0CG@IOHKGFNJ@R6025?$AN?6?9?5pure?5virtual?5function?5c@ 10009af4     LIBCMT:crt0msg.obj
 0003:00000b1c       ??_C@_0DF@JIJJFJDC@R6024?$AN?6?9?5not?5enough?5space?5for?5_o@ 10009b1c     LIBCMT:crt0msg.obj
 0003:00000b54       ??_C@_0CJ@EGEJHFME@R6019?$AN?6?9?5unable?5to?5open?5console?5@ 10009b54     LIBCMT:crt0msg.obj
 0003:00000b80       ??_C@_0CB@GNHNIELH@R6018?$AN?6?9?5unexpected?5heap?5error?$AN?6@ 10009b80     LIBCMT:crt0msg.obj
 0003:00000ba4       ??_C@_0CN@FOLDKNG@R6017?$AN?6?9?5unexpected?5multithread?5@ 10009ba4     LIBCMT:crt0msg.obj
 0003:00000bd4       ??_C@_0CM@FAHFJNHO@R6016?$AN?6?9?5not?5enough?5space?5for?5th@ 10009bd4     LIBCMT:crt0msg.obj
 0003:00000c00       ??_C@_0JG@LBKMGKLD@?$AN?6This?5application?5has?5requested@ 10009c00     LIBCMT:crt0msg.obj
 0003:00000c98       ??_C@_0CM@FLCNIPKK@R6009?$AN?6?9?5not?5enough?5space?5for?5en@ 10009c98     LIBCMT:crt0msg.obj
 0003:00000cc4       ??_C@_0CK@KMMJOAPP@R6008?$AN?6?9?5not?5enough?5space?5for?5ar@ 10009cc4     LIBCMT:crt0msg.obj
 0003:00000cf0       ??_C@_0CF@HOHMHDEK@R6002?$AN?6?9?5floating?5point?5not?5load@ 10009cf0     LIBCMT:crt0msg.obj
 0003:00000d18       ??_C@_0CF@GOGNBNAK@Microsoft?5Visual?5C?$CL?$CL?5Runtime?5Lib@ 10009d18     LIBCMT:crt0msg.obj
 0003:00000d40       ??_C@_02PHMGELLB@?6?6?$AA@ 10009d40     LIBCMT:crt0msg.obj
 0003:00000d44       ??_C@_03KHICJKCI@?4?4?4?$AA@ 10009d44     LIBCMT:crt0msg.obj
 0003:00000d48       ??_C@_0BH@DNAGHKFM@?$DMprogram?5name?5unknown?$DO?$AA@ 10009d48     LIBCMT:crt0msg.obj
 0003:00000d60       ??_C@_0BK@OFGJDLJJ@Runtime?5Error?$CB?6?6Program?3?5?$AA@ 10009d60     LIBCMT:crt0msg.obj
 0003:00000d7c       ??_C@_0O@NLDKAIKN@EncodePointer?$AA@ 10009d7c     LIBCMT:tidtable.obj
 0003:00000d8c       ??_C@_0N@NHGLKGEC@KERNEL32?4DLL?$AA@ 10009d8c     LIBCMT:tidtable.obj
 0003:00000d9c       ??_C@_0O@KBPMFGHI@DecodePointer?$AA@ 10009d9c     LIBCMT:tidtable.obj
 0003:00000dac       ??_C@_07PEJMOBNF@FlsFree?$AA@ 10009dac     LIBCMT:tidtable.obj
 0003:00000db4       ??_C@_0M@JCPCPOEF@FlsSetValue?$AA@ 10009db4     LIBCMT:tidtable.obj
 0003:00000dc0       ??_C@_0M@GDNOONDI@FlsGetValue?$AA@ 10009dc0     LIBCMT:tidtable.obj
 0003:00000dcc       ??_C@_08KNHFBNJ@FlsAlloc?$AA@ 10009dcc     LIBCMT:tidtable.obj
 0003:00000dd8       ??_C@_0CG@PKBDLMEO@InitializeCriticalSectionAndSpin@ 10009dd8     LIBCMT:initcrit.obj
 0003:00000e00       ??_C@_0N@MDJJJHMB@kernel32?4dll?$AA@ 10009e00     LIBCMT:initcrit.obj
 0003:00000e10       ??_C@_0BI@DFKBFLJE@GetProcessWindowStation?$AA@ 10009e10     LIBCMT:crtmbox.obj
 0003:00000e28       ??_C@_0BK@CIDNPOGP@GetUserObjectInformationA?$AA@ 10009e28     LIBCMT:crtmbox.obj
 0003:00000e44       ??_C@_0BD@HHGDFDBJ@GetLastActivePopup?$AA@ 10009e44     LIBCMT:crtmbox.obj
 0003:00000e58       ??_C@_0BA@HNOPNCHB@GetActiveWindow?$AA@ 10009e58     LIBCMT:crtmbox.obj
 0003:00000e68       ??_C@_0M@CHKKJDAI@MessageBoxA?$AA@ 10009e68     LIBCMT:crtmbox.obj
 0003:00000e74       ??_C@_0L@NDEGIDAG@USER32?4DLL?$AA@ 10009e74     LIBCMT:crtmbox.obj
 0003:00000f08       ___newctype                10009f08     LIBCMT:ctype.obj
 0003:00001208       __wctype                   1000a208     LIBCMT:ctype.obj
 0003:00001410       ___newclmap                1000a410     LIBCMT:ctype.obj
 0003:00001590       ___newcumap                1000a590     LIBCMT:ctype.obj
 0003:00001710       ??_C@_08JCCMCCIL@HH?3mm?3ss?$AA@ 1000a710     LIBCMT:strftime.obj
 0003:0000171c       ??_C@_0BE@CKGJFCPC@dddd?0?5MMMM?5dd?0?5yyyy?$AA@ 1000a71c     LIBCMT:strftime.obj
 0003:00001730       ??_C@_08BPBNCDIB@MM?1dd?1yy?$AA@ 1000a730     LIBCMT:strftime.obj
 0003:0000173c       ??_C@_02CJNFDJBF@PM?$AA@   1000a73c     LIBCMT:strftime.obj
 0003:00001740       ??_C@_02DEDBPAFC@AM?$AA@   1000a740     LIBCMT:strftime.obj
 0003:00001744       ??_C@_08EDHMEBNP@December?$AA@ 1000a744     LIBCMT:strftime.obj
 0003:00001750       ??_C@_08HCHEGEOA@November?$AA@ 1000a750     LIBCMT:strftime.obj
 0003:0000175c       ??_C@_07JJNFCEND@October?$AA@ 1000a75c     LIBCMT:strftime.obj
 0003:00001764       ??_C@_09BHHEALKD@September?$AA@ 1000a764     LIBCMT:strftime.obj
 0003:00001770       ??_C@_06LBBHFDDG@August?$AA@ 1000a770     LIBCMT:strftime.obj
 0003:00001778       ??_C@_04MIEPOIFP@July?$AA@ 1000a778     LIBCMT:strftime.obj
 0003:00001780       ??_C@_04CNLMGBGM@June?$AA@ 1000a780     LIBCMT:strftime.obj
 0003:00001788       ??_C@_05DMJDNLEJ@April?$AA@ 1000a788     LIBCMT:strftime.obj
 0003:00001790       ??_C@_05HPCKOFNC@March?$AA@ 1000a790     LIBCMT:strftime.obj
 0003:00001798       ??_C@_08GNJGEPFN@February?$AA@ 1000a798     LIBCMT:strftime.obj
 0003:000017a4       ??_C@_07CGJPFGJA@January?$AA@ 1000a7a4     LIBCMT:strftime.obj
 0003:000017ac       ??_C@_03MKABNOCG@Dec?$AA@  1000a7ac     LIBCMT:strftime.obj
 0003:000017b0       ??_C@_03JPJOFNIA@Nov?$AA@  1000a7b0     LIBCMT:strftime.obj
 0003:000017b4       ??_C@_03BMAOKBAD@Oct?$AA@  1000a7b4     LIBCMT:strftime.obj
 0003:000017b8       ??_C@_03GGCAPAJC@Sep?$AA@  1000a7b8     LIBCMT:strftime.obj
 0003:000017bc       ??_C@_03IFJFEIGA@Aug?$AA@  1000a7bc     LIBCMT:strftime.obj
 0003:000017c0       ??_C@_03LBGABGKK@Jul?$AA@  1000a7c0     LIBCMT:strftime.obj
 0003:000017c4       ??_C@_03IDFGHECI@Jun?$AA@  1000a7c4     LIBCMT:strftime.obj
 0003:000017c8       ??_C@_03CNMDKL@May?$AA@    1000a7c8     LIBCMT:strftime.obj
 0003:000017cc       ??_C@_03LEOLGMJP@Apr?$AA@  1000a7cc     LIBCMT:strftime.obj
 0003:000017d0       ??_C@_03ODNJBKGA@Mar?$AA@  1000a7d0     LIBCMT:strftime.obj
 0003:000017d4       ??_C@_03HJBDCHOM@Feb?$AA@  1000a7d4     LIBCMT:strftime.obj
 0003:000017d8       ??_C@_03JIHJHPIE@Jan?$AA@  1000a7d8     LIBCMT:strftime.obj
 0003:000017dc       ??_C@_08INBOOONO@Saturday?$AA@ 1000a7dc     LIBCMT:strftime.obj
 0003:000017e8       ??_C@_06JECMNKMI@Friday?$AA@ 1000a7e8     LIBCMT:strftime.obj
 0003:000017f0       ??_C@_08HACCIKIA@Thursday?$AA@ 1000a7f0     LIBCMT:strftime.obj
 0003:000017fc       ??_C@_09DLIGFAKA@Wednesday?$AA@ 1000a7fc     LIBCMT:strftime.obj
 0003:00001808       ??_C@_07BAAGCFCM@Tuesday?$AA@ 1000a808     LIBCMT:strftime.obj
 0003:00001810       ??_C@_06JLEDEDGH@Monday?$AA@ 1000a810     LIBCMT:strftime.obj
 0003:00001818       ??_C@_06OOPIFAJ@Sunday?$AA@ 1000a818     LIBCMT:strftime.obj
 0003:00001820       ??_C@_03FEFJNEK@Sat?$AA@   1000a820     LIBCMT:strftime.obj
 0003:00001824       ??_C@_03IDIOELNC@Fri?$AA@  1000a824     LIBCMT:strftime.obj
 0003:00001828       ??_C@_03IOFIKPDN@Thu?$AA@  1000a828     LIBCMT:strftime.obj
 0003:0000182c       ??_C@_03MHOMLAJA@Wed?$AA@  1000a82c     LIBCMT:strftime.obj
 0003:00001830       ??_C@_03NAGEINEP@Tue?$AA@  1000a830     LIBCMT:strftime.obj
 0003:00001834       ??_C@_03PDAGKDH@Mon?$AA@   1000a834     LIBCMT:strftime.obj
 0003:00001838       ??_C@_03KOEHGMDN@Sun?$AA@  1000a838     LIBCMT:strftime.obj
 0003:0000183c       ??_C@_13NOLLCAOD@?$AA?$AA?$AA?$AA@ 1000a83c     LIBCMT:a_str.obj
 0003:00001840       ___dnames                  1000a840     LIBCMT:timeset.obj
 0003:00001858       ___mnames                  1000a858     LIBCMT:timeset.obj
 0003:00001880       __load_config_used         1000a880     LIBCMT:loadcfg.obj
 0003:00001900       ___safe_se_handler_table   1000a900     <linker-defined>
 0003:0000190c       ___rtc_iaa                 1000a90c     LIBCMT:initsect.obj
 0003:00001910       ___rtc_izz                 1000a910     LIBCMT:initsect.obj
 0003:00001914       ___rtc_taa                 1000a914     LIBCMT:initsect.obj
 0003:00001918       ___rtc_tzz                 1000a918     LIBCMT:initsect.obj
 0003:00001ba4       __IMPORT_DESCRIPTOR_RPCRT4 1000aba4     rpcrt4:RPCRT4.dll
 0003:00001bb8       __IMPORT_DESCRIPTOR_OLEAUT32 1000abb8     oleaut32:OLEAUT32.dll
 0003:00001bcc       __IMPORT_DESCRIPTOR_KERNEL32 1000abcc     kernel32:KERNEL32.dll
 0003:00001be0       __NULL_IMPORT_DESCRIPTOR   1000abe0     rpcrt4:RPCRT4.dll
 0004:00000000       __newmode                  1000c000     newmode.obj
 0004:00000004       _aProxyFileList            1000c004     ISVLicen.obj
 0004:00000020       __ISEDataProxyVtbl         1000c020     ISVLicen_p.obj
 0004:00000038       __ISEAddInPreConnectProxyVtbl 1000c038     ISVLicen_p.obj
 0004:00000050       __ISVLicen_ProxyVtblList   1000c050     ISVLicen_p.obj
 0004:0000005c       __ISVLicen_StubVtblList    1000c05c     ISVLicen_p.obj
 0004:00000188       __amblksiz                 1000c188     LIBCMT:heapinit.obj
 0004:0000018c       __aexit_rtn                1000c18c     LIBCMT:crt0dat.obj
 0004:000003b8       ___flsindex                1000c3b8     LIBCMT:tidtable.obj
 0004:000003bc       ___getvalueindex           1000c3bc     LIBCMT:tidtable.obj
 0004:000003c0       ___badioinfo               1000c3c0     LIBCMT:ioinit.obj
 0004:000003e8       __XcptActTab               1000c3e8     LIBCMT:winxfltr.obj
 0004:00000460       __First_FPE_Indx           1000c460     LIBCMT:winxfltr.obj
 0004:00000464       __Num_FPE                  1000c464     LIBCMT:winxfltr.obj
 0004:00000468       __XcptActTabSize           1000c468     LIBCMT:winxfltr.obj
 0004:0000046c       __XcptActTabCount          1000c46c     LIBCMT:winxfltr.obj
 0004:00000470       ___security_cookie         1000c470     LIBCMT:gs_cookie.obj
 0004:00000474       ___security_cookie_complement 1000c474     LIBCMT:gs_cookie.obj
 0004:00000478       __cfltcvt_tab              1000c478     LIBCMT:cmiscdat.obj
 0004:000004a8       ___clocalestr              1000c4a8     LIBCMT:nlsdata2.obj
 0004:000004b0       ___initiallocinfo          1000c4b0     LIBCMT:nlsdata2.obj
 0004:00000588       ___ptlocinfo               1000c588     LIBCMT:nlsdata2.obj
 0004:0000058c       ___lc_clike                1000c58c     LIBCMT:nlsdata2.obj
 0004:00000590       ___initiallocalestructinfo 1000c590     LIBCMT:nlsdata2.obj
 0004:00000598       ___initialmbcinfo          1000c598     LIBCMT:mbctype.obj
 0004:000007b8       __mbctype                  1000c7b8     LIBCMT:mbctype.obj
 0004:000008c0       __mbcasemap                1000c8c0     LIBCMT:mbctype.obj
 0004:000009c0       ___ptmbcinfo               1000c9c0     LIBCMT:mbctype.obj
 0004:00000ac0       __NLG_Destination          1000cac0     LIBCMT:exsup.obj
 0004:00000ad0       ___abort_behavior          1000cad0     LIBCMT:abort.obj
 0004:00000ad4       __pctype                   1000cad4     LIBCMT:ctype.obj
 0004:00000ad8       __pwctype                  1000cad8     LIBCMT:ctype.obj
 0004:00000ae0       ___lc_time_c               1000cae0     LIBCMT:strftime.obj
 0004:00000b98       ___lc_time_curr            1000cb98     LIBCMT:strftime.obj
 0004:00000b9c       ___lconv_static_decimal    1000cb9c     LIBCMT:lconv.obj
 0004:00000ba0       ___lconv_c                 1000cba0     LIBCMT:lconv.obj
 0004:00000bd0       ___lconv                   1000cbd0     LIBCMT:lconv.obj
 0004:00000bd4       ___globallocalestatus      1000cbd4     LIBCMT:glstatus.obj
 0004:00000bd8       ___mb_cur_max              1000cbd8     LIBCMT:nlsdata1.obj
 0004:00000bdc       ___decimal_point           1000cbdc     LIBCMT:nlsdata1.obj
 0004:00000be0       ___decimal_point_length    1000cbe0     LIBCMT:nlsdata1.obj
 0004:00000bf0       __timezone                 1000cbf0     LIBCMT:timeset.obj
 0004:00000bf4       __daylight                 1000cbf4     LIBCMT:timeset.obj
 0004:00000bf8       __dstbias                  1000cbf8     LIBCMT:timeset.obj
 0004:00000c80       __tzname                   1000cc80     LIBCMT:timeset.obj
 0004:00000ca0       __lpdays                   1000cca0     LIBCMT:days.obj
 0004:00000cd4       __days                     1000ccd4     LIBCMT:days.obj
 0004:00000d20       _gPFactory                 1000cd20     ISVLicen.obj
 0004:00000d30       ?_pnhHeap@@3P6AHI@ZA       1000cd30     LIBCMT:handler.obj
 0004:00000d38       __aenvptr                  1000cd38     LIBCMT:dllcrt0.obj
 0004:00000d3c       __wenvptr                  1000cd3c     LIBCMT:dllcrt0.obj
 0004:00000d40       ___error_mode              1000cd40     LIBCMT:dllcrt0.obj
 0004:00000d44       ___app_type                1000cd44     LIBCMT:dllcrt0.obj
 0004:00000e98       ___sbh_pHeaderDefer        1000ce98     LIBCMT:sbheap.obj
 0004:00000e9c       __crtheap                  1000ce9c     LIBCMT:heapinit.obj
 0004:00000ea0       __umaskval                 1000cea0     LIBCMT:crt0dat.obj
 0004:00000ea4       __osplatform               1000cea4     LIBCMT:crt0dat.obj
 0004:00000ea8       __osver                    1000cea8     LIBCMT:crt0dat.obj
 0004:00000eac       __winver                   1000ceac     LIBCMT:crt0dat.obj
 0004:00000eb0       __winmajor                 1000ceb0     LIBCMT:crt0dat.obj
 0004:00000eb4       __winminor                 1000ceb4     LIBCMT:crt0dat.obj
 0004:00000eb8       ___argc                    1000ceb8     LIBCMT:crt0dat.obj
 0004:00000ebc       ___argv                    1000cebc     LIBCMT:crt0dat.obj
 0004:00000ec0       ___wargv                   1000cec0     LIBCMT:crt0dat.obj
 0004:00000ec4       __environ                  1000cec4     LIBCMT:crt0dat.obj
 0004:00000ec8       ___initenv                 1000cec8     LIBCMT:crt0dat.obj
 0004:00000ecc       __wenviron                 1000cecc     LIBCMT:crt0dat.obj
 0004:00000ed0       ___winitenv                1000ced0     LIBCMT:crt0dat.obj
 0004:00000ed4       __pgmptr                   1000ced4     LIBCMT:crt0dat.obj
 0004:00000ed8       __wpgmptr                  1000ced8     LIBCMT:crt0dat.obj
 0004:00000edc       __exitflag                 1000cedc     LIBCMT:crt0dat.obj
 0004:00000ee0       __C_Termination_Done       1000cee0     LIBCMT:crt0dat.obj
 0004:00000ee4       __C_Exit_Done              1000cee4     LIBCMT:crt0dat.obj
 0004:000011fc       _gpFlsAlloc                1000d1fc     LIBCMT:tidtable.obj
 0004:00001200       _gpFlsGetValue             1000d200     LIBCMT:tidtable.obj
 0004:00001204       _gpFlsSetValue             1000d204     LIBCMT:tidtable.obj
 0004:00001208       _gpFlsFree                 1000d208     LIBCMT:tidtable.obj
 0004:0000120c       __maxwait                  1000d20c     LIBCMT:crtheap.obj
 0004:00001320       ___pInvalidArgHandler      1000d320     LIBCMT:invarg.obj
 0004:00001324       ?__pInconsistency@@3P6AXXZA 1000d324     LIBCMT:hooks.obj
 0004:00001348       ___pPurecall               1000d348     LIBCMT:inithelp.obj
 0004:00001360       ___locale_changed          1000d360     LIBCMT:setlocal.obj
 0004:00001364       ___lc_handle               1000d364     LIBCMT:nlsdata2.obj
 0004:0000137c       ___lc_codepage             1000d37c     LIBCMT:nlsdata2.obj
 0004:00001380       ___lc_collate_cp           1000d380     LIBCMT:nlsdata2.obj
 0004:00001388       ___mbulinfo                1000d388     LIBCMT:mbctype.obj
 0004:00001394       ___mbcodepage              1000d394     LIBCMT:mbctype.obj
 0004:00001398       ___ismbcodepage            1000d398     LIBCMT:mbctype.obj
 0004:0000139c       ___mblcid                  1000d39c     LIBCMT:mbctype.obj
 0004:000016c4       ___lconv_static_null       1000d6c4     LIBCMT:lconv.obj
 0004:00001788       ___use_sse2_mathfcns       1000d788     <common>
 0004:0000178c       ___sse2_available          1000d78c     <common>
 0004:00001790       __debugger_hook_dummy      1000d790     <common>
 0004:00001794       __nhandle                  1000d794     <common>
 0004:000017a0       ___pioinfo                 1000d7a0     <common>
 0004:000018a0       ___env_initialized         1000d8a0     <common>
 0004:000018a4       ___onexitend               1000d8a4     <common>
 0004:000018a8       ___onexitbegin             1000d8a8     <common>
 0004:000018ac       ___mbctype_initialized     1000d8ac     <common>
 0004:000018b0       __FPinit                   1000d8b0     <common>
 0004:000018b4       ___dyn_tls_init_callback   1000d8b4     <common>
 0004:000018b8       ___active_heap             1000d8b8     <common>
 0004:000018bc       __pDestructExceptionObject 1000d8bc     <common>
 0004:000018c0       ___sbh_cntHeaderList       1000d8c0     <common>
 0004:000018c4       ___sbh_pHeaderList         1000d8c4     <common>
 0004:000018c8       ___sbh_threshold           1000d8c8     <common>
 0004:000018cc       ___sbh_pHeaderScan         1000d8cc     <common>
 0004:000018d0       ___sbh_sizeHeaderList      1000d8d0     <common>
 0004:000018d4       ___sbh_indGroupDefer       1000d8d4     <common>
 0004:000018d8       __acmdln                   1000d8d8     <common>

 entry point at        0001:00000511

 Static symbols

 0001:0000041b       ___DllMainCRTStartup       1000141b f   LIBCMT:dllcrt0.obj
 0001:00001570       __initterm                 10002570 f   LIBCMT:crt0dat.obj
 0001:000016ad       _doexit                    100026ad f   LIBCMT:crt0dat.obj
 0001:00002472       _parse_cmdline             10003472 f   LIBCMT:stdargv.obj
 0001:00002a6f       ___crtInitCritSecNoSpinCount@8 10003a6f f   LIBCMT:initcrit.obj
 0001:00003074       __unwind_handler4          10004074 f   LIBCMT:exsup4.obj
 0001:0000321e       __onexit_nolock            1000421e f   LIBCMT:onexit.obj
 0001:000033ca       _siglookup                 100043ca f   LIBCMT:winsig.obj
 0001:00003c28       __updatetlocinfoEx_nolock  10004c28 f   LIBCMT:setlocal.obj
 0001:00003cdc       ?CPtoLCID@@YAHH@Z          10004cdc f   LIBCMT:mbctype.obj
 0001:00003d0b       ?setSBCS@@YAXPAUthreadmbcinfostruct@@@Z 10004d0b f   LIBCMT:mbctype.obj
 0001:00003d60       ?setSBUpLow@@YAXPAUthreadmbcinfostruct@@@Z 10004d60 f   LIBCMT:mbctype.obj
 0001:00004010       ?getSystemCP@@YAHH@Z       10005010 f   LIBCMT:mbctype.obj
 0001:00004726       ?x_ismbbtype_l@@YAHPAUlocaleinfo_struct@@IHH@Z 10005726 f   LIBCMT:ismbbyte.obj
 0001:00004b7a       _fastcopy_I                10005b7a f   LIBCMT:p4_memcpy.obj
 0001:00004e1c       __unwind_handler           10005e1c f   LIBCMT:exsup.obj
 0001:00005428       ?__crtGetStringTypeA_stat@@YAHPAUlocaleinfo_struct@@KPBDHPAGHHH@Z 10006428 f   LIBCMT:a_str.obj
 0001:00005660       ?__crtLCMapStringA_stat@@YAHPAUlocaleinfo_struct@@KKPBDHPADHHH@Z 10006660 f   LIBCMT:a_map.obj
 0001:00005a45       _fastzero_I                10006a45 f   LIBCMT:p4_memset.obj
 0001:00005b2b       _has_osfxsr_set            10006b2b f   LIBCMT:cpu_disp.obj
 0001:00005f3b       ?strtoxl@@YAKPAUlocaleinfo_struct@@PBDPAPBDHH@Z 10006f3b f   LIBCMT:strtol.obj
