 SetupSup

 Timestamp is 46b3a029 (Fri Aug 03 16:37:45 2007)

 Preferred load address is 00400000

 Start         Length     Name                   Class
 0001:00000000 00001676H .text                   CODE
 0001:00001680 000001d4H .text$x                 CODE
 0001:00001860 00000028H .text$yc                CODE
 0001:00001890 0000000aH .text$yd                CODE
 0002:00000000 00000240H .idata$5                DATA
 0002:00000240 00000004H .CRT$XCA                DATA
 0002:00000244 00000004H .CRT$XCAA               DATA
 0002:00000248 00000004H .CRT$XCL                DATA
 0002:0000024c 00000004H .CRT$XCU                DATA
 0002:00000250 00000004H .CRT$XCZ                DATA
 0002:00000254 00000004H .CRT$XIA                DATA
 0002:00000258 00000004H .CRT$XIAA               DATA
 0002:0000025c 00000004H .CRT$XIZ                DATA
 0002:00000260 000002a0H .rdata                  DATA
 0002:00000500 00000032H .rdata$debug            DATA
 0002:00000534 000001d4H .rdata$r                DATA
 0002:00000710 00000020H .rdata$sxdata           DATA
 0002:00000730 00000004H .rtc$IAA                DATA
 0002:00000734 00000004H .rtc$IZZ                DATA
 0002:00000738 00000004H .rtc$TAA                DATA
 0002:0000073c 00000004H .rtc$TZZ                DATA
 0002:00000740 0000026cH .xdata$x                DATA
 0002:000009ac 00000000H ATL$__a                 DATA
 0002:000009ac 00000000H ATL$__z                 DATA
 0002:000009ac 000000a0H .idata$2                DATA
 0002:00000a4c 00000014H .idata$3                DATA
 0002:00000a60 00000240H .idata$4                DATA
 0002:00000ca0 0000053cH .idata$6                DATA
 0002:000011dc 00000000H .edata                  DATA
 0003:00000000 00000124H .data                   DATA
 0003:00000128 0000045cH .bss                    DATA
 0004:00000000 00000058H .rsrc$01                DATA
 0004:00000060 00000330H .rsrc$02                DATA

  Address         Publics by Value              Rva+Base       Lib:Object

 0000:00000008       ___safe_se_handler_count   00000008     <absolute>
 0000:00000000       ___ImageBase               00400000     <linker-defined>
 0001:00000000       ?GetThisMessageMap@CSetupSupApp@@KGPBUAFX_MSGMAP@@XZ 00401000 f   SetupSup.obj
 0001:00000010       ?UpdateRegistryEntries@CSetupSupApp@@QAEJXZ 00401010 f   SetupSup.obj
 0001:000000c0       ?FindIndex@?$CList@V?$CStringT@DV?$StrTraitMFC_DLL@DV?$ChTraitsCRT@D@ATL@@@@@ATL@@V12@@@QBEPAU__POSITION@@H@Z 004010c0 f i SetupSup.obj
 0001:000000f0       ?GetMessageMap@CSetupSupApp@@MBEPBUAFX_MSGMAP@@XZ 004010f0 f   SetupSup.obj
 0001:00000100       ?RemoveTheEnryFromScheduler@CSetupSupApp@@QAEXXZ 00401100 f   SetupSup.obj
 0001:00000260       ??0?$CList@V?$CStringT@DV?$StrTraitMFC_DLL@DV?$ChTraitsCRT@D@ATL@@@@@ATL@@V12@@@QAE@H@Z 00401260 f i SetupSup.obj
 0001:00000290       ?AssertValid@CObject@@UBEXXZ 00401290 f i SetupSup.obj
 0001:000002a0       ?Dump@CObject@@UBEXAAVCDumpContext@@@Z 004012a0 f i SetupSup.obj
 0001:000002a0       ?Serialize@CObject@@UAEXAAVCArchive@@@Z 004012a0 f i SetupSup.obj
 0001:000002b0       ?RemoveAll@?$CList@V?$CStringT@DV?$StrTraitMFC_DLL@DV?$ChTraitsCRT@D@ATL@@@@@ATL@@V12@@@QAEXXZ 004012b0 f i SetupSup.obj
 0001:000002f0       ??1?$CList@V?$CStringT@DV?$StrTraitMFC_DLL@DV?$ChTraitsCRT@D@ATL@@@@@ATL@@V12@@@UAE@XZ 004012f0 f i SetupSup.obj
 0001:00000300       ??_E?$CList@V?$CStringT@DV?$StrTraitMFC_DLL@DV?$ChTraitsCRT@D@ATL@@@@@ATL@@V12@@@UAEPAXI@Z 00401300 f i SetupSup.obj
 0001:00000300       ??_G?$CList@V?$CStringT@DV?$StrTraitMFC_DLL@DV?$ChTraitsCRT@D@ATL@@@@@ATL@@V12@@@UAEPAXI@Z 00401300 f i SetupSup.obj
 0001:00000320       ?NewNode@?$CList@V?$CStringT@DV?$StrTraitMFC_DLL@DV?$ChTraitsCRT@D@ATL@@@@@ATL@@V12@@@IAEPAUCNode@1@PAU21@0@Z 00401320 f i SetupSup.obj
 0001:000003a0       ??0CSetupSupApp@@QAE@XZ    004013a0 f   SetupSup.obj
 0001:00000430       ??1CSetupSupApp@@UAE@XZ    00401430 f   SetupSup.obj
 0001:000004d0       ?AddTail@?$CList@V?$CStringT@DV?$StrTraitMFC_DLL@DV?$ChTraitsCRT@D@ATL@@@@@ATL@@V12@@@QAEPAU__POSITION@@V?$CStringT@DV?$StrTraitMFC_DLL@DV?$ChTraitsCRT@D@ATL@@@@@ATL@@@Z 004014d0 f i SetupSup.obj
 0001:00000550       ?Serialize@?$CList@V?$CStringT@DV?$StrTraitMFC_DLL@DV?$ChTraitsCRT@D@ATL@@@@@ATL@@V12@@@UAEXAAVCArchive@@@Z 00401550 f i SetupSup.obj
 0001:00000660       ??_GCSetupSupApp@@UAEPAXI@Z 00401660 f i SetupSup.obj
 0001:00000660       ??_ECSetupSupApp@@UAEPAXI@Z 00401660 f i SetupSup.obj
 0001:00000680       ?ParseCommandLineString@CSetupSupApp@@QAEXXZ 00401680 f   SetupSup.obj
 0001:00000910       ?InitInstance@CSetupSupApp@@UAEHXZ 00401910 f   SetupSup.obj
 0001:00000a16       _JFreeLibrary              00401a16 f   jutil:JUtil.dll
 0001:00000a1c       _HRerrEx                   00401a1c f   jutil:JUtil.dll
 0001:00000a22       _JLoadLibrary              00401a22 f   jutil:JUtil.dll
 0001:00000a28       ?JRFMS_SetCommonPrefValuesForFileLocationOptions@@YAJPBD0H@Z 00401a28 f   rfmssvs:RFMSsvs.dll
 0001:00000a2e       ??3@YAXPAX@Z               00401a2e f   mfc80:MFC80.DLL
 0001:00000a34       ?GetThisMessageMap@CWinApp@@KGPBUAFX_MSGMAP@@XZ 00401a34 f   mfc80:MFC80.DLL
 0001:00000a3a       ?GetRuntimeClass@CObject@@UBEPAUCRuntimeClass@@XZ 00401a3a f   mfc80:MFC80.DLL
 0001:00000a40       ?FreeDataChain@CPlex@@QAEXXZ 00401a40 f   mfc80:MFC80.DLL
 0001:00000a46       ?AfxThrowInvalidArgException@@YGXXZ 00401a46 f   mfc80:MFC80.DLL
 0001:00000a4c       ?Create@CPlex@@SGPAU1@AAPAU1@II@Z 00401a4c f   mfc80:MFC80.DLL
 0001:00000a52       ??1CWinApp@@UAE@XZ         00401a52 f   mfc80:MFC80.DLL
 0001:00000a58       ??0CWinApp@@QAE@PBD@Z      00401a58 f   mfc80:MFC80.DLL
 0001:00000a5e       ?GetRuntimeClass@CWinApp@@UBEPAUCRuntimeClass@@XZ 00401a5e f   mfc80:MFC80.DLL
 0001:00000a64       ?OnCmdMsg@CCmdTarget@@UAEHIHPAXPAUAFX_CMDHANDLERINFO@@@Z 00401a64 f   mfc80:MFC80.DLL
 0001:00000a6a       ?OnFinalRelease@CCmdTarget@@UAEXXZ 00401a6a f   mfc80:MFC80.DLL
 0001:00000a70       ?IsInvokeAllowed@CCmdTarget@@UAEHJ@Z 00401a70 f   mfc80:MFC80.DLL
 0001:00000a76       ?GetDispatchIID@CCmdTarget@@UAEHPAU_GUID@@@Z 00401a76 f   mfc80:MFC80.DLL
 0001:00000a7c       ?GetTypeInfoCount@CCmdTarget@@UAEIXZ 00401a7c f   mfc80:MFC80.DLL
 0001:00000a82       ?GetTypeLibCache@CCmdTarget@@UAEPAVCTypeLibCache@@XZ 00401a82 f   mfc80:MFC80.DLL
 0001:00000a88       ?GetTypeLib@CCmdTarget@@UAEJKPAPAUITypeLib@@@Z 00401a88 f   mfc80:MFC80.DLL
 0001:00000a8e       ?GetCommandMap@CCmdTarget@@MBEPBUAFX_OLECMDMAP@@XZ 00401a8e f   mfc80:MFC80.DLL
 0001:00000a94       ?GetDispatchMap@CCmdTarget@@MBEPBUAFX_DISPMAP@@XZ 00401a94 f   mfc80:MFC80.DLL
 0001:00000a9a       ?GetConnectionMap@CCmdTarget@@MBEPBUAFX_CONNECTIONMAP@@XZ 00401a9a f   mfc80:MFC80.DLL
 0001:00000aa0       ?GetInterfaceMap@CCmdTarget@@MBEPBUAFX_INTERFACEMAP@@XZ 00401aa0 f   mfc80:MFC80.DLL
 0001:00000aa6       ?GetEventSinkMap@CCmdTarget@@MBEPBUAFX_EVENTSINKMAP@@XZ 00401aa6 f   mfc80:MFC80.DLL
 0001:00000aac       ?OnCreateAggregates@CCmdTarget@@UAEHXZ 00401aac f   mfc80:MFC80.DLL
 0001:00000ab2       ?GetInterfaceHook@CCmdTarget@@UAEPAUIUnknown@@PBX@Z 00401ab2 f   mfc80:MFC80.DLL
 0001:00000ab8       ?GetExtraConnectionPoints@CCmdTarget@@MAEHPAVCPtrArray@@@Z 00401ab8 f   mfc80:MFC80.DLL
 0001:00000abe       ?GetConnectionHook@CCmdTarget@@MAEPAUIConnectionPoint@@ABU_GUID@@@Z 00401abe f   mfc80:MFC80.DLL
 0001:00000ac4       ?Run@CWinApp@@UAEHXZ       00401ac4 f   mfc80:MFC80.DLL
 0001:00000aca       ?PreTranslateMessage@CWinThread@@UAEHPAUtagMSG@@@Z 00401aca f   mfc80:MFC80.DLL
 0001:00000ad0       ?PumpMessage@CWinThread@@UAEHXZ 00401ad0 f   mfc80:MFC80.DLL
 0001:00000ad6       ?OnIdle@CWinApp@@UAEHJ@Z   00401ad6 f   mfc80:MFC80.DLL
 0001:00000adc       ?IsIdleMessage@CWinThread@@UAEHPAUtagMSG@@@Z 00401adc f   mfc80:MFC80.DLL
 0001:00000ae2       ?ExitInstance@CWinApp@@UAEHXZ 00401ae2 f   mfc80:MFC80.DLL
 0001:00000ae8       ?ProcessWndProcException@CWinApp@@UAEJPAVCException@@PBUtagMSG@@@Z 00401ae8 f   mfc80:MFC80.DLL
 0001:00000aee       ?ProcessMessageFilter@CWinThread@@UAEHHPAUtagMSG@@@Z 00401aee f   mfc80:MFC80.DLL
 0001:00000af4       ?GetMainWnd@CWinThread@@UAEPAVCWnd@@XZ 00401af4 f   mfc80:MFC80.DLL
 0001:00000afa       ?Delete@CWinThread@@UAEXXZ 00401afa f   mfc80:MFC80.DLL
 0001:00000b00       ?InitLibId@CWinApp@@UAEXXZ 00401b00 f   mfc80:MFC80.DLL
 0001:00000b06       ?Register@CWinApp@@UAEHXZ  00401b06 f   mfc80:MFC80.DLL
 0001:00000b0c       ?Unregister@CWinApp@@UAEHXZ 00401b0c f   mfc80:MFC80.DLL
 0001:00000b12       ?OpenDocumentFile@CWinApp@@UAEPAVCDocument@@PBD@Z 00401b12 f   mfc80:MFC80.DLL
 0001:00000b18       ?AddToRecentFileList@CWinApp@@UAEXPBD@Z 00401b18 f   mfc80:MFC80.DLL
 0001:00000b1e       ?InitApplication@CWinApp@@UAEHXZ 00401b1e f   mfc80:MFC80.DLL
 0001:00000b24       ?SaveAllModified@CWinApp@@UAEHXZ 00401b24 f   mfc80:MFC80.DLL
 0001:00000b2a       ?DoMessageBox@CWinApp@@UAEHPBDII@Z 00401b2a f   mfc80:MFC80.DLL
 0001:00000b30       ?DoWaitCursor@CWinApp@@UAEXH@Z 00401b30 f   mfc80:MFC80.DLL
 0001:00000b36       ?OnDDECommand@CWinApp@@UAEHPAD@Z 00401b36 f   mfc80:MFC80.DLL
 0001:00000b3c       ?WinHelpA@CWinApp@@UAEXKI@Z 00401b3c f   mfc80:MFC80.DLL
 0001:00000b42       ?HtmlHelpA@CWinApp@@UAEXKI@Z 00401b42 f   mfc80:MFC80.DLL
 0001:00000b48       ?WinHelpInternal@CWinApp@@UAEXKI@Z 00401b48 f   mfc80:MFC80.DLL
 0001:00000b4e       ?LoadAppLangResourceDLL@CWinApp@@UAEPAUHINSTANCE__@@XZ 00401b4e f   mfc80:MFC80.DLL
 0001:00000b54       ?LoadSysPolicies@CWinApp@@UAEHXZ 00401b54 f   mfc80:MFC80.DLL
 0001:00000b5a       ?ReadCount@CArchive@@QAEKXZ 00401b5a f   mfc80:MFC80.DLL
 0001:00000b60       ??$SerializeElements@V?$CStringT@DV?$StrTraitMFC_DLL@DV?$ChTraitsCRT@D@ATL@@@@@ATL@@@@YGXAAVCArchive@@PAV?$CStringT@DV?$StrTraitMFC_DLL@DV?$ChTraitsCRT@D@ATL@@@@@ATL@@H@Z 00401b60 f   mfc80:MFC80.DLL
 0001:00000b66       ?WriteCount@CArchive@@QAEXK@Z 00401b66 f   mfc80:MFC80.DLL
 0001:00000b6c       ?InitInstance@CWinApp@@UAEHXZ 00401b6c f   mfc80:MFC80.DLL
 0001:00000b72       ___CxxFrameHandler3        00401b72 f   msvcrt:MSVCR80.dll
 0001:00000b78       @__security_check_cookie@4 00401b78 f   msvcrt:secchk.obj
 0001:00000b87       ??_Etype_info@@UAEPAXI@Z   00401b87 f i msvcrt:ti_inst.obj
 0001:00000bd0       ?__ArrayUnwind@@YGXPAXIHP6EX0@Z@Z 00401bd0 f   msvcrt:ehvecdtr.obj
 0001:00000c2e       ??_M@YGXPAXIHP6EX0@Z@Z     00401c2e f   msvcrt:ehvecdtr.obj
 0001:00000c91       ??_L@YGXPAXIHP6EX0@Z1@Z    00401c91 f   msvcrt:ehvecctr.obj
 0001:00000cf6       __onexit                   00401cf6 f   msvcrt:atonexit.obj
 0001:00000d95       _atexit                    00401d95 f   msvcrt:atonexit.obj
 0001:00000da7       __except_handler4          00401da7 f   msvcrt:chandler4gs.obj
 0001:00000dd0       __alloca_probe_16          00401dd0 f   msvcrt:alloca16.obj
 0001:00000de6       __alloca_probe_8           00401de6     msvcrt:alloca16.obj
 0001:00000e00       __allmul                   00401e00 f   msvcrt:llmul.obj
 0001:00001140       _WinMainCRTStartup         00402140 f   msvcrt:crtexew.obj
 0001:0000114c       __SEH_prolog4_GS           0040214c f   msvcrt:sehprolg4gs.obj
 0001:00001194       __SEH_epilog4_GS           00402194 f   msvcrt:sehprolg4gs.obj
 0001:000011a3       ___report_gsfailure        004021a3 f   msvcrt:gs_report.obj
 0001:000012a8       ?terminate@@YAXXZ          004022a8 f   msvcrt:MSVCR80.dll
 0001:000012b0       __SEH_prolog4              004022b0 f   msvcrt:sehprolg4.obj
 0001:000012f5       __SEH_epilog4              004022f5 f   msvcrt:sehprolg4.obj
 0001:0000130a       __unlock                   0040230a f   msvcrt:MSVCR80.dll
 0001:00001310       ___dllonexit               00402310 f   msvcrt:MSVCR80.dll
 0001:00001316       __lock                     00402316 f   msvcrt:MSVCR80.dll
 0001:0000131c       __except_handler4_common   0040231c f   msvcrt:MSVCR80.dll
 0001:00001330       __alloca_probe             00402330     msvcrt:chkstk.obj
 0001:00001330       __chkstk                   00402330 f   msvcrt:chkstk.obj
 0001:0000135c       __amsg_exit                0040235c f   msvcrt:MSVCR80.dll
 0001:00001362       __RTC_Initialize           00402362 f   msvcrt:initsect.obj
 0001:00001386       __RTC_Terminate            00402386 f   msvcrt:initsect.obj
 0001:000013aa       __XcptFilter               004023aa f   msvcrt:MSVCR80.dll
 0001:000013b0       __ValidateImageBase        004023b0 f   msvcrt:pesect.obj
 0001:000013e0       __FindPESection            004023e0 f   msvcrt:pesect.obj
 0001:00001422       __IsNonwritableInCurrentImage 00402422 f   msvcrt:pesect.obj
 0001:0000148e       __initterm                 0040248e f   msvcrt:MSVCR80.dll
 0001:00001494       __initterm_e               00402494 f   msvcrt:MSVCR80.dll
 0001:0000149a       __setdefaultprecision      0040249a f   msvcrt:fp8.obj
 0001:000014c3       __matherr                  004024c3 f   msvcrt:merr.obj
 0001:000014c3       __setargv                  004024c3 f   msvcrt:dllargv.obj
 0001:000014c6       ___security_init_cookie    004024c6 f   msvcrt:gs_support.obj
 0001:0000155a       __crt_debugger_hook        0040255a f   msvcrt:MSVCR80.dll
 0001:00001560       ?_type_info_dtor_internal_method@type_info@@QAEXXZ 00402560 f   msvcrt:MSVCR80.dll
 0001:00001560       ??1type_info@@UAE@XZ       00402560 f   msvcrt:MSVCR80.dll
 0001:00001566       __invoke_watson            00402566 f   msvcrt:MSVCR80.dll
 0001:0000156c       __controlfp_s              0040256c f   msvcrt:MSVCR80.dll
 0001:00001572       ?_AtlGetThreadACPFake@ATL@@YGIXZ 00402572 f i atls:atltrace.obj
 0001:000015d7       ?_AtlGetThreadACPReal@ATL@@YGIXZ 004025d7 f i atls:atltrace.obj
 0001:000015db       ?_AtlGetThreadACPThunk@ATL@@YGIXZ 004025db f i atls:atltrace.obj
 0001:0000163f       _WinMain@16                0040263f f   mfcs80:appmodul.obj
 0001:00001644       ?AfxInitialize@@YGHHK@Z    00402644 f   mfcs80:appmodul.obj
 0001:0000166a       ?AfxWinMain@@YGHPAUHINSTANCE__@@0PADH@Z 0040266a f   mfc80:MFC80.DLL
 0001:00001670       ?AfxGetModuleState@@YGPAVAFX_MODULE_STATE@@XZ 00402670 f   mfc80:MFC80.DLL
 0002:00000000       __imp__InitCommonControls@0 00403000     comctl32:COMCTL32.dll
 0002:00000004       \177COMCTL32_NULL_THUNK_DATA 00403004     comctl32:COMCTL32.dll
 0002:00000008       __imp__JLoadLibrary        00403008     jutil:JUtil.dll
 0002:0000000c       __imp_??BGUserText@@QBEPBDXZ 0040300c     jutil:JUtil.dll
 0002:00000010       __imp_?GetNumChars@GUserText@@QBEHXZ 00403010     jutil:JUtil.dll
 0002:00000014       __imp_?ReverseFind@GUserText@@QBEHPBDI@Z 00403014     jutil:JUtil.dll
 0002:00000018       __imp__HRerrEx             00403018     jutil:JUtil.dll
 0002:0000001c       __imp_??1GUserText@@QAE@XZ 0040301c     jutil:JUtil.dll
 0002:00000020       __imp_??0GUserText@@QAE@XZ 00403020     jutil:JUtil.dll
 0002:00000024       __imp_??4GUserText@@QAEAAV0@PBD@Z 00403024     jutil:JUtil.dll
 0002:00000028       __imp_?IsEmpty@GUserText@@QBEHXZ 00403028     jutil:JUtil.dll
 0002:0000002c       __imp__JFreeLibrary        0040302c     jutil:JUtil.dll
 0002:00000030       \177JUtil_NULL_THUNK_DATA  00403030     jutil:JUtil.dll
 0002:00000034       __imp__GetThreadLocale@0   00403034     kernel32:KERNEL32.dll
 0002:00000038       __imp__GetLocaleInfoA@16   00403038     kernel32:KERNEL32.dll
 0002:0000003c       __imp__GetVersionExA@4     0040303c     kernel32:KERNEL32.dll
 0002:00000040       __imp__Sleep@4             00403040     kernel32:KERNEL32.dll
 0002:00000044       __imp__InterlockedCompareExchange@12 00403044     kernel32:KERNEL32.dll
 0002:00000048       __imp__GetStartupInfoA@4   00403048     kernel32:KERNEL32.dll
 0002:0000004c       __imp__TerminateProcess@8  0040304c     kernel32:KERNEL32.dll
 0002:00000050       __imp__GetCurrentProcess@0 00403050     kernel32:KERNEL32.dll
 0002:00000054       __imp__UnhandledExceptionFilter@4 00403054     kernel32:KERNEL32.dll
 0002:00000058       __imp__SetUnhandledExceptionFilter@4 00403058     kernel32:KERNEL32.dll
 0002:0000005c       __imp__IsDebuggerPresent@0 0040305c     kernel32:KERNEL32.dll
 0002:00000060       __imp__QueryPerformanceCounter@4 00403060     kernel32:KERNEL32.dll
 0002:00000064       __imp__GetTickCount@0      00403064     kernel32:KERNEL32.dll
 0002:00000068       __imp__GetCurrentThreadId@0 00403068     kernel32:KERNEL32.dll
 0002:0000006c       __imp__GetCurrentProcessId@0 0040306c     kernel32:KERNEL32.dll
 0002:00000070       __imp__GetSystemTimeAsFileTime@4 00403070     kernel32:KERNEL32.dll
 0002:00000074       __imp__InterlockedExchange@8 00403074     kernel32:KERNEL32.dll
 0002:00000078       __imp__GetACP@0            00403078     kernel32:KERNEL32.dll
 0002:0000007c       __imp__GetProcAddress@8    0040307c     kernel32:KERNEL32.dll
 0002:00000080       \177KERNEL32_NULL_THUNK_DATA 00403080     kernel32:KERNEL32.dll
 0002:00000084       __imp_?PumpMessage@CWinThread@@UAEHXZ 00403084     mfc80:MFC80.DLL
 0002:00000088       __imp_?OnIdle@CWinApp@@UAEHJ@Z 00403088     mfc80:MFC80.DLL
 0002:0000008c       __imp_?IsIdleMessage@CWinThread@@UAEHPAUtagMSG@@@Z 0040308c     mfc80:MFC80.DLL
 0002:00000090       __imp_?ExitInstance@CWinApp@@UAEHXZ 00403090     mfc80:MFC80.DLL
 0002:00000094       __imp_?ProcessWndProcException@CWinApp@@UAEJPAVCException@@PBUtagMSG@@@Z 00403094     mfc80:MFC80.DLL
 0002:00000098       __imp_?ProcessMessageFilter@CWinThread@@UAEHHPAUtagMSG@@@Z 00403098     mfc80:MFC80.DLL
 0002:0000009c       __imp_?GetMainWnd@CWinThread@@UAEPAVCWnd@@XZ 0040309c     mfc80:MFC80.DLL
 0002:000000a0       __imp_?Delete@CWinThread@@UAEXXZ 004030a0     mfc80:MFC80.DLL
 0002:000000a4       __imp_?InitLibId@CWinApp@@UAEXXZ 004030a4     mfc80:MFC80.DLL
 0002:000000a8       __imp_?Register@CWinApp@@UAEHXZ 004030a8     mfc80:MFC80.DLL
 0002:000000ac       __imp_?Unregister@CWinApp@@UAEHXZ 004030ac     mfc80:MFC80.DLL
 0002:000000b0       __imp_?OpenDocumentFile@CWinApp@@UAEPAVCDocument@@PBD@Z 004030b0     mfc80:MFC80.DLL
 0002:000000b4       __imp_?AddToRecentFileList@CWinApp@@UAEXPBD@Z 004030b4     mfc80:MFC80.DLL
 0002:000000b8       __imp_?PreTranslateMessage@CWinThread@@UAEHPAUtagMSG@@@Z 004030b8     mfc80:MFC80.DLL
 0002:000000bc       __imp_?SaveAllModified@CWinApp@@UAEHXZ 004030bc     mfc80:MFC80.DLL
 0002:000000c0       __imp_?DoMessageBox@CWinApp@@UAEHPBDII@Z 004030c0     mfc80:MFC80.DLL
 0002:000000c4       __imp_?DoWaitCursor@CWinApp@@UAEXH@Z 004030c4     mfc80:MFC80.DLL
 0002:000000c8       __imp_?OnDDECommand@CWinApp@@UAEHPAD@Z 004030c8     mfc80:MFC80.DLL
 0002:000000cc       __imp_?WinHelpA@CWinApp@@UAEXKI@Z 004030cc     mfc80:MFC80.DLL
 0002:000000d0       __imp_?HtmlHelpA@CWinApp@@UAEXKI@Z 004030d0     mfc80:MFC80.DLL
 0002:000000d4       __imp_?WinHelpInternal@CWinApp@@UAEXKI@Z 004030d4     mfc80:MFC80.DLL
 0002:000000d8       __imp_?LoadAppLangResourceDLL@CWinApp@@UAEPAUHINSTANCE__@@XZ 004030d8     mfc80:MFC80.DLL
 0002:000000dc       __imp_?LoadSysPolicies@CWinApp@@UAEHXZ 004030dc     mfc80:MFC80.DLL
 0002:000000e0       __imp_??0?$CStringT@DV?$StrTraitMFC_DLL@DV?$ChTraitsCRT@D@ATL@@@@@ATL@@QAE@ABV01@@Z 004030e0     mfc80:MFC80.DLL
 0002:000000e4       __imp_?ReadCount@CArchive@@QAEKXZ 004030e4     mfc80:MFC80.DLL
 0002:000000e8       __imp_??$SerializeElements@V?$CStringT@DV?$StrTraitMFC_DLL@DV?$ChTraitsCRT@D@ATL@@@@@ATL@@@@YGXAAVCArchive@@PAV?$CStringT@DV?$StrTraitMFC_DLL@DV?$ChTraitsCRT@D@ATL@@@@@ATL@@H@Z 004030e8     mfc80:MFC80.DLL
 0002:000000ec       __imp_?WriteCount@CArchive@@QAEXK@Z 004030ec     mfc80:MFC80.DLL
 0002:000000f0       __imp_?Right@?$CStringT@DV?$StrTraitMFC_DLL@DV?$ChTraitsCRT@D@ATL@@@@@ATL@@QBE?AV12@H@Z 004030f0     mfc80:MFC80.DLL
 0002:000000f4       __imp_?IsEmpty@?$CSimpleStringT@D$00@ATL@@QBE_NXZ 004030f4     mfc80:MFC80.DLL
 0002:000000f8       __imp_?Mid@?$CStringT@DV?$StrTraitMFC_DLL@DV?$ChTraitsCRT@D@ATL@@@@@ATL@@QBE?AV12@HH@Z 004030f8     mfc80:MFC80.DLL
 0002:000000fc       __imp_?Find@?$CStringT@DV?$StrTraitMFC_DLL@DV?$ChTraitsCRT@D@ATL@@@@@ATL@@QBEHPBDH@Z 004030fc     mfc80:MFC80.DLL
 0002:00000100       __imp_??B?$CSimpleStringT@D$00@ATL@@QBEPBDXZ 00403100     mfc80:MFC80.DLL
 0002:00000104       __imp_?Trim@?$CStringT@DV?$StrTraitMFC_DLL@DV?$ChTraitsCRT@D@ATL@@@@@ATL@@QAEAAV12@XZ 00403104     mfc80:MFC80.DLL
 0002:00000108       __imp_?GetLength@?$CSimpleStringT@D$00@ATL@@QBEHXZ 00403108     mfc80:MFC80.DLL
 0002:0000010c       __imp_??0?$CStringT@DV?$StrTraitMFC_DLL@DV?$ChTraitsCRT@D@ATL@@@@@ATL@@QAE@PBD@Z 0040310c     mfc80:MFC80.DLL
 0002:00000110       __imp_?InitInstance@CWinApp@@UAEHXZ 00403110     mfc80:MFC80.DLL
 0002:00000114       __imp_?Run@CWinApp@@UAEHXZ 00403114     mfc80:MFC80.DLL
 0002:00000118       __imp_?AfxGetModuleState@@YGPAVAFX_MODULE_STATE@@XZ 00403118     mfc80:MFC80.DLL
 0002:0000011c       __imp_?GetConnectionHook@CCmdTarget@@MAEPAUIConnectionPoint@@ABU_GUID@@@Z 0040311c     mfc80:MFC80.DLL
 0002:00000120       __imp_?GetExtraConnectionPoints@CCmdTarget@@MAEHPAVCPtrArray@@@Z 00403120     mfc80:MFC80.DLL
 0002:00000124       __imp_?GetInterfaceHook@CCmdTarget@@UAEPAUIUnknown@@PBX@Z 00403124     mfc80:MFC80.DLL
 0002:00000128       __imp_?OnCreateAggregates@CCmdTarget@@UAEHXZ 00403128     mfc80:MFC80.DLL
 0002:0000012c       __imp_?GetEventSinkMap@CCmdTarget@@MBEPBUAFX_EVENTSINKMAP@@XZ 0040312c     mfc80:MFC80.DLL
 0002:00000130       __imp_?GetInterfaceMap@CCmdTarget@@MBEPBUAFX_INTERFACEMAP@@XZ 00403130     mfc80:MFC80.DLL
 0002:00000134       __imp_?GetConnectionMap@CCmdTarget@@MBEPBUAFX_CONNECTIONMAP@@XZ 00403134     mfc80:MFC80.DLL
 0002:00000138       __imp_?GetDispatchMap@CCmdTarget@@MBEPBUAFX_DISPMAP@@XZ 00403138     mfc80:MFC80.DLL
 0002:0000013c       __imp_?GetCommandMap@CCmdTarget@@MBEPBUAFX_OLECMDMAP@@XZ 0040313c     mfc80:MFC80.DLL
 0002:00000140       __imp_?GetTypeLib@CCmdTarget@@UAEJKPAPAUITypeLib@@@Z 00403140     mfc80:MFC80.DLL
 0002:00000144       __imp_?GetTypeLibCache@CCmdTarget@@UAEPAVCTypeLibCache@@XZ 00403144     mfc80:MFC80.DLL
 0002:00000148       __imp_?GetTypeInfoCount@CCmdTarget@@UAEIXZ 00403148     mfc80:MFC80.DLL
 0002:0000014c       __imp_?GetDispatchIID@CCmdTarget@@UAEHPAU_GUID@@@Z 0040314c     mfc80:MFC80.DLL
 0002:00000150       __imp_?IsInvokeAllowed@CCmdTarget@@UAEHJ@Z 00403150     mfc80:MFC80.DLL
 0002:00000154       __imp_?OnFinalRelease@CCmdTarget@@UAEXXZ 00403154     mfc80:MFC80.DLL
 0002:00000158       __imp_?OnCmdMsg@CCmdTarget@@UAEHIHPAXPAUAFX_CMDHANDLERINFO@@@Z 00403158     mfc80:MFC80.DLL
 0002:0000015c       __imp_?GetRuntimeClass@CWinApp@@UBEPAUCRuntimeClass@@XZ 0040315c     mfc80:MFC80.DLL
 0002:00000160       __imp_??0CWinApp@@QAE@PBD@Z 00403160     mfc80:MFC80.DLL
 0002:00000164       __imp_??1CWinApp@@UAE@XZ   00403164     mfc80:MFC80.DLL
 0002:00000168       __imp_?Create@CPlex@@SGPAU1@AAPAU1@II@Z 00403168     mfc80:MFC80.DLL
 0002:0000016c       __imp_?AfxThrowInvalidArgException@@YGXXZ 0040316c     mfc80:MFC80.DLL
 0002:00000170       __imp_?FreeDataChain@CPlex@@QAEXXZ 00403170     mfc80:MFC80.DLL
 0002:00000174       __imp_?GetRuntimeClass@CObject@@UBEPAUCRuntimeClass@@XZ 00403174     mfc80:MFC80.DLL
 0002:00000178       __imp_??0?$CStringT@DV?$StrTraitMFC_DLL@DV?$ChTraitsCRT@D@ATL@@@@@ATL@@QAE@XZ 00403178     mfc80:MFC80.DLL
 0002:0000017c       __imp_??4?$CStringT@DV?$StrTraitMFC_DLL@DV?$ChTraitsCRT@D@ATL@@@@@ATL@@QAEAAV01@ABV01@@Z 0040317c     mfc80:MFC80.DLL
 0002:00000180       __imp_?AllocSysString@?$CStringT@DV?$StrTraitMFC_DLL@DV?$ChTraitsCRT@D@ATL@@@@@ATL@@QBEPA_WXZ 00403180     mfc80:MFC80.DLL
 0002:00000184       __imp_??Y?$CStringT@DV?$StrTraitMFC_DLL@DV?$ChTraitsCRT@D@ATL@@@@@ATL@@QAEAAV01@PBD@Z 00403184     mfc80:MFC80.DLL
 0002:00000188       __imp_??1?$CStringT@DV?$StrTraitMFC_DLL@DV?$ChTraitsCRT@D@ATL@@@@@ATL@@QAE@XZ 00403188     mfc80:MFC80.DLL
 0002:0000018c       __imp_?GetThisMessageMap@CWinApp@@KGPBUAFX_MSGMAP@@XZ 0040318c     mfc80:MFC80.DLL
 0002:00000190       __imp_??3@YAXPAX@Z         00403190     mfc80:MFC80.DLL
 0002:00000194       __imp_?AfxWinMain@@YGHPAUHINSTANCE__@@0PADH@Z 00403194     mfc80:MFC80.DLL
 0002:00000198       __imp_?InitApplication@CWinApp@@UAEHXZ 00403198     mfc80:MFC80.DLL
 0002:0000019c       \177MFC80_NULL_THUNK_DATA  0040319c     mfc80:MFC80.DLL
 0002:000001a0       __imp___crt_debugger_hook  004031a0     msvcrt:MSVCR80.dll
 0002:000001a4       __imp_?_type_info_dtor_internal_method@type_info@@QAEXXZ 004031a4     msvcrt:MSVCR80.dll
 0002:000001a8       __imp___invoke_watson      004031a8     msvcrt:MSVCR80.dll
 0002:000001ac       __imp___controlfp_s        004031ac     msvcrt:MSVCR80.dll
 0002:000001b0       __imp____set_app_type      004031b0     msvcrt:MSVCR80.dll
 0002:000001b4       __imp____p__fmode          004031b4     msvcrt:MSVCR80.dll
 0002:000001b8       __imp____p__commode        004031b8     msvcrt:MSVCR80.dll
 0002:000001bc       __imp___adjust_fdiv        004031bc     msvcrt:MSVCR80.dll
 0002:000001c0       __imp____setusermatherr    004031c0     msvcrt:MSVCR80.dll
 0002:000001c4       __imp___configthreadlocale 004031c4     msvcrt:MSVCR80.dll
 0002:000001c8       __imp___initterm_e         004031c8     msvcrt:MSVCR80.dll
 0002:000001cc       __imp___initterm           004031cc     msvcrt:MSVCR80.dll
 0002:000001d0       __imp___acmdln             004031d0     msvcrt:MSVCR80.dll
 0002:000001d4       __imp__exit                004031d4     msvcrt:MSVCR80.dll
 0002:000001d8       __imp___ismbblead          004031d8     msvcrt:MSVCR80.dll
 0002:000001dc       __imp___XcptFilter         004031dc     msvcrt:MSVCR80.dll
 0002:000001e0       __imp___exit               004031e0     msvcrt:MSVCR80.dll
 0002:000001e4       __imp___cexit              004031e4     msvcrt:MSVCR80.dll
 0002:000001e8       __imp____getmainargs       004031e8     msvcrt:MSVCR80.dll
 0002:000001ec       __imp___amsg_exit          004031ec     msvcrt:MSVCR80.dll
 0002:000001f0       __imp___except_handler4_common 004031f0     msvcrt:MSVCR80.dll
 0002:000001f4       __imp___decode_pointer     004031f4     msvcrt:MSVCR80.dll
 0002:000001f8       __imp___onexit             004031f8     msvcrt:MSVCR80.dll
 0002:000001fc       __imp___lock               004031fc     msvcrt:MSVCR80.dll
 0002:00000200       __imp____dllonexit         00403200     msvcrt:MSVCR80.dll
 0002:00000204       __imp___encode_pointer     00403204     msvcrt:MSVCR80.dll
 0002:00000208       __imp___unlock             00403208     msvcrt:MSVCR80.dll
 0002:0000020c       __imp_?terminate@@YAXXZ    0040320c     msvcrt:MSVCR80.dll
 0002:00000210       __imp___setmbcp            00403210     msvcrt:MSVCR80.dll
 0002:00000214       __imp___stricmp            00403214     msvcrt:MSVCR80.dll
 0002:00000214       __imp__stricmp             00403214     msvcrt:MSVCR80.dll
 0002:00000218       __imp____CxxFrameHandler3  00403218     msvcrt:MSVCR80.dll
 0002:0000021c       \177MSVCR80_NULL_THUNK_DATA 0040321c     msvcrt:MSVCR80.dll
 0002:00000220       __imp_?JRFMS_SetCommonPrefValuesForFileLocationOptions@@YAJPBD0H@Z 00403220     rfmssvs:RFMSsvs.dll
 0002:00000224       \177RFMSsvs_NULL_THUNK_DATA 00403224     rfmssvs:RFMSsvs.dll
 0002:00000228       __imp__CoInitialize@4      00403228     ole32:ole32.dll
 0002:0000022c       __imp__CoCreateInstance@20 0040322c     ole32:ole32.dll
 0002:00000230       __imp__CoUninitialize@0    00403230     ole32:ole32.dll
 0002:00000234       \177ole32_NULL_THUNK_DATA  00403234     ole32:ole32.dll
 0002:00000238       __imp__JSESysFreeString@4  00403238     sealloc:sealloc.dll
 0002:0000023c       \177sealloc_NULL_THUNK_DATA 0040323c     sealloc:sealloc.dll
 0002:00000240       ___xc_a                    00403240     msvcrt:cinitexe.obj
 0002:00000250       ___xc_z                    00403250     msvcrt:cinitexe.obj
 0002:00000254       ___xi_a                    00403254     msvcrt:cinitexe.obj
 0002:0000025c       ___xi_z                    0040325c     msvcrt:cinitexe.obj
 0002:0000027c       ??_C@_0BB@ENLHNKPE@AdminOptionsFile?$AA@ 0040327c     SetupSup.obj
 0002:00000290       _IID_ITask                 00403290     SetupSup.obj
 0002:000002a0       _IID_ITaskScheduler        004032a0     SetupSup.obj
 0002:000002b0       _CLSID_CTaskScheduler      004032b0     SetupSup.obj
 0002:000002e4       ??_C@_0BD@OINBHFKE@?4?2Src?2SetupSup?4cpp?$AA@ 004032e4     SetupSup.obj
 0002:000002f8       ??_C@_0CE@LCELDIKI@CSetupSupApp?3?3UpdateRegistryEntr@ 004032f8     SetupSup.obj
 0002:0000031c       ??_C@_0BJ@NIENPAPM@OnUpdateFromFileLocation?$AA@ 0040331c     SetupSup.obj
 0002:00000338       ??_C@_0M@HLAEHCLH@DOCMGMT?4dll?$AA@ 00403338     SetupSup.obj
 0002:00000344       ??_C@_04GAOAGNCM@?4xml?$AA@ 00403344     SetupSup.obj
 0002:0000034c       ??_C@_04HPHALNI@?4job?$AA@ 0040334c     SetupSup.obj
 0002:00000358       ??_7?$CList@V?$CStringT@DV?$StrTraitMFC_DLL@DV?$ChTraitsCRT@D@ATL@@@@@ATL@@V12@@@6B@ 00403358     SetupSup.obj
 0002:00000374       ??_7CSetupSupApp@@6B@      00403374     SetupSup.obj
 0002:00000434       ??_C@_03DMLMIKND@?9uo?$AA@ 00403434     SetupSup.obj
 0002:00000438       ??_C@_01CLKCMJKC@?5?$AA@   00403438     SetupSup.obj
 0002:0000043c       ??_C@_03NPIEMBAL@?9rs?$AA@ 0040343c     SetupSup.obj
 0002:00000440       ??_C@_0P@GHFPNOJB@bad?5allocation?$AA@ 00403440     stdafx.obj
 0002:00000450       ??_C@_06JBKGCNBB@Delete?$AA@ 00403450     mfcs80:stdafx.obj
 0002:00000458       ??_C@_08KAAPDIAN@NoRemove?$AA@ 00403458     mfcs80:stdafx.obj
 0002:00000464       ??_C@_0M@DBGDLGLL@ForceRemove?$AA@ 00403464     mfcs80:stdafx.obj
 0002:00000470       ??_C@_03LAIAPFCB@Val?$AA@  00403470     mfcs80:stdafx.obj
 0002:00000474       ??_C@_01HMGJMAIH@B?$AA@    00403474     mfcs80:stdafx.obj
 0002:00000478       ??_C@_01CKDDGHAB@D?$AA@    00403478     mfcs80:stdafx.obj
 0002:0000047c       ??_C@_01PLPBNMEI@M?$AA@    0040347c     mfcs80:stdafx.obj
 0002:00000480       ??_C@_01CPLAODJH@S?$AA@    00403480     mfcs80:stdafx.obj
 0002:000004a8       ??_7type_info@@6B@         004034a8     msvcrt:ti_inst.obj
 0002:000004b8       __load_config_used         004034b8     msvcrt:loadcfg.obj
 0002:00000534       ??_R4?$CList@V?$CStringT@DV?$StrTraitMFC_DLL@DV?$ChTraitsCRT@D@ATL@@@@@ATL@@V12@@@6B@ 00403534     SetupSup.obj
 0002:00000548       ??_R3?$CList@V?$CStringT@DV?$StrTraitMFC_DLL@DV?$ChTraitsCRT@D@ATL@@@@@ATL@@V12@@@8 00403548     SetupSup.obj
 0002:00000558       ??_R2?$CList@V?$CStringT@DV?$StrTraitMFC_DLL@DV?$ChTraitsCRT@D@ATL@@@@@ATL@@V12@@@8 00403558     SetupSup.obj
 0002:00000564       ??_R1A@?0A@EA@?$CList@V?$CStringT@DV?$StrTraitMFC_DLL@DV?$ChTraitsCRT@D@ATL@@@@@ATL@@V12@@@8 00403564     SetupSup.obj
 0002:00000580       ??_R1A@?0A@EA@CObject@@8   00403580     SetupSup.obj
 0002:0000059c       ??_R3CObject@@8            0040359c     SetupSup.obj
 0002:000005ac       ??_R2CObject@@8            004035ac     SetupSup.obj
 0002:000005b4       ??_R4CSetupSupApp@@6B@     004035b4     SetupSup.obj
 0002:000005c8       ??_R3CSetupSupApp@@8       004035c8     SetupSup.obj
 0002:000005d8       ??_R2CSetupSupApp@@8       004035d8     SetupSup.obj
 0002:000005f0       ??_R1A@?0A@EA@CSetupSupApp@@8 004035f0     SetupSup.obj
 0002:0000060c       ??_R1A@?0A@EA@CWinApp@@8   0040360c     SetupSup.obj
 0002:00000628       ??_R3CWinApp@@8            00403628     SetupSup.obj
 0002:00000638       ??_R2CWinApp@@8            00403638     SetupSup.obj
 0002:0000064c       ??_R1A@?0A@EA@CWinThread@@8 0040364c     SetupSup.obj
 0002:00000668       ??_R3CWinThread@@8         00403668     SetupSup.obj
 0002:00000678       ??_R2CWinThread@@8         00403678     SetupSup.obj
 0002:00000688       ??_R1A@?0A@EA@CCmdTarget@@8 00403688     SetupSup.obj
 0002:000006a4       ??_R3CCmdTarget@@8         004036a4     SetupSup.obj
 0002:000006b4       ??_R2CCmdTarget@@8         004036b4     SetupSup.obj
 0002:000006c0       ??_R4type_info@@6B@        004036c0     msvcrt:ti_inst.obj
 0002:000006d4       ??_R3type_info@@8          004036d4     msvcrt:ti_inst.obj
 0002:000006e4       ??_R2type_info@@8          004036e4     msvcrt:ti_inst.obj
 0002:000006ec       ??_R1A@?0A@EA@type_info@@8 004036ec     msvcrt:ti_inst.obj
 0002:00000710       ___safe_se_handler_table   00403710     <linker-defined>
 0002:00000730       ___rtc_iaa                 00403730     msvcrt:initsect.obj
 0002:00000734       ___rtc_izz                 00403734     msvcrt:initsect.obj
 0002:00000738       ___rtc_taa                 00403738     msvcrt:initsect.obj
 0002:0000073c       ___rtc_tzz                 0040373c     msvcrt:initsect.obj
 0002:000009ac       __IMPORT_DESCRIPTOR_JUtil  004039ac     jutil:JUtil.dll
 0002:000009c0       __IMPORT_DESCRIPTOR_RFMSsvs 004039c0     rfmssvs:RFMSsvs.dll
 0002:000009d4       __IMPORT_DESCRIPTOR_sealloc 004039d4     sealloc:sealloc.dll
 0002:000009e8       __IMPORT_DESCRIPTOR_MFC80  004039e8     mfc80:MFC80.DLL
 0002:000009fc       __IMPORT_DESCRIPTOR_MSVCR80 004039fc     msvcrt:MSVCR80.dll
 0002:00000a10       __IMPORT_DESCRIPTOR_KERNEL32 00403a10     kernel32:KERNEL32.dll
 0002:00000a24       __IMPORT_DESCRIPTOR_COMCTL32 00403a24     comctl32:COMCTL32.dll
 0002:00000a38       __IMPORT_DESCRIPTOR_ole32  00403a38     ole32:ole32.dll
 0002:00000a4c       __NULL_IMPORT_DESCRIPTOR   00403a4c     jutil:JUtil.dll
 0003:00000000       __newmode                  00405000     newmode.obj
 0003:00000008       ??_R0?AV?$CList@V?$CStringT@DV?$StrTraitMFC_DLL@DV?$ChTraitsCRT@D@ATL@@@@@ATL@@V12@@@@8 00405008     SetupSup.obj
 0003:00000064       ??_R0?AVCObject@@@8        00405064     SetupSup.obj
 0003:0000007c       ??_R0?AVCSetupSupApp@@@8   0040507c     SetupSup.obj
 0003:00000098       ??_R0?AVCWinApp@@@8        00405098     SetupSup.obj
 0003:000000b0       ??_R0?AVCWinThread@@@8     004050b0     SetupSup.obj
 0003:000000cc       ??_R0?AVCCmdTarget@@@8     004050cc     SetupSup.obj
 0003:000000f0       ___security_cookie         004050f0     msvcrt:gs_cookie.obj
 0003:000000f4       ___security_cookie_complement 004050f4     msvcrt:gs_cookie.obj
 0003:000000f8       ??_R0?AVtype_info@@@8      004050f8     msvcrt:ti_inst.obj
 0003:00000110       ___native_dllmain_reason   00405110     msvcrt:natstart.obj
 0003:00000114       ___native_vcclrit_reason   00405114     msvcrt:natstart.obj
 0003:00000118       ___globallocalestatus      00405118     msvcrt:xthdloc.obj
 0003:0000011c       ___defaultmatherr          0040511c     msvcrt:merr.obj
 0003:00000120       ?g_pfnGetThreadACP@ATL@@3P6GIXZA 00405120     atls:atltrace.obj
 0003:00000128       ?theApp@@3VCSetupSupApp@@A 00405128     SetupSup.obj
 0003:00000210       __afxForceEXCLUDE          00405210     mfcs80:nolib.obj
 0003:00000214       __afxForceSTDAFX           00405214     mfcs80:stdafx.obj
 0003:0000055c       __dowildcard               0040555c     msvcrt:wildcard.obj
 0003:00000560       __commode                  00405560     msvcrt:xncommod.obj
 0003:00000564       __fmode                    00405564     msvcrt:xtxtmode.obj
 0003:00000568       ?_afxInitAppState@@3DA     00405568     mfcs80:appmodul.obj
 0003:0000056c       __adjust_fdiv              0040556c     <common>
 0003:00000570       ___native_startup_state    00405570     <common>
 0003:00000574       ___native_startup_lock     00405574     <common>
 0003:00000578       ___dyn_tls_init_callback   00405578     <common>
 0003:0000057c       ___onexitend               0040557c     <common>
 0003:00000580       ___onexitbegin             00405580     <common>

 entry point at        0001:00001140

 Static symbols

 0001:00000e34       _pre_cpp_init              00401e34 f   msvcrt:crtexew.obj
 0001:00000e7f       ___tmainCRTStartup         00401e7f f   msvcrt:crtexew.obj
 0001:0000105e       _pre_c_init                0040205e f   msvcrt:crtexew.obj
 0001:00001680       __unwindfunclet$?RemoveTheEnryFromScheduler@CSetupSupApp@@QAEXXZ$3 00402680 f   SetupSup.obj
 0001:00001689       __ehhandler$?RemoveTheEnryFromScheduler@CSetupSupApp@@QAEXXZ 00402689 f   SetupSup.obj
 0001:000016b0       __unwindfunclet$??0CSetupSupApp@@QAE@XZ$0 004026b0 f   SetupSup.obj
 0001:000016b8       __unwindfunclet$??0CSetupSupApp@@QAE@XZ$1 004026b8 f   SetupSup.obj
 0001:000016c6       __unwindfunclet$??0CSetupSupApp@@QAE@XZ$2 004026c6 f   SetupSup.obj
 0001:000016d5       __unwindfunclet$??0CSetupSupApp@@QAE@XZ$3 004026d5 f   SetupSup.obj
 0001:000016e4       __ehhandler$??0CSetupSupApp@@QAE@XZ 004026e4 f   SetupSup.obj
 0001:00001700       __unwindfunclet$??1CSetupSupApp@@UAE@XZ$0 00402700 f   SetupSup.obj
 0001:00001708       __unwindfunclet$??1CSetupSupApp@@UAE@XZ$1 00402708 f   SetupSup.obj
 0001:00001716       __unwindfunclet$??1CSetupSupApp@@UAE@XZ$2 00402716 f   SetupSup.obj
 0001:00001725       __unwindfunclet$??1CSetupSupApp@@UAE@XZ$3 00402725 f   SetupSup.obj
 0001:00001734       __ehhandler$??1CSetupSupApp@@UAE@XZ 00402734 f   SetupSup.obj
 0001:00001750       __unwindfunclet$?AddTail@?$CList@V?$CStringT@DV?$StrTraitMFC_DLL@DV?$ChTraitsCRT@D@ATL@@@@@ATL@@V12@@@QAEPAU__POSITION@@V?$CStringT@DV?$StrTraitMFC_DLL@DV?$ChTraitsCRT@D@ATL@@@@@ATL@@@Z$0 00402750 f   SetupSup.obj
 0001:00001759       __ehhandler$?AddTail@?$CList@V?$CStringT@DV?$StrTraitMFC_DLL@DV?$ChTraitsCRT@D@ATL@@@@@ATL@@V12@@@QAEPAU__POSITION@@V?$CStringT@DV?$StrTraitMFC_DLL@DV?$ChTraitsCRT@D@ATL@@@@@ATL@@@Z 00402759 f   SetupSup.obj
 0001:00001780       __unwindfunclet$?Serialize@?$CList@V?$CStringT@DV?$StrTraitMFC_DLL@DV?$ChTraitsCRT@D@ATL@@@@@ATL@@V12@@@UAEXAAVCArchive@@@Z$0 00402780 f   SetupSup.obj
 0001:00001794       __unwindfunclet$?Serialize@?$CList@V?$CStringT@DV?$StrTraitMFC_DLL@DV?$ChTraitsCRT@D@ATL@@@@@ATL@@V12@@@UAEXAAVCArchive@@@Z$1 00402794 f   SetupSup.obj
 0001:0000179d       __ehhandler$?Serialize@?$CList@V?$CStringT@DV?$StrTraitMFC_DLL@DV?$ChTraitsCRT@D@ATL@@@@@ATL@@V12@@@UAEXAAVCArchive@@@Z 0040279d f   SetupSup.obj
 0001:000017c0       __unwindfunclet$?ParseCommandLineString@CSetupSupApp@@QAEXXZ$0 004027c0 f   SetupSup.obj
 0001:000017c9       __unwindfunclet$?ParseCommandLineString@CSetupSupApp@@QAEXXZ$1 004027c9 f   SetupSup.obj
 0001:000017d2       __unwindfunclet$?ParseCommandLineString@CSetupSupApp@@QAEXXZ$2 004027d2 f   SetupSup.obj
 0001:000017db       __unwindfunclet$?ParseCommandLineString@CSetupSupApp@@QAEXXZ$5 004027db f   SetupSup.obj
 0001:000017e4       __unwindfunclet$?ParseCommandLineString@CSetupSupApp@@QAEXXZ$6 004027e4 f   SetupSup.obj
 0001:000017ed       __unwindfunclet$?ParseCommandLineString@CSetupSupApp@@QAEXXZ$7 004027ed f   SetupSup.obj
 0001:000017f6       __unwindfunclet$?ParseCommandLineString@CSetupSupApp@@QAEXXZ$3 004027f6 f   SetupSup.obj
 0001:000017ff       __unwindfunclet$?ParseCommandLineString@CSetupSupApp@@QAEXXZ$4 004027ff f   SetupSup.obj
 0001:00001808       __ehhandler$?ParseCommandLineString@CSetupSupApp@@QAEXXZ 00402808 f   SetupSup.obj
 0001:00001830       __unwindfunclet$?InitInstance@CSetupSupApp@@UAEHXZ$0 00402830 f   SetupSup.obj
 0001:00001839       __ehhandler$?InitInstance@CSetupSupApp@@UAEHXZ 00402839 f   SetupSup.obj
 0001:00001860       ??__EtheApp@@YAXXZ         00402860 f   SetupSup.obj
 0001:00001876       ??__E_afxInitAppState@@YAXXZ 00402876 f   mfcs80:appmodul.obj
 0001:00001890       ??__FtheApp@@YAXXZ         00402890 f   SetupSup.obj
