 shake

 Timestamp is 46b3a5e2 (Fri Aug 03 17:02:10 2007)

 Preferred load address is 10000000

 Start         Length     Name                   Class
 0001:00000000 000027dcH .text                   CODE
 0001:000027e0 00000146H .text$x                 CODE
 0001:00002930 000000f6H .text$yc                CODE
 0002:00000000 000000f8H .idata$5                DATA
 0002:000000f8 00000004H .CRT$XCA                DATA
 0002:000000fc 00000020H .CRT$XCU                DATA
 0002:0000011c 00000004H .CRT$XCZ                DATA
 0002:00000120 00000004H .CRT$XIA                DATA
 0002:00000124 00000004H .CRT$XIAA               DATA
 0002:00000128 00000004H .CRT$XIZ                DATA
 0002:00000130 00000188H .rdata                  DATA
 0002:000002b8 0000002fH .rdata$debug            DATA
 0002:000002f0 00000010H .rdata$sxdata           DATA
 0002:00000300 00000004H .rtc$IAA                DATA
 0002:00000304 00000004H .rtc$IZZ                DATA
 0002:00000308 00000004H .rtc$TAA                DATA
 0002:0000030c 00000004H .rtc$TZZ                DATA
 0002:00000310 0000016cH .xdata$x                DATA
 0002:0000047c 000000c8H .idata$2                DATA
 0002:00000544 00000014H .idata$3                DATA
 0002:00000558 000000f8H .idata$4                DATA
 0002:00000650 000003e4H .idata$6                DATA
 0002:00000a40 0000007dH .edata                  DATA
 0003:00000000 00001460H .data                   DATA
 0003:00001460 0000079cH .bss                    DATA
 0004:00000000 00000058H .rsrc$01                DATA
 0004:00000060 00000368H .rsrc$02                DATA

  Address         Publics by Value              Rva+Base       Lib:Object

 0000:00000000       __except_list              00000000     <absolute>
 0000:00000004       ___safe_se_handler_count   00000004     <absolute>
 0000:00009876       __ldused                   00009876     <absolute>
 0000:00009876       __fltused                  00009876     <absolute>
 0000:00000000       ___ImageBase               10000000     <linker-defined>
 0001:00000000       ??2@YAPAXI@Z               10001000 f   nothrownew.obj
 0001:00000025       ??_U@YAPAXI@Z              10001025 f   nothrownew.obj
 0001:00000030       ?initShake@@YAJPAUigShake@@@Z 10001030 f   SHAKE.obj
 0001:00000070       ?Clear@?$TIP@PAUIJKeyPoint@@@@QAEXXZ 10001070 f i SHAKE.obj
 0001:00000070       ?Clear@?$TIP@PAUIStdEnumJIDREF@@@@QAEXXZ 10001070 f i SHAKE.obj
 0001:00000090       ??I?$TIP@PAUIEnumJIDREF@@@@QAEPAPAUIEnumJIDREF@@XZ 10001090 f i SHAKE.obj
 0001:000000b0       ??1?$TIP@PAUIJLine2d@@@@QAE@XZ 100010b0 f i SHAKE.obj
 0001:000000b0       ??1?$TIP@PAUIUnknown@@@@QAE@XZ 100010b0 f i SHAKE.obj
 0001:000000b0       ??1?$TIP@PAU_IHKeyPoint@@@@QAE@XZ 100010b0 f i SHAKE.obj
 0001:000000b0       ??1?$TIP@PAUIJRelationGraph@@@@QAE@XZ 100010b0 f i SHAKE.obj
 0001:000000b0       ??1?$TIP@PAUIStdEnumJIDREF@@@@QAE@XZ 100010b0 f i SHAKE.obj
 0001:000000b0       ??1?$TIP@PAUIJTypedGeometry2d@@@@QAE@XZ 100010b0 f i SHAKE.obj
 0001:000000b0       ??1?$TIP@PAUIJKeyPoint@@@@QAE@XZ 100010b0 f i SHAKE.obj
 0001:000000b0       ??1?$TIP@PAUIEnumJIDREF@@@@QAE@XZ 100010b0 f i SHAKE.obj
 0001:000000c0       ??0?$JArray@PAUIUnknown@@PAU1@@@QAE@XZ 100010c0 f i SHAKE.obj
 0001:000000c0       ??0?$JArray@USobject_keypoint@@U1@@@QAE@XZ 100010c0 f i SHAKE.obj
 0001:000000c0       ??0?$JArray@UtagGPosition@@U1@@@QAE@XZ 100010c0 f i SHAKE.obj
 0001:000000c0       ??0?$JArray@NN@@QAE@XZ     100010c0 f i SHAKE.obj
 0001:000000d0       ??$ConstructElements@N@@YGXPANH@Z 100010d0 f i SHAKE.obj
 0001:000000d0       ??$ConstructElements@USobject_keypoint@@@@YGXPAUSobject_keypoint@@H@Z 100010d0 f i SHAKE.obj
 0001:000000f0       ??$ConstructElements@PAUIUnknown@@@@YGXPAPAUIUnknown@@H@Z 100010f0 f i SHAKE.obj
 0001:00000110       ??$ConstructElements@UtagGPosition@@@@YGXPAUtagGPosition@@H@Z 10001110 f i SHAKE.obj
 0001:00000130       ?Shake@@YAJNPAUigShake@@@Z 10001130 f   SHAKE.obj
 0001:000002f0       ?postShake@@YAJPAUigShake@@@Z 100012f0 f   SHAKE.obj
 0001:000003e0       ??1?$JArray@NN@@QAE@XZ     100013e0 f i SHAKE.obj
 0001:000003e0       ??1?$JArray@USobject_keypoint@@U1@@@QAE@XZ 100013e0 f i SHAKE.obj
 0001:000003e0       ??1?$JArray@PAUIUnknown@@PAU1@@@QAE@XZ 100013e0 f i SHAKE.obj
 0001:000003e0       ??1?$JArray@UtagGPosition@@U1@@@QAE@XZ 100013e0 f i SHAKE.obj
 0001:000003f0       ?SetSize@?$JArray@PAUIUnknown@@PAU1@@@QAEXHH@Z 100013f0 f i SHAKE.obj
 0001:00000510       ?SetAtGrow@?$JArray@PAUIUnknown@@PAU1@@@QAEXHPAUIUnknown@@@Z 10001510 f i SHAKE.obj
 0001:00000550       ?SetSize@?$JArray@USobject_keypoint@@U1@@@QAEXHH@Z 10001550 f i SHAKE.obj
 0001:00000550       ?SetSize@?$JArray@NN@@QAEXHH@Z 10001550 f i SHAKE.obj
 0001:00000670       ?SetAtGrow@?$JArray@USobject_keypoint@@U1@@@QAEXHUSobject_keypoint@@@Z 10001670 f i SHAKE.obj
 0001:000006a0       ?SetSize@?$JArray@UtagGPosition@@U1@@@QAEXHH@Z 100016a0 f i SHAKE.obj
 0001:000007d0       ?SetAtGrow@?$JArray@UtagGPosition@@U1@@@QAEXHUtagGPosition@@@Z 100017d0 f i SHAKE.obj
 0001:00000820       ?InsertAt@?$JArray@NN@@QAEXHNH@Z 10001820 f i SHAKE.obj
 0001:000008b0       ?Add@?$JArray@USobject_keypoint@@U1@@@QAEHUSobject_keypoint@@@Z 100018b0 f i SHAKE.obj
 0001:000008d0       ?Add@?$JArray@UtagGPosition@@U1@@@QAEHUtagGPosition@@@Z 100018d0 f i SHAKE.obj
 0001:00000d70       ?preShake@@YAJPAUIEnumUnknown@@PAUigShake@@@Z 10001d70 f   SHAKE.obj
 0001:00001fe0       _HModifyElement@8          10002fe0 f   daxutil:Daxutil.dll
 0001:00001fe6       _HFreeConstraintLists@16   10002fe6 f   hcnstr:hcnstr.dll
 0001:00001fec       _HGetAllConstraints@20     10002fec f   hcnstr:hcnstr.dll
 0001:00001ff2       _HGetFixStatus@16          10002ff2 f   hcnstr:hcnstr.dll
 0001:00001ff8       _HTransformKeyPoint@12     10002ff8 f   hslvr:hslvr.dll
 0001:00001ffe       _JCreateJIDREFDataHolder@12 10002ffe f   jengine:jengine.dll
 0001:00002004       _CreateStdRelationGraph@8  10003004 f   jengine:jengine.dll
 0001:0000200a       _HRerrEx                   1000300a f   jutil:JUtil.dll
 0001:00002010       _IMTypedCurveLength2d      10003010 f   ugeom2d:ugeom2d.dll
 0001:00002016       _IMTypedGeomToTypedCurve2d 10003016 f   ugeom2d:ugeom2d.dll
 0001:0000201c       ?Convert3d@tagGTransf@@QAEXABUtagGTransf2d@@@Z 1000301c f   umath:umath.dll
 0001:00002022       ?TranslateTransf2d@@YA?AUtagGTransf2d@@ABUtagGVector2d@@@Z 10003022 f   umath:umath.dll
 0001:00002028       _GetSolverType@12          10003028 f   util:dslutil.dll
 0001:0000202e       _malloc                    1000302e f   MSVCRT:MSVCR80.dll
 0001:00002034       __callnewh                 10003034 f   MSVCRT:MSVCR80.dll
 0001:0000203a       _memset                    1000303a f   MSVCRT:MSVCR80.dll
 0001:00002040       ??_V@YAXPAX@Z              10003040 f   MSVCRT:MSVCR80.dll
 0001:00002046       ___CxxFrameHandler3        10003046 f   MSVCRT:MSVCR80.dll
 0001:0000204c       @__security_check_cookie@4 1000304c f   MSVCRT:secchk.obj
 0001:0000205c       _memcpy                    1000305c f   MSVCRT:MSVCR80.dll
 0001:000020af       __CRT_INIT@12              100030af f   MSVCRT:crtdll.obj
 0001:00002364       __DllMainCRTStartup@12     10003364 f   MSVCRT:crtdll.obj
 0001:00002385       ___report_gsfailure        10003385 f   MSVCRT:gs_report.obj
 0001:00002489       ___clean_type_info_names   10003489 f   MSVCRT:tncleanup.obj
 0001:00002495       __onexit                   10003495 f   MSVCRT:atonexit.obj
 0001:00002534       _atexit                    10003534 f   MSVCRT:atonexit.obj
 0001:00002546       __RTC_Initialize           10003546 f   MSVCRT:initsect.obj
 0001:0000256a       __RTC_Terminate            1000356a f   MSVCRT:initsect.obj
 0001:00002590       __ValidateImageBase        10003590 f   MSVCRT:pesect.obj
 0001:000025c0       __FindPESection            100035c0 f   MSVCRT:pesect.obj
 0001:00002602       __IsNonwritableInCurrentImage 10003602 f   MSVCRT:pesect.obj
 0001:0000266e       __initterm                 1000366e f   MSVCRT:MSVCR80.dll
 0001:00002674       __initterm_e               10003674 f   MSVCRT:MSVCR80.dll
 0001:0000267a       __amsg_exit                1000367a f   MSVCRT:MSVCR80.dll
 0001:00002680       ___CppXcptFilter           10003680 f   MSVCRT:MSVCR80.dll
 0001:00002686       _DllMain@12                10003686 f   MSVCRT:dllmain.obj
 0001:000026a8       __SEH_prolog4              100036a8 f   MSVCRT:sehprolg4.obj
 0001:000026ed       __SEH_epilog4              100036ed f   MSVCRT:sehprolg4.obj
 0001:00002701       __except_handler4          10003701 f   MSVCRT:chandler4gs.obj
 0001:00002724       ___security_init_cookie    10003724 f   MSVCRT:gs_support.obj
 0001:000027b8       __crt_debugger_hook        100037b8 f   MSVCRT:MSVCR80.dll
 0001:000027be       ___clean_type_info_names_internal 100037be f   MSVCRT:MSVCR80.dll
 0001:000027c4       __unlock                   100037c4 f   MSVCRT:MSVCR80.dll
 0001:000027ca       ___dllonexit               100037ca f   MSVCRT:MSVCR80.dll
 0001:000027d0       __lock                     100037d0 f   MSVCRT:MSVCR80.dll
 0001:000027d6       __except_handler4_common   100037d6 f   MSVCRT:MSVCR80.dll
 0002:00000000       __imp__HModifyElement@8    10004000     daxutil:Daxutil.dll
 0002:00000004       \177Daxutil_NULL_THUNK_DATA 10004004     daxutil:Daxutil.dll
 0002:00000008       __imp__HRerrEx             10004008     jutil:JUtil.dll
 0002:0000000c       \177JUtil_NULL_THUNK_DATA  1000400c     jutil:JUtil.dll
 0002:00000010       __imp__GetCurrentThreadId@0 10004010     kernel32:KERNEL32.dll
 0002:00000014       __imp__GetTickCount@0      10004014     kernel32:KERNEL32.dll
 0002:00000018       __imp__GetCurrentProcessId@0 10004018     kernel32:KERNEL32.dll
 0002:0000001c       __imp__DisableThreadLibraryCalls@4 1000401c     kernel32:KERNEL32.dll
 0002:00000020       __imp__IsDebuggerPresent@0 10004020     kernel32:KERNEL32.dll
 0002:00000024       __imp__SetUnhandledExceptionFilter@4 10004024     kernel32:KERNEL32.dll
 0002:00000028       __imp__UnhandledExceptionFilter@4 10004028     kernel32:KERNEL32.dll
 0002:0000002c       __imp__GetSystemTimeAsFileTime@4 1000402c     kernel32:KERNEL32.dll
 0002:00000030       __imp__QueryPerformanceCounter@4 10004030     kernel32:KERNEL32.dll
 0002:00000034       __imp__GetCurrentProcess@0 10004034     kernel32:KERNEL32.dll
 0002:00000038       __imp__TerminateProcess@8  10004038     kernel32:KERNEL32.dll
 0002:0000003c       __imp__InterlockedCompareExchange@12 1000403c     kernel32:KERNEL32.dll
 0002:00000040       __imp__Sleep@4             10004040     kernel32:KERNEL32.dll
 0002:00000044       __imp__InterlockedExchange@8 10004044     kernel32:KERNEL32.dll
 0002:00000048       \177KERNEL32_NULL_THUNK_DATA 10004048     kernel32:KERNEL32.dll
 0002:0000004c       __imp___crt_debugger_hook  1000404c     MSVCRT:MSVCR80.dll
 0002:00000050       __imp___except_handler4_common 10004050     MSVCRT:MSVCR80.dll
 0002:00000054       __imp___onexit             10004054     MSVCRT:MSVCR80.dll
 0002:00000058       __imp__malloc              10004058     MSVCRT:MSVCR80.dll
 0002:0000005c       __imp___callnewh           1000405c     MSVCRT:MSVCR80.dll
 0002:00000060       __imp__memset              10004060     MSVCRT:MSVCR80.dll
 0002:00000064       __imp_??_V@YAXPAX@Z        10004064     MSVCRT:MSVCR80.dll
 0002:00000068       __imp____CxxFrameHandler3  10004068     MSVCRT:MSVCR80.dll
 0002:0000006c       __imp__memcpy              1000406c     MSVCRT:MSVCR80.dll
 0002:00000070       __imp__memmove             10004070     MSVCRT:MSVCR80.dll
 0002:00000074       __imp___encode_pointer     10004074     MSVCRT:MSVCR80.dll
 0002:00000078       __imp___malloc_crt         10004078     MSVCRT:MSVCR80.dll
 0002:0000007c       __imp___lock               1000407c     MSVCRT:MSVCR80.dll
 0002:00000080       __imp__free                10004080     MSVCRT:MSVCR80.dll
 0002:00000084       __imp___decode_pointer     10004084     MSVCRT:MSVCR80.dll
 0002:00000088       __imp___initterm           10004088     MSVCRT:MSVCR80.dll
 0002:0000008c       __imp___initterm_e         1000408c     MSVCRT:MSVCR80.dll
 0002:00000090       __imp___amsg_exit          10004090     MSVCRT:MSVCR80.dll
 0002:00000094       __imp___adjust_fdiv        10004094     MSVCRT:MSVCR80.dll
 0002:00000098       __imp____CppXcptFilter     10004098     MSVCRT:MSVCR80.dll
 0002:0000009c       __imp___encoded_null       1000409c     MSVCRT:MSVCR80.dll
 0002:000000a0       __imp____clean_type_info_names_internal 100040a0     MSVCRT:MSVCR80.dll
 0002:000000a4       __imp___unlock             100040a4     MSVCRT:MSVCR80.dll
 0002:000000a8       __imp____dllonexit         100040a8     MSVCRT:MSVCR80.dll
 0002:000000ac       \177MSVCR80_NULL_THUNK_DATA 100040ac     MSVCRT:MSVCR80.dll
 0002:000000b0       __imp__GetSolverType@12    100040b0     util:dslutil.dll
 0002:000000b4       __imp_?HFree@@YAJHQAUtagGTypedGeometry2d@@@Z 100040b4     util:dslutil.dll
 0002:000000b8       \177dslutil_NULL_THUNK_DATA 100040b8     util:dslutil.dll
 0002:000000bc       __imp__HFreeConstraintLists@16 100040bc     hcnstr:hcnstr.dll
 0002:000000c0       __imp__HGetAllConstraints@20 100040c0     hcnstr:hcnstr.dll
 0002:000000c4       __imp__HGetFixStatus@16    100040c4     hcnstr:hcnstr.dll
 0002:000000c8       \177hcnstr_NULL_THUNK_DATA 100040c8     hcnstr:hcnstr.dll
 0002:000000cc       __imp__HTransformKeyPoint@12 100040cc     hslvr:hslvr.dll
 0002:000000d0       \177hslvr_NULL_THUNK_DATA  100040d0     hslvr:hslvr.dll
 0002:000000d4       __imp__JCreateJIDREFDataHolder@12 100040d4     jengine:jengine.dll
 0002:000000d8       __imp__CreateStdRelationGraph@8 100040d8     jengine:jengine.dll
 0002:000000dc       \177jengine_NULL_THUNK_DATA 100040dc     jengine:jengine.dll
 0002:000000e0       __imp__IMTypedGeomToTypedCurve2d 100040e0     ugeom2d:ugeom2d.dll
 0002:000000e4       __imp__IMTypedCurveLength2d 100040e4     ugeom2d:ugeom2d.dll
 0002:000000e8       \177ugeom2d_NULL_THUNK_DATA 100040e8     ugeom2d:ugeom2d.dll
 0002:000000ec       __imp_?TranslateTransf2d@@YA?AUtagGTransf2d@@ABUtagGVector2d@@@Z 100040ec     umath:umath.dll
 0002:000000f0       __imp_?Convert3d@tagGTransf@@QAEXABUtagGTransf2d@@@Z 100040f0     umath:umath.dll
 0002:000000f4       \177umath_NULL_THUNK_DATA  100040f4     umath:umath.dll
 0002:000000f8       ___xc_a                    100040f8     MSVCRT:cinitexe.obj
 0002:0000011c       ___xc_z                    1000411c     MSVCRT:cinitexe.obj
 0002:00000120       ___xi_a                    10004120     MSVCRT:cinitexe.obj
 0002:00000128       ___xi_z                    10004128     MSVCRT:cinitexe.obj
 0002:0000014c       ??_C@_0P@GHFPNOJB@bad?5allocation?$AA@ 1000414c     GUID.obj
 0002:0000015c       _IID_IJRelationGraph       1000415c     GUID.obj
 0002:0000016c       _IID__IHKeyPoint           1000416c     GUID.obj
 0002:0000017c       _IID_IJKeyPoint            1000417c     GUID.obj
 0002:0000018c       _IID_IConstraintSolver     1000418c     GUID.obj
 0002:000001a4       _IID_IJGeometry            100041a4     GUID.obj
 0002:000001b4       _IID_IJTypedGeometry2d     100041b4     GUID.obj
 0002:000001c4       _IID_IJMTopologyProxy      100041c4     GUID.obj
 0002:000001e0       __real@3fe0000000000000    100041e0     SHAKE.obj
 0002:000001e8       __real@410069c000000000    100041e8     SHAKE.obj
 0002:000001f0       ??_C@_0M@ONBOIPLM@?4?2SHAKE?4CPP?$AA@ 100041f0     SHAKE.obj
 0002:000001fc       ??_C@_05LCPHDDMM@Shake?$AA@ 100041fc     SHAKE.obj
 0002:00000204       ??_C@_09KPNEFDLP@postShake?$AA@ 10004204     SHAKE.obj
 0002:00000210       ??_C@_0CI@GHCEAFNA@qq_GetRelatedObjectsNotThroughSp@ 10004210     SHAKE.obj
 0002:00000238       ??_C@_08CCGELALL@preShake?$AA@ 10004238     SHAKE.obj
 0002:00000244       _IID_IUnknown              10004244     uuid:unknwn_i.obj
 0002:00000254       _GUID_NULL                 10004254     uuid:cguid_i.obj
 0002:00000264       __pRawDllMain              10004264     MSVCRT:crtdll.obj
 0002:00000264       __pDefaultRawDllMain       10004264     MSVCRT:crtdll.obj
 0002:00000270       __load_config_used         10004270     MSVCRT:loadcfg.obj
 0002:000002f0       ___safe_se_handler_table   100042f0     <linker-defined>
 0002:00000300       ___rtc_iaa                 10004300     MSVCRT:initsect.obj
 0002:00000304       ___rtc_izz                 10004304     MSVCRT:initsect.obj
 0002:00000308       ___rtc_taa                 10004308     MSVCRT:initsect.obj
 0002:0000030c       ___rtc_tzz                 1000430c     MSVCRT:initsect.obj
 0002:0000047c       __IMPORT_DESCRIPTOR_Daxutil 1000447c     daxutil:Daxutil.dll
 0002:00000490       __IMPORT_DESCRIPTOR_hcnstr 10004490     hcnstr:hcnstr.dll
 0002:000004a4       __IMPORT_DESCRIPTOR_hslvr  100044a4     hslvr:hslvr.dll
 0002:000004b8       __IMPORT_DESCRIPTOR_jengine 100044b8     jengine:jengine.dll
 0002:000004cc       __IMPORT_DESCRIPTOR_JUtil  100044cc     jutil:JUtil.dll
 0002:000004e0       __IMPORT_DESCRIPTOR_ugeom2d 100044e0     ugeom2d:ugeom2d.dll
 0002:000004f4       __IMPORT_DESCRIPTOR_umath  100044f4     umath:umath.dll
 0002:00000508       __IMPORT_DESCRIPTOR_dslutil 10004508     util:dslutil.dll
 0002:0000051c       __IMPORT_DESCRIPTOR_MSVCR80 1000451c     MSVCRT:MSVCR80.dll
 0002:00000530       __IMPORT_DESCRIPTOR_KERNEL32 10004530     kernel32:KERNEL32.dll
 0002:00000544       __NULL_IMPORT_DESCRIPTOR   10004544     daxutil:Daxutil.dll
 0003:00000000       __newmode                  10005000     newmode.obj
 0003:00001450       ___security_cookie         10006450     MSVCRT:gs_cookie.obj
 0003:00001454       ___security_cookie_complement 10006454     MSVCRT:gs_cookie.obj
 0003:00001458       ___native_dllmain_reason   10006458     MSVCRT:natstart.obj
 0003:0000145c       ___native_vcclrit_reason   1000645c     MSVCRT:natstart.obj
 0003:00001bdc       ?__type_info_root_node@@3U__type_info_node@@A 10006bdc     MSVCRT:tncleanup.obj
 0003:00001be4       __adjust_fdiv              10006be4     <common>
 0003:00001be8       ___native_startup_state    10006be8     <common>
 0003:00001bec       ___native_startup_lock     10006bec     <common>
 0003:00001bf0       ___onexitend               10006bf0     <common>
 0003:00001bf4       ___onexitbegin             10006bf4     <common>
 0003:00001bf8       ___dyn_tls_init_callback   10006bf8     <common>

 entry point at        0001:00002364

 Static symbols

 0001:00000050       ?qq_free_typeds@@YAXPAHPAPAUtagGTypedGeometry2d@@@Z 10001050 f   SHAKE.obj
 0001:00000910       ?qq_GetRelatedObjectsNotThroughSpecified@@YAJAAV?$JArray@PAUIUnknown@@PAU1@@@0PAUIUnknown@@@Z 10001910 f   SHAKE.obj
 0001:00002062       _pre_c_init                10003062 f   MSVCRT:crtdll.obj
 0001:0000224e       ___DllMainCRTStartup       1000324e f   MSVCRT:crtdll.obj
 0001:000027e0       __unwindfunclet$?postShake@@YAJPAUigShake@@@Z$1 100037e0 f   SHAKE.obj
 0001:000027e8       __ehhandler$?postShake@@YAJPAUigShake@@@Z 100037e8 f   SHAKE.obj
 0001:00002810       __unwindfunclet$?qq_GetRelatedObjectsNotThroughSpecified@@YAJAAV?$JArray@PAUIUnknown@@PAU1@@@0PAUIUnknown@@@Z$8 10003810 f   SHAKE.obj
 0001:00002818       __ehhandler$?qq_GetRelatedObjectsNotThroughSpecified@@YAJAAV?$JArray@PAUIUnknown@@PAU1@@@0PAUIUnknown@@@Z 10003818 f   SHAKE.obj
 0001:00002840       __unwindfunclet$?preShake@@YAJPAUIEnumUnknown@@PAUigShake@@@Z$23 10003840 f   SHAKE.obj
 0001:0000284b       __unwindfunclet$?preShake@@YAJPAUIEnumUnknown@@PAUigShake@@@Z$24 1000384b f   SHAKE.obj
 0001:00002856       __unwindfunclet$?preShake@@YAJPAUIEnumUnknown@@PAUigShake@@@Z$25 10003856 f   SHAKE.obj
 0001:00002861       __unwindfunclet$?preShake@@YAJPAUIEnumUnknown@@PAUigShake@@@Z$26 10003861 f   SHAKE.obj
 0001:0000286c       __unwindfunclet$?preShake@@YAJPAUIEnumUnknown@@PAUigShake@@@Z$27 1000386c f   SHAKE.obj
 0001:00002877       __unwindfunclet$?preShake@@YAJPAUIEnumUnknown@@PAUigShake@@@Z$28 10003877 f   SHAKE.obj
 0001:00002882       __unwindfunclet$?preShake@@YAJPAUIEnumUnknown@@PAUigShake@@@Z$29 10003882 f   SHAKE.obj
 0001:0000288a       __unwindfunclet$?preShake@@YAJPAUIEnumUnknown@@PAUigShake@@@Z$30 1000388a f   SHAKE.obj
 0001:00002895       __unwindfunclet$?preShake@@YAJPAUIEnumUnknown@@PAUigShake@@@Z$31 10003895 f   SHAKE.obj
 0001:000028a0       __unwindfunclet$?preShake@@YAJPAUIEnumUnknown@@PAUigShake@@@Z$32 100038a0 f   SHAKE.obj
 0001:000028ab       __unwindfunclet$?preShake@@YAJPAUIEnumUnknown@@PAUigShake@@@Z$33 100038ab f   SHAKE.obj
 0001:000028b6       __unwindfunclet$?preShake@@YAJPAUIEnumUnknown@@PAUigShake@@@Z$34 100038b6 f   SHAKE.obj
 0001:000028c1       __unwindfunclet$?preShake@@YAJPAUIEnumUnknown@@PAUigShake@@@Z$35 100038c1 f   SHAKE.obj
 0001:000028cc       __unwindfunclet$?preShake@@YAJPAUIEnumUnknown@@PAUigShake@@@Z$36 100038cc f   SHAKE.obj
 0001:000028d7       __unwindfunclet$?preShake@@YAJPAUIEnumUnknown@@PAUigShake@@@Z$37 100038d7 f   SHAKE.obj
 0001:000028e2       __unwindfunclet$?preShake@@YAJPAUIEnumUnknown@@PAUigShake@@@Z$38 100038e2 f   SHAKE.obj
 0001:000028ed       __unwindfunclet$?preShake@@YAJPAUIEnumUnknown@@PAUigShake@@@Z$39 100038ed f   SHAKE.obj
 0001:000028f8       __ehhandler$?preShake@@YAJPAUIEnumUnknown@@PAUigShake@@@Z 100038f8 f   SHAKE.obj
 0001:00002930       ??__EGNULL_Camera@@YAXXZ   10003930 f   GUID.obj
 0001:00002950       ??__EGNULL_CAMERA@@YAXXZ   10003950 f   GUID.obj
 0001:00002970       ??__EGID_Camera@@YAXXZ     10003970 f   GUID.obj
 0001:00002990       ??__EGID_CAMERA@@YAXXZ     10003990 f   GUID.obj
 0001:000029b0       ??__EGNULL_Camera@@YAXXZ   100039b0 f   PSHAKE.obj
 0001:000029d0       ??__EGNULL_CAMERA@@YAXXZ   100039d0 f   PSHAKE.obj
 0001:000029f0       ??__EGID_Camera@@YAXXZ     100039f0 f   PSHAKE.obj
 0001:00002a10       ??__EGID_CAMERA@@YAXXZ     10003a10 f   PSHAKE.obj
