 umacro

 Timestamp is 46b39dc2 (Fri Aug 03 16:27:30 2007)

 Preferred load address is 10000000

 Start         Length     Name                   Class
 0001:00000000 00003208H .text                   CODE
 0001:00003210 000003bcH .text$x                 CODE
 0001:000035d0 00000011H .text$yc                CODE
 0001:000035f0 0000003bH .text$yd                CODE
 0002:00000000 000001fcH .idata$5                DATA
 0002:000001fc 00000004H .CRT$XCA                DATA
 0002:00000200 00000004H .CRT$XCU                DATA
 0002:00000204 00000004H .CRT$XCZ                DATA
 0002:00000208 00000004H .CRT$XIA                DATA
 0002:0000020c 00000004H .CRT$XIAA               DATA
 0002:00000210 00000004H .CRT$XIZ                DATA
 0002:00000220 00000270H .rdata                  DATA
 0002:00000490 00000030H .rdata$debug            DATA
 0002:000004c0 00000048H .rdata$r                DATA
 0002:00000510 0000002cH .rdata$sxdata           DATA
 0002:0000053c 00000004H .rtc$IAA                DATA
 0002:00000540 00000004H .rtc$IZZ                DATA
 0002:00000544 00000004H .rtc$TAA                DATA
 0002:00000548 00000004H .rtc$TZZ                DATA
 0002:00000550 0000058cH .xdata$x                DATA
 0002:00000adc 000000c8H .idata$2                DATA
 0002:00000ba4 00000014H .idata$3                DATA
 0002:00000bb8 000001fcH .idata$4                DATA
 0002:00000db4 00000adcH .idata$6                DATA
 0002:00001890 00000122H .edata                  DATA
 0003:00000000 00000068H .data                   DATA
 0003:00000068 0000042cH .bss                    DATA
 0004:00000000 00000058H .rsrc$01                DATA
 0004:00000060 00000400H .rsrc$02                DATA

  Address         Publics by Value              Rva+Base       Lib:Object

 0000:0000000b       ___safe_se_handler_count   0000000b     <absolute>
 0000:00000000       ___ImageBase               10000000     <linker-defined>
 0001:00000000       ??2@YAPAXI@Z               10001000 f   nothrownew.obj
 0001:00000025       ??_U@YAPAXI@Z              10001025 f   nothrownew.obj
 0001:00000030       ?GetMacroDirectory@@YAJPAU_GUID@@QAD@Z 10001030 f   dialog.obj
 0001:000001f0       _IsEqualGUID               100011f0 f i dialog.obj
 0001:00000290       ??0?$JList@UtagProgID@@AAU1@@@QAE@H@Z 10001290 f i dialog.obj
 0001:000002b0       ?DlgProc@@YGHPAUHWND__@@IIJ@Z 100012b0 f   dialog.obj
 0001:000003f0       ?GetRunMacroInformation@@YAJPBDPAU_GUID@@PAKPADK3K3PAPAUHBITMAP__@@@Z 100013f0 f   dialog.obj
 0001:00000d90       ?RemoveAll@?$JList@UtagProgID@@AAU1@@@QAEXXZ 10001d90 f i dialog.obj
 0001:00000dc0       ??1?$JList@UtagProgID@@AAU1@@@QAE@XZ 10001dc0 f i dialog.obj
 0001:00000dd0       ??0tagDialogBoxInfo@@QAE@XZ 10001dd0 f i dialog.obj
 0001:00000e20       ??1tagDialogBoxInfo@@QAE@XZ 10001e20 f i dialog.obj
 0001:00000e70       ?GetClassIdentifier@@YAJPBDPAUHWND__@@PAH22QAD@Z 10001e70 f   dialog.obj
 0001:00001010       ?FileOpenHookProc@@YGIPAUHWND__@@IIJ@Z 10002010 f   dialog.obj
 0001:000010e0       ?GetRunMacro@@YAJPAUHWND__@@PAU_GUID@@PBDPAHQAD1@Z 100020e0 f   dialog.obj
 0001:00001930       ?DisplayErrorHelper2@@YAXPAUHWND__@@IPAD@Z 10002930 f   error.obj
 0001:00001a30       ?DisplayErrorHelper@@YAXPAUHWND__@@IZZ 10002a30 f   error.obj
 0001:00001a50       ?ShowSystemErrorHelper2@@YAHPAUHWND__@@KPAD@Z 10002a50 f   error.obj
 0001:00001be0       ?ShowSystemErrorHelper@@YAHPAUHWND__@@KZZ 10002be0 f   error.obj
 0001:00001c00       ?GetResourceModuleHandle@@YAPAUHINSTANCE__@@XZ 10002c00 f   server.obj
 0001:00001c30       _DllMain@12                10002c30 f   server.obj
 0001:00001c80       ?RegisteredExecutable@@YAJPB_WPAH1_N@Z 10002c80 f   typelib.obj
 0001:00002060       ??$ConstructElements@UtagProgID@@@@YGXPAUtagProgID@@H@Z 10003060 f i typelib.obj
 0001:00002080       ?NewNode@?$JList@UtagProgID@@AAU1@@@IAEPAUCNode@1@PAU21@0@Z 10003080 f i typelib.obj
 0001:00002100       ?AddHead@?$JList@UtagProgID@@AAU1@@@QAEPAU__POSITION@@AAUtagProgID@@@Z 10003100 f i typelib.obj
 0001:00002140       ?GetProgIDsFromExe@@YAJPB_WPAV?$JList@UtagProgID@@AAU1@@@PAH@Z 10003140 f   typelib.obj
 0001:000028da       _VerQueryValueA@16         100038da f   version:VERSION.dll
 0001:000028e0       _GetFileVersionInfoA@16    100038e0 f   version:VERSION.dll
 0001:000028e6       _GetFileVersionInfoSizeA@8 100038e6 f   version:VERSION.dll
 0001:000028ec       _JGetSolidEdgeCurrentUserApplicationPath 100038ec f   jutil:JUtil.dll
 0001:000028f2       _JFreeLibrary              100038f2 f   jutil:JUtil.dll
 0001:000028f8       _JLoadLibrary              100038f8 f   jutil:JUtil.dll
 0001:000028fe       _HRerrEx                   100038fe f   jutil:JUtil.dll
 0001:00002904       _malloc                    10003904 f   MSVCRT:MSVCR80.dll
 0001:0000290a       __callnewh                 1000390a f   MSVCRT:MSVCR80.dll
 0001:00002910       ___CxxFrameHandler3        10003910 f   MSVCRT:MSVCR80.dll
 0001:00002916       @__security_check_cookie@4 10003916 f   MSVCRT:secchk.obj
 0001:00002925       ??_Etype_info@@UAEPAXI@Z   10003925 f i MSVCRT:ti_inst.obj
 0001:0000296e       __onexit                   1000396e f   MSVCRT:atonexit.obj
 0001:00002a0d       _atexit                    10003a0d f   MSVCRT:atonexit.obj
 0001:00002a20       _memset                    10003a20 f   MSVCRT:MSVCR80.dll
 0001:00002a30       __alloca_probe_16          10003a30 f   MSVCRT:alloca16.obj
 0001:00002a46       __alloca_probe_8           10003a46     MSVCRT:alloca16.obj
 0001:00002a5c       ??_V@YAXPAX@Z              10003a5c f   MSVCRT:MSVCR80.dll
 0001:00002aaf       __CRT_INIT@12              10003aaf f   MSVCRT:crtdll.obj
 0001:00002d64       __DllMainCRTStartup@12     10003d64 f   MSVCRT:crtdll.obj
 0001:00002d85       ___report_gsfailure        10003d85 f   MSVCRT:gs_report.obj
 0001:00002e8a       ??3@YAXPAX@Z               10003e8a f   MSVCRT:MSVCR80.dll
 0001:00002e90       ?__ArrayUnwind@@YGXPAXIHP6EX0@Z@Z 10003e90 f   MSVCRT:ehvecdtr.obj
 0001:00002eee       ??_M@YGXPAXIHP6EX0@Z@Z     10003eee f   MSVCRT:ehvecdtr.obj
 0001:00002f52       __unlock                   10003f52 f   MSVCRT:MSVCR80.dll
 0001:00002f58       ___dllonexit               10003f58 f   MSVCRT:MSVCR80.dll
 0001:00002f5e       __lock                     10003f5e f   MSVCRT:MSVCR80.dll
 0001:00002f64       __SEH_prolog4              10003f64 f   MSVCRT:sehprolg4.obj
 0001:00002fa9       __SEH_epilog4              10003fa9 f   MSVCRT:sehprolg4.obj
 0001:00002fbd       __except_handler4          10003fbd f   MSVCRT:chandler4gs.obj
 0001:00002fe0       __alloca_probe             10003fe0     MSVCRT:chkstk.obj
 0001:00002fe0       __chkstk                   10003fe0 f   MSVCRT:chkstk.obj
 0001:0000300b       ___clean_type_info_names   1000400b f   MSVCRT:tncleanup.obj
 0001:00003017       __RTC_Initialize           10004017 f   MSVCRT:initsect.obj
 0001:0000303b       __RTC_Terminate            1000403b f   MSVCRT:initsect.obj
 0001:00003060       __ValidateImageBase        10004060 f   MSVCRT:pesect.obj
 0001:00003090       __FindPESection            10004090 f   MSVCRT:pesect.obj
 0001:000030d2       __IsNonwritableInCurrentImage 100040d2 f   MSVCRT:pesect.obj
 0001:0000313e       __initterm                 1000413e f   MSVCRT:MSVCR80.dll
 0001:00003144       __initterm_e               10004144 f   MSVCRT:MSVCR80.dll
 0001:0000314a       __amsg_exit                1000414a f   MSVCRT:MSVCR80.dll
 0001:00003150       ___CppXcptFilter           10004150 f   MSVCRT:MSVCR80.dll
 0001:00003156       ___security_init_cookie    10004156 f   MSVCRT:gs_support.obj
 0001:000031ea       __crt_debugger_hook        100041ea f   MSVCRT:MSVCR80.dll
 0001:000031f0       ?terminate@@YAXXZ          100041f0 f   MSVCRT:MSVCR80.dll
 0001:000031f6       ??1type_info@@UAE@XZ       100041f6 f   MSVCRT:MSVCR80.dll
 0001:000031f6       ?_type_info_dtor_internal_method@type_info@@QAEXXZ 100041f6 f   MSVCRT:MSVCR80.dll
 0001:000031fc       __except_handler4_common   100041fc f   MSVCRT:MSVCR80.dll
 0001:00003202       ___clean_type_info_names_internal 10004202 f   MSVCRT:MSVCR80.dll
 0002:00000000       __imp__RegQueryValueExA@24 10005000     advapi32:ADVAPI32.dll
 0002:00000004       __imp__RegOpenKeyExA@20    10005004     advapi32:ADVAPI32.dll
 0002:00000008       __imp__RegCloseKey@4       10005008     advapi32:ADVAPI32.dll
 0002:0000000c       \177ADVAPI32_NULL_THUNK_DATA 1000500c     advapi32:ADVAPI32.dll
 0002:00000010       __imp_??1GUserText@@QAE@XZ 10005010     jutil:JUtil.dll
 0002:00000014       __imp_??YGUserText@@QAEAAV0@PB_W@Z 10005014     jutil:JUtil.dll
 0002:00000018       __imp_??4GUserText@@QAEAAV0@PBD@Z 10005018     jutil:JUtil.dll
 0002:0000001c       __imp__JGetSolidEdgeCurrentUserApplicationPath 1000501c     jutil:JUtil.dll
 0002:00000020       __imp_??BGUserText@@QBEPBDXZ 10005020     jutil:JUtil.dll
 0002:00000024       __imp_??0GUserText@@QAE@PB_WHH@Z 10005024     jutil:JUtil.dll
 0002:00000028       __imp__JFreeLibrary        10005028     jutil:JUtil.dll
 0002:0000002c       __imp__JLoadLibrary        1000502c     jutil:JUtil.dll
 0002:00000030       __imp_?Right@GUserText@@QBE?AV1@H@Z 10005030     jutil:JUtil.dll
 0002:00000034       __imp_?Find@GUserText@@QBEHABV1@H@Z 10005034     jutil:JUtil.dll
 0002:00000038       __imp_??YGUserText@@QAEAAV0@ABV0@@Z 10005038     jutil:JUtil.dll
 0002:0000003c       __imp_??YGUserText@@QAEAAV0@PBD@Z 1000503c     jutil:JUtil.dll
 0002:00000040       __imp_??0GUserText@@QAE@ABV0@@Z 10005040     jutil:JUtil.dll
 0002:00000044       __imp_?LoadStringResource@GUserText@@QAEHQAUHINSTANCE__@@I@Z 10005044     jutil:JUtil.dll
 0002:00000048       __imp_?IsEmpty@GUserText@@QBEHXZ 10005048     jutil:JUtil.dll
 0002:0000004c       __imp_??BGUserText@@QBEPB_WXZ 1000504c     jutil:JUtil.dll
 0002:00000050       __imp_??4GUserText@@QAEAAV0@ABV0@@Z 10005050     jutil:JUtil.dll
 0002:00000054       __imp_?Left@GUserText@@QBE?AV1@H@Z 10005054     jutil:JUtil.dll
 0002:00000058       __imp_?GetUnicodeCharAt@GUserText@@QBEHHPA_W@Z 10005058     jutil:JUtil.dll
 0002:0000005c       __imp_?GetNumChars@GUserText@@QBEHXZ 1000505c     jutil:JUtil.dll
 0002:00000060       __imp_??0GUserText@@QAE@XZ 10005060     jutil:JUtil.dll
 0002:00000064       __imp_??0GUserText@@QAE@PBDHI@Z 10005064     jutil:JUtil.dll
 0002:00000068       __imp_?FreeDataChain@JPlex@@QAEXXZ 10005068     jutil:JUtil.dll
 0002:0000006c       __imp_?MultiCat@GUserText@@QAAAAV1@HPBDZZ 1000506c     jutil:JUtil.dll
 0002:00000070       __imp_?MultiCat@GUserText@@QAAAAV1@HPB_WZZ 10005070     jutil:JUtil.dll
 0002:00000074       __imp_?Empty@GUserText@@QAEAAV1@XZ 10005074     jutil:JUtil.dll
 0002:00000078       __imp_?TrimTrailingWhiteSpace@GUserText@@QAEXXZ 10005078     jutil:JUtil.dll
 0002:0000007c       __imp_?RemoveAt@GUserText@@QAEHHH@Z 1000507c     jutil:JUtil.dll
 0002:00000080       __imp_?TrimLeadingWhiteSpace@GUserText@@QAEXXZ 10005080     jutil:JUtil.dll
 0002:00000084       __imp_?FormatStringWithVargs@GUserText@@QAEHQAUHINSTANCE__@@IPAD@Z 10005084     jutil:JUtil.dll
 0002:00000088       __imp_?FormatString@GUserText@@QAAHQAUHINSTANCE__@@IZZ 10005088     jutil:JUtil.dll
 0002:0000008c       __imp_?AttachLocaleResDLL@@YAPAUHINSTANCE__@@PAU1@PBDJKH@Z 1000508c     jutil:JUtil.dll
 0002:00000090       __imp_?Create@JPlex@@SGPAU1@AAPAU1@II@Z 10005090     jutil:JUtil.dll
 0002:00000094       __imp_??8@YA_NABVGUserText@@0@Z 10005094     jutil:JUtil.dll
 0002:00000098       __imp_?ReverseFind@GUserText@@QBEHPBDI@Z 10005098     jutil:JUtil.dll
 0002:0000009c       __imp_??9@YA_NABVGUserText@@0@Z 1000509c     jutil:JUtil.dll
 0002:000000a0       __imp_?ToLower@GUserText@@QAEHH@Z 100050a0     jutil:JUtil.dll
 0002:000000a4       __imp__HRerrEx             100050a4     jutil:JUtil.dll
 0002:000000a8       __imp_?ReverseFind@GUserText@@QBEH_W@Z 100050a8     jutil:JUtil.dll
 0002:000000ac       __imp_??4GUserText@@QAEAAV0@PB_W@Z 100050ac     jutil:JUtil.dll
 0002:000000b0       \177JUtil_NULL_THUNK_DATA  100050b0     jutil:JUtil.dll
 0002:000000b4       __imp__QueryPerformanceCounter@4 100050b4     kernel32:KERNEL32.dll
 0002:000000b8       __imp__IsDebuggerPresent@0 100050b8     kernel32:KERNEL32.dll
 0002:000000bc       __imp__SetUnhandledExceptionFilter@4 100050bc     kernel32:KERNEL32.dll
 0002:000000c0       __imp__UnhandledExceptionFilter@4 100050c0     kernel32:KERNEL32.dll
 0002:000000c4       __imp__GetLastError@0      100050c4     kernel32:KERNEL32.dll
 0002:000000c8       __imp__lstrcpynA@12        100050c8     kernel32:KERNEL32.dll
 0002:000000cc       __imp__lstrlenA@4          100050cc     kernel32:KERNEL32.dll
 0002:000000d0       __imp__lstrcpyA@8          100050d0     kernel32:KERNEL32.dll
 0002:000000d4       __imp__GetVersion@0        100050d4     kernel32:KERNEL32.dll
 0002:000000d8       __imp__FormatMessageA@28   100050d8     kernel32:KERNEL32.dll
 0002:000000dc       __imp__CloseHandle@4       100050dc     kernel32:KERNEL32.dll
 0002:000000e0       __imp__WaitForSingleObject@8 100050e0     kernel32:KERNEL32.dll
 0002:000000e4       __imp__CreateProcessA@40   100050e4     kernel32:KERNEL32.dll
 0002:000000e8       __imp__GetProcAddress@8    100050e8     kernel32:KERNEL32.dll
 0002:000000ec       __imp__InterlockedExchange@8 100050ec     kernel32:KERNEL32.dll
 0002:000000f0       __imp__Sleep@4             100050f0     kernel32:KERNEL32.dll
 0002:000000f4       __imp__GetTickCount@0      100050f4     kernel32:KERNEL32.dll
 0002:000000f8       __imp__GetCurrentThreadId@0 100050f8     kernel32:KERNEL32.dll
 0002:000000fc       __imp__GetCurrentProcessId@0 100050fc     kernel32:KERNEL32.dll
 0002:00000100       __imp__GetSystemTimeAsFileTime@4 10005100     kernel32:KERNEL32.dll
 0002:00000104       __imp__InterlockedCompareExchange@12 10005104     kernel32:KERNEL32.dll
 0002:00000108       __imp__TerminateProcess@8  10005108     kernel32:KERNEL32.dll
 0002:0000010c       __imp__GetCurrentProcess@0 1000510c     kernel32:KERNEL32.dll
 0002:00000110       \177KERNEL32_NULL_THUNK_DATA 10005110     kernel32:KERNEL32.dll
 0002:00000114       __imp___splitpath          10005114     MSVCRT:MSVCR80.dll
 0002:00000118       __imp___crt_debugger_hook  10005118     MSVCRT:MSVCR80.dll
 0002:0000011c       __imp____CppXcptFilter     1000511c     MSVCRT:MSVCR80.dll
 0002:00000120       __imp___adjust_fdiv        10005120     MSVCRT:MSVCR80.dll
 0002:00000124       __imp___amsg_exit          10005124     MSVCRT:MSVCR80.dll
 0002:00000128       __imp___initterm_e         10005128     MSVCRT:MSVCR80.dll
 0002:0000012c       __imp___initterm           1000512c     MSVCRT:MSVCR80.dll
 0002:00000130       __imp__free                10005130     MSVCRT:MSVCR80.dll
 0002:00000134       __imp___encoded_null       10005134     MSVCRT:MSVCR80.dll
 0002:00000138       __imp____clean_type_info_names_internal 10005138     MSVCRT:MSVCR80.dll
 0002:0000013c       __imp___except_handler4_common 1000513c     MSVCRT:MSVCR80.dll
 0002:00000140       __imp_?_type_info_dtor_internal_method@type_info@@QAEXXZ 10005140     MSVCRT:MSVCR80.dll
 0002:00000144       __imp___malloc_crt         10005144     MSVCRT:MSVCR80.dll
 0002:00000148       __imp___decode_pointer     10005148     MSVCRT:MSVCR80.dll
 0002:0000014c       __imp__malloc              1000514c     MSVCRT:MSVCR80.dll
 0002:00000150       __imp___callnewh           10005150     MSVCRT:MSVCR80.dll
 0002:00000154       __imp____CxxFrameHandler3  10005154     MSVCRT:MSVCR80.dll
 0002:00000158       __imp__strcpy_s            10005158     MSVCRT:MSVCR80.dll
 0002:0000015c       __imp___snprintf           1000515c     MSVCRT:MSVCR80.dll
 0002:00000160       __imp___stricmp            10005160     MSVCRT:MSVCR80.dll
 0002:00000164       __imp_?terminate@@YAXXZ    10005164     MSVCRT:MSVCR80.dll
 0002:00000168       __imp__memset              10005168     MSVCRT:MSVCR80.dll
 0002:0000016c       __imp_??_V@YAXPAX@Z        1000516c     MSVCRT:MSVCR80.dll
 0002:00000170       __imp_??3@YAXPAX@Z         10005170     MSVCRT:MSVCR80.dll
 0002:00000174       __imp___unlock             10005174     MSVCRT:MSVCR80.dll
 0002:00000178       __imp___encode_pointer     10005178     MSVCRT:MSVCR80.dll
 0002:0000017c       __imp____dllonexit         1000517c     MSVCRT:MSVCR80.dll
 0002:00000180       __imp___lock               10005180     MSVCRT:MSVCR80.dll
 0002:00000184       __imp___onexit             10005184     MSVCRT:MSVCR80.dll
 0002:00000188       \177MSVCR80_NULL_THUNK_DATA 10005188     MSVCRT:MSVCR80.dll
 0002:0000018c       __imp__LoadTypeLib@8       1000518c     oleaut32:OLEAUT32.dll
 0002:00000190       \177OLEAUT32_NULL_THUNK_DATA 10005190     oleaut32:OLEAUT32.dll
 0002:00000194       __imp__SetWindowLongA@12   10005194     user32:USER32.dll
 0002:00000198       __imp__GetDlgItem@8        10005198     user32:USER32.dll
 0002:0000019c       __imp__EndDialog@8         1000519c     user32:USER32.dll
 0002:000001a0       __imp__SendMessageA@16     100051a0     user32:USER32.dll
 0002:000001a4       __imp__LoadBitmapA@8       100051a4     user32:USER32.dll
 0002:000001a8       __imp__DialogBoxParamA@20  100051a8     user32:USER32.dll
 0002:000001ac       __imp__CharNextA@4         100051ac     user32:USER32.dll
 0002:000001b0       __imp__RegisterWindowMessageA@4 100051b0     user32:USER32.dll
 0002:000001b4       __imp__MessageBoxA@16      100051b4     user32:USER32.dll
 0002:000001b8       \177USER32_NULL_THUNK_DATA 100051b8     user32:USER32.dll
 0002:000001bc       __imp__VerQueryValueA@16   100051bc     version:VERSION.dll
 0002:000001c0       __imp__GetFileVersionInfoSizeA@8 100051c0     version:VERSION.dll
 0002:000001c4       __imp__GetFileVersionInfoA@16 100051c4     version:VERSION.dll
 0002:000001c8       \177VERSION_NULL_THUNK_DATA 100051c8     version:VERSION.dll
 0002:000001cc       __imp__CommDlgExtendedError@0 100051cc     comdlg32:comdlg32.dll
 0002:000001d0       __imp__GetOpenFileNameA@4  100051d0     comdlg32:comdlg32.dll
 0002:000001d4       \177comdlg32_NULL_THUNK_DATA 100051d4     comdlg32:comdlg32.dll
 0002:000001d8       __imp__CLSIDFromProgID@8   100051d8     ole32:ole32.dll
 0002:000001dc       __imp__StringFromCLSID@8   100051dc     ole32:ole32.dll
 0002:000001e0       __imp__CLSIDFromString@8   100051e0     ole32:ole32.dll
 0002:000001e4       __imp__StringFromGUID2@12  100051e4     ole32:ole32.dll
 0002:000001e8       \177ole32_NULL_THUNK_DATA  100051e8     ole32:ole32.dll
 0002:000001ec       __imp__JProgIDFromCLSID@8  100051ec     sealloc:sealloc.dll
 0002:000001f0       __imp__JSESysFreeString@4  100051f0     sealloc:sealloc.dll
 0002:000001f4       __imp__JCoTaskMemFree@4    100051f4     sealloc:sealloc.dll
 0002:000001f8       \177sealloc_NULL_THUNK_DATA 100051f8     sealloc:sealloc.dll
 0002:000001fc       ___xc_a                    100051fc     MSVCRT:cinitexe.obj
 0002:00000204       ___xc_z                    10005204     MSVCRT:cinitexe.obj
 0002:00000208       ___xi_a                    10005208     MSVCRT:cinitexe.obj
 0002:00000210       ___xi_z                    10005210     MSVCRT:cinitexe.obj
 0002:0000023c       ??_C@_13NEIAEHFG@?$AA?$CC?$AA?$AA@ 1000523c     dialog.obj
 0002:00000240       ??_C@_06NMNKCLGF@Macros?$AA@ 10005240     dialog.obj
 0002:00000248       ??_C@_1EA@GOKBMLFP@?$AA?2?$AAP?$AAr?$AAe?$AAf?$AAS?$AAe?$AAt?$AAs?$AA?2?$AAO?$AAp?$AAt?$AAi?$AAo?$AAn?$AAs?$AA?9?$AAF?$AAi?$AAl?$AAe?$AAL?$AAo?$AAc?$AAa?$AAt?$AAi?$AAo?$AAn?$AAs?$AA?$AA@ 10005248     dialog.obj
 0002:00000288       ??_C@_15OOIIBGOA@?$AA?2?$AAn?$AA?$AA@ 10005288     dialog.obj
 0002:00000290       ??_C@_1CA@COADJJGE@?$AA?2?$AAI?$AAn?$AAp?$AAr?$AAo?$AAc?$AAS?$AAe?$AAr?$AAv?$AAe?$AAr?$AA3?$AA2?$AA?$AA@ 10005290     dialog.obj
 0002:000002b0       ??_C@_1BO@CLKPBIKG@?$AA?2?$AAL?$AAo?$AAc?$AAa?$AAl?$AAS?$AAe?$AAr?$AAv?$AAe?$AAr?$AA3?$AA2?$AA?$AA@ 100052b0     dialog.obj
 0002:000002d0       ??_C@_1O@FHBGLCIO@?$AAC?$AAL?$AAS?$AAI?$AAD?$AA?2?$AA?$AA@ 100052d0     dialog.obj
 0002:000002e0       ??_C@_03MCPBMLDJ@?5?3?5?$AA@ 100052e0     dialog.obj
 0002:000002e4       ??_C@_03JACLIBNI@exe?$AA@  100052e4     dialog.obj
 0002:000002e8       ??_C@_0BM@IBDHKEHH@?5?$CI?$CK?4exe?$DL?$CK?4dll?$CJ?0?$CK?4exe?$DL?$CK?4dll?0?$AA@ 100052e8     dialog.obj
 0002:00000304       ??_C@_0M@DHICMGHO@?5?$CI?$CK?4?$CK?$CJ?0?$CK?4?$CK?0?$AA@ 10005304     dialog.obj
 0002:00000310       ??_C@_0BD@BNBCEAFM@commdlg_FileNameOK?$AA@ 10005310     dialog.obj
 0002:00000324       ??_C@_0P@GHFPNOJB@bad?5allocation?$AA@ 10005324     precomp.obj
 0002:00000334       ??_C@_0L@NCBLMPKB@umacro?4drx?$AA@ 10005334     server.obj
 0002:00000340       ??_C@_0O@DLGFPLHN@?5?1UnregServer?$AA@ 10005340     typelib.obj
 0002:00000350       ??_C@_0M@CMBDJBNG@?5?1RegServer?$AA@ 10005350     typelib.obj
 0002:0000035c       ??_C@_0BC@NPBLIDJ@DllRegisterServer?$AA@ 1000535c     typelib.obj
 0002:00000370       ??_C@_0CL@PNGGKHFC@?2StringFileInfo?2?$CF04hX?$CF04hX?2OLESe@ 10005370     typelib.obj
 0002:0000039c       ??_C@_0BJ@KPNNKBCP@?2VarFileInfo?2Translation?$AA@ 1000539c     typelib.obj
 0002:000003b8       ??_C@_04JLMDILM@?4exe?$AA@ 100053b8     typelib.obj
 0002:000003c0       ??_C@_04HLONOPDM@?4dll?$AA@ 100053c0     typelib.obj
 0002:000003c8       ??_C@_01KICIPPFI@?2?$AA@   100053c8     typelib.obj
 0002:000003cc       ??_C@_0BA@JBBGIPAK@?2InProcServer32?$AA@ 100053cc     typelib.obj
 0002:000003dc       ??_C@_0P@IKCDKIKH@?2LocalServer32?$AA@ 100053dc     typelib.obj
 0002:000003ec       ??_C@_06JHNIBAJK@CLSID?2?$AA@ 100053ec     typelib.obj
 0002:000003f4       ??_C@_0O@JOPHINJ@?4?2typelib?4cpp?$AA@ 100053f4     typelib.obj
 0002:00000404       ??_C@_0BC@KOFHGCCC@GetProgIDsFromExe?$AA@ 10005404     typelib.obj
 0002:00000418       ??_C@_04LFHHJFCN@?4tlb?$AA@ 10005418     typelib.obj
 0002:00000420       _GUID_NULL                 10005420     uuid:cguid_i.obj
 0002:00000434       ??_7type_info@@6B@         10005434     MSVCRT:ti_inst.obj
 0002:00000438       __pDefaultRawDllMain       10005438     MSVCRT:crtdll.obj
 0002:00000438       __pRawDllMain              10005438     MSVCRT:crtdll.obj
 0002:00000448       __load_config_used         10005448     MSVCRT:loadcfg.obj
 0002:000004c0       ??_R4type_info@@6B@        100054c0     MSVCRT:ti_inst.obj
 0002:000004d4       ??_R3type_info@@8          100054d4     MSVCRT:ti_inst.obj
 0002:000004e4       ??_R2type_info@@8          100054e4     MSVCRT:ti_inst.obj
 0002:000004ec       ??_R1A@?0A@EA@type_info@@8 100054ec     MSVCRT:ti_inst.obj
 0002:00000510       ___safe_se_handler_table   10005510     <linker-defined>
 0002:0000053c       ___rtc_iaa                 1000553c     MSVCRT:initsect.obj
 0002:00000540       ___rtc_izz                 10005540     MSVCRT:initsect.obj
 0002:00000544       ___rtc_taa                 10005544     MSVCRT:initsect.obj
 0002:00000548       ___rtc_tzz                 10005548     MSVCRT:initsect.obj
 0002:00000adc       __IMPORT_DESCRIPTOR_VERSION 10005adc     version:VERSION.dll
 0002:00000af0       __IMPORT_DESCRIPTOR_JUtil  10005af0     jutil:JUtil.dll
 0002:00000b04       __IMPORT_DESCRIPTOR_sealloc 10005b04     sealloc:sealloc.dll
 0002:00000b18       __IMPORT_DESCRIPTOR_KERNEL32 10005b18     kernel32:KERNEL32.dll
 0002:00000b2c       __IMPORT_DESCRIPTOR_USER32 10005b2c     user32:USER32.dll
 0002:00000b40       __IMPORT_DESCRIPTOR_comdlg32 10005b40     comdlg32:comdlg32.dll
 0002:00000b54       __IMPORT_DESCRIPTOR_ADVAPI32 10005b54     advapi32:ADVAPI32.dll
 0002:00000b68       __IMPORT_DESCRIPTOR_ole32  10005b68     ole32:ole32.dll
 0002:00000b7c       __IMPORT_DESCRIPTOR_OLEAUT32 10005b7c     oleaut32:OLEAUT32.dll
 0002:00000b90       __IMPORT_DESCRIPTOR_MSVCR80 10005b90     MSVCRT:MSVCR80.dll
 0002:00000ba4       __NULL_IMPORT_DESCRIPTOR   10005ba4     version:VERSION.dll
 0003:00000000       __newmode                  10007000     newmode.obj
 0003:00000004       ?szPrefOptFileLoc@@3PB_WB  10007004     dialog.obj
 0003:00000008       ?szMacros@@3PBDB           10007008     dialog.obj
 0003:0000000c       ?doubleQuote@@3PB_WB       1000700c     dialog.obj
 0003:00000010       ??_R0?AUGMemoryException@@@8 10007010     dialog.obj
 0003:00000034       ___security_cookie         10007034     MSVCRT:gs_cookie.obj
 0003:00000038       ___security_cookie_complement 10007038     MSVCRT:gs_cookie.obj
 0003:0000003c       ??_R0?AVtype_info@@@8      1000703c     MSVCRT:ti_inst.obj
 0003:00000060       ___native_dllmain_reason   10007060     MSVCRT:natstart.obj
 0003:00000064       ___native_vcclrit_reason   10007064     MSVCRT:natstart.obj
 0003:00000474       ?__type_info_root_node@@3U__type_info_node@@A 10007474     MSVCRT:tncleanup.obj
 0003:0000047c       __adjust_fdiv              1000747c     <common>
 0003:00000480       ___native_startup_state    10007480     <common>
 0003:00000484       ___native_startup_lock     10007484     <common>
 0003:00000488       ___dyn_tls_init_callback   10007488     <common>
 0003:0000048c       ___onexitend               1000748c     <common>
 0003:00000490       ___onexitbegin             10007490     <common>

 entry point at        0001:00002d64

 Static symbols

 0001:000001e2       __catch$?GetMacroDirectory@@YAJPAU_GUID@@QAD@Z$0 100011e2 f   dialog.obj
 0001:00000d30       __catch$?GetRunMacroInformation@@YAJPBDPAU_GUID@@PAKPADK3K3PAPAUHBITMAP__@@@Z$0 10001d30 f   dialog.obj
 0001:00000d7d       __catch$?GetRunMacroInformation@@YAJPBDPAU_GUID@@PAKPADK3K3PAPAUHBITMAP__@@@Z$2 10001d7d f   dialog.obj
 0001:00000fd7       __catch$?GetClassIdentifier@@YAJPBDPAUHWND__@@PAH22QAD@Z$0 10001fd7 f   dialog.obj
 0001:000018fb       __catch$?GetRunMacro@@YAJPAUHWND__@@PAU_GUID@@PBDPAHQAD1@Z$0 100028fb f   dialog.obj
 0001:00001a1d       __catch$?DisplayErrorHelper2@@YAXPAUHWND__@@IPAD@Z$0 10002a1d f   error.obj
 0001:00001bd2       __catch$?ShowSystemErrorHelper2@@YAHPAUHWND__@@KPAD@Z$0 10002bd2 f   error.obj
 0001:00001ee7       __catch$?RegisteredExecutable@@YAJPB_WPAH1_N@Z$0 10002ee7 f   typelib.obj
 0001:00002050       __catch$?RegisteredExecutable@@YAJPB_WPAH1_N@Z$2 10003050 f   typelib.obj
 0001:000028a1       __catch$?GetProgIDsFromExe@@YAJPB_WPAV?$JList@UtagProgID@@AAU1@@@PAH@Z$9 100038a1 f   typelib.obj
 0001:00002a62       _pre_c_init                10003a62 f   MSVCRT:crtdll.obj
 0001:00002c4e       ___DllMainCRTStartup       10003c4e f   MSVCRT:crtdll.obj
 0001:00003210       __unwindfunclet$?GetMacroDirectory@@YAJPAU_GUID@@QAD@Z$2 10004210 f   dialog.obj
 0001:00003219       __ehhandler$?GetMacroDirectory@@YAJPAU_GUID@@QAD@Z 10004219 f   dialog.obj
 0001:00003250       __unwindfunclet$?GetRunMacroInformation@@YAJPBDPAU_GUID@@PAKPADK3K3PAPAUHBITMAP__@@@Z$4 10004250 f   dialog.obj
 0001:0000325c       __unwindfunclet$?GetRunMacroInformation@@YAJPBDPAU_GUID@@PAKPADK3K3PAPAUHBITMAP__@@@Z$5 1000425c f   dialog.obj
 0001:00003265       __unwindfunclet$?GetRunMacroInformation@@YAJPBDPAU_GUID@@PAKPADK3K3PAPAUHBITMAP__@@@Z$6 10004265 f   dialog.obj
 0001:0000326e       __unwindfunclet$?GetRunMacroInformation@@YAJPBDPAU_GUID@@PAKPADK3K3PAPAUHBITMAP__@@@Z$7 1000426e f   dialog.obj
 0001:0000327c       __unwindfunclet$?GetRunMacroInformation@@YAJPBDPAU_GUID@@PAKPADK3K3PAPAUHBITMAP__@@@Z$8 1000427c f   dialog.obj
 0001:0000328a       __unwindfunclet$?GetRunMacroInformation@@YAJPBDPAU_GUID@@PAKPADK3K3PAPAUHBITMAP__@@@Z$9 1000428a f   dialog.obj
 0001:00003293       __unwindfunclet$?GetRunMacroInformation@@YAJPBDPAU_GUID@@PAKPADK3K3PAPAUHBITMAP__@@@Z$10 10004293 f   dialog.obj
 0001:0000329f       __unwindfunclet$?GetRunMacroInformation@@YAJPBDPAU_GUID@@PAKPADK3K3PAPAUHBITMAP__@@@Z$11 1000429f f   dialog.obj
 0001:000032ab       __unwindfunclet$?GetRunMacroInformation@@YAJPBDPAU_GUID@@PAKPADK3K3PAPAUHBITMAP__@@@Z$12 100042ab f   dialog.obj
 0001:000032b4       __unwindfunclet$?GetRunMacroInformation@@YAJPBDPAU_GUID@@PAKPADK3K3PAPAUHBITMAP__@@@Z$13 100042b4 f   dialog.obj
 0001:000032bd       __unwindfunclet$?GetRunMacroInformation@@YAJPBDPAU_GUID@@PAKPADK3K3PAPAUHBITMAP__@@@Z$14 100042bd f   dialog.obj
 0001:000032c6       __unwindfunclet$?GetRunMacroInformation@@YAJPBDPAU_GUID@@PAKPADK3K3PAPAUHBITMAP__@@@Z$15 100042c6 f   dialog.obj
 0001:000032cf       __unwindfunclet$?GetRunMacroInformation@@YAJPBDPAU_GUID@@PAKPADK3K3PAPAUHBITMAP__@@@Z$16 100042cf f   dialog.obj
 0001:000032d8       __unwindfunclet$?GetRunMacroInformation@@YAJPBDPAU_GUID@@PAKPADK3K3PAPAUHBITMAP__@@@Z$17 100042d8 f   dialog.obj
 0001:000032e1       __unwindfunclet$?GetRunMacroInformation@@YAJPBDPAU_GUID@@PAKPADK3K3PAPAUHBITMAP__@@@Z$18 100042e1 f   dialog.obj
 0001:000032ea       __ehhandler$?GetRunMacroInformation@@YAJPBDPAU_GUID@@PAKPADK3K3PAPAUHBITMAP__@@@Z 100042ea f   dialog.obj
 0001:00003320       __unwindfunclet$??0tagDialogBoxInfo@@QAE@XZ$0 10004320 f   dialog.obj
 0001:0000332b       __ehhandler$??0tagDialogBoxInfo@@QAE@XZ 1000432b f   dialog.obj
 0001:00003350       __unwindfunclet$??1tagDialogBoxInfo@@QAE@XZ$0 10004350 f   dialog.obj
 0001:0000335b       __ehhandler$??1tagDialogBoxInfo@@QAE@XZ 1000435b f   dialog.obj
 0001:00003380       __unwindfunclet$?GetClassIdentifier@@YAJPBDPAUHWND__@@PAH22QAD@Z$2 10004380 f   dialog.obj
 0001:00003388       __unwindfunclet$?GetClassIdentifier@@YAJPBDPAUHWND__@@PAH22QAD@Z$3 10004388 f   dialog.obj
 0001:00003391       __ehhandler$?GetClassIdentifier@@YAJPBDPAUHWND__@@PAH22QAD@Z 10004391 f   dialog.obj
 0001:000033c0       __unwindfunclet$?GetRunMacro@@YAJPAUHWND__@@PAU_GUID@@PBDPAHQAD1@Z$2 100043c0 f   dialog.obj
 0001:000033c9       __unwindfunclet$?GetRunMacro@@YAJPAUHWND__@@PAU_GUID@@PBDPAHQAD1@Z$3 100043c9 f   dialog.obj
 0001:000033d2       __unwindfunclet$?GetRunMacro@@YAJPAUHWND__@@PAU_GUID@@PBDPAHQAD1@Z$4 100043d2 f   dialog.obj
 0001:000033de       __unwindfunclet$?GetRunMacro@@YAJPAUHWND__@@PAU_GUID@@PBDPAHQAD1@Z$5 100043de f   dialog.obj
 0001:000033ea       __unwindfunclet$?GetRunMacro@@YAJPAUHWND__@@PAU_GUID@@PBDPAHQAD1@Z$6 100043ea f   dialog.obj
 0001:000033f6       __unwindfunclet$?GetRunMacro@@YAJPAUHWND__@@PAU_GUID@@PBDPAHQAD1@Z$7 100043f6 f   dialog.obj
 0001:00003402       __unwindfunclet$?GetRunMacro@@YAJPAUHWND__@@PAU_GUID@@PBDPAHQAD1@Z$8 10004402 f   dialog.obj
 0001:0000340e       __unwindfunclet$?GetRunMacro@@YAJPAUHWND__@@PAU_GUID@@PBDPAHQAD1@Z$9 1000440e f   dialog.obj
 0001:00003417       __unwindfunclet$?GetRunMacro@@YAJPAUHWND__@@PAU_GUID@@PBDPAHQAD1@Z$10 10004417 f   dialog.obj
 0001:00003420       __ehhandler$?GetRunMacro@@YAJPAUHWND__@@PAU_GUID@@PBDPAHQAD1@Z 10004420 f   dialog.obj
 0001:00003450       __unwindfunclet$?DisplayErrorHelper2@@YAXPAUHWND__@@IPAD@Z$2 10004450 f   error.obj
 0001:00003459       __unwindfunclet$?DisplayErrorHelper2@@YAXPAUHWND__@@IPAD@Z$3 10004459 f   error.obj
 0001:00003467       __ehhandler$?DisplayErrorHelper2@@YAXPAUHWND__@@IPAD@Z 10004467 f   error.obj
 0001:00003490       __unwindfunclet$?ShowSystemErrorHelper2@@YAHPAUHWND__@@KPAD@Z$2 10004490 f   error.obj
 0001:0000349e       __unwindfunclet$?ShowSystemErrorHelper2@@YAHPAUHWND__@@KPAD@Z$3 1000449e f   error.obj
 0001:000034a7       __unwindfunclet$?ShowSystemErrorHelper2@@YAHPAUHWND__@@KPAD@Z$4 100044a7 f   error.obj
 0001:000034b0       __ehhandler$?ShowSystemErrorHelper2@@YAHPAUHWND__@@KPAD@Z 100044b0 f   error.obj
 0001:000034e0       __unwindfunclet$?RegisteredExecutable@@YAJPB_WPAH1_N@Z$4 100044e0 f   typelib.obj
 0001:000034e9       __unwindfunclet$?RegisteredExecutable@@YAJPB_WPAH1_N@Z$5 100044e9 f   typelib.obj
 0001:000034f2       __ehhandler$?RegisteredExecutable@@YAJPB_WPAH1_N@Z 100044f2 f   typelib.obj
 0001:00003520       __unwindfunclet$?GetProgIDsFromExe@@YAJPB_WPAV?$JList@UtagProgID@@AAU1@@@PAH@Z$12 10004520 f   typelib.obj
 0001:0000352c       __unwindfunclet$?GetProgIDsFromExe@@YAJPB_WPAV?$JList@UtagProgID@@AAU1@@@PAH@Z$13 1000452c f   typelib.obj
 0001:00003538       __unwindfunclet$?GetProgIDsFromExe@@YAJPB_WPAV?$JList@UtagProgID@@AAU1@@@PAH@Z$14 10004538 f   typelib.obj
 0001:00003544       __unwindfunclet$?GetProgIDsFromExe@@YAJPB_WPAV?$JList@UtagProgID@@AAU1@@@PAH@Z$15 10004544 f   typelib.obj
 0001:00003550       __unwindfunclet$?GetProgIDsFromExe@@YAJPB_WPAV?$JList@UtagProgID@@AAU1@@@PAH@Z$16 10004550 f   typelib.obj
 0001:00003559       __unwindfunclet$?GetProgIDsFromExe@@YAJPB_WPAV?$JList@UtagProgID@@AAU1@@@PAH@Z$17 10004559 f   typelib.obj
 0001:00003565       __unwindfunclet$?GetProgIDsFromExe@@YAJPB_WPAV?$JList@UtagProgID@@AAU1@@@PAH@Z$18 10004565 f   typelib.obj
 0001:00003571       __unwindfunclet$?GetProgIDsFromExe@@YAJPB_WPAV?$JList@UtagProgID@@AAU1@@@PAH@Z$19 10004571 f   typelib.obj
 0001:0000357d       __unwindfunclet$?GetProgIDsFromExe@@YAJPB_WPAV?$JList@UtagProgID@@AAU1@@@PAH@Z$20 1000457d f   typelib.obj
 0001:00003589       __unwindfunclet$?GetProgIDsFromExe@@YAJPB_WPAV?$JList@UtagProgID@@AAU1@@@PAH@Z$21 10004589 f   typelib.obj
 0001:00003595       __unwindfunclet$?GetProgIDsFromExe@@YAJPB_WPAV?$JList@UtagProgID@@AAU1@@@PAH@Z$22 10004595 f   typelib.obj
 0001:000035a1       __ehhandler$?GetProgIDsFromExe@@YAJPB_WPAV?$JList@UtagProgID@@AAU1@@@PAH@Z 100045a1 f   typelib.obj
 0001:000035d0       ??__EnFileOkMsg@@YAXXZ     100045d0 f   dialog.obj
 0001:000035f0       ??__FstdTooltipText@?DD@??GetRunMacroInformation@@YAJPBDPAU_GUID@@PAKPADK3K3PAPAUHBITMAP__@@@Z@YAXXZ 100045f0 f   dialog.obj
 0001:00003600       ??__FstdStatusbarText@?CN@??GetRunMacroInformation@@YAJPBDPAU_GUID@@PAKPADK3K3PAPAUHBITMAP__@@@Z@YAXXZ 10004600 f   dialog.obj
 0001:00003610       ??__FtitleMessage@?2??DisplayErrorHelper2@@YAXPAUHWND__@@IPAD@Z@YAXXZ 10004610 f   error.obj
 0001:00003620       ??__FtitleMessage@?5??ShowSystemErrorHelper2@@YAHPAUHWND__@@KPAD@Z@YAXXZ 10004620 f   error.obj
