 upstgt

 Timestamp is 46b39cef (Fri Aug 03 16:23:59 2007)

 Preferred load address is 10000000

 Start         Length     Name                   Class
 0001:00000000 00008f4cH .text                   CODE
 0002:00000000 00000304H .idata$5                DATA
 0002:00000304 00000004H .CRT$XCA                DATA
 0002:00000308 00000004H .CRT$XCZ                DATA
 0002:0000030c 00000004H .CRT$XIA                DATA
 0002:00000310 00000004H .CRT$XIAA               DATA
 0002:00000314 00000004H .CRT$XIZ                DATA
 0002:00000320 00000680H .rdata                  DATA
 0002:000009a0 00000030H .rdata$debug            DATA
 0002:000009d0 00000004H .rdata$sxdata           DATA
 0002:000009d4 00000004H .rtc$IAA                DATA
 0002:000009d8 00000004H .rtc$IZZ                DATA
 0002:000009dc 00000004H .rtc$TAA                DATA
 0002:000009e0 00000004H .rtc$TZZ                DATA
 0002:000009e8 00000064H .xdata$x                DATA
 0002:00000a4c 000000a0H .idata$2                DATA
 0002:00000aec 00000014H .idata$3                DATA
 0002:00000b00 00000304H .idata$4                DATA
 0002:00000e04 00000c58H .idata$6                DATA
 0002:00001a60 000004a4H .edata                  DATA
 0003:00000000 00000020H .data                   DATA
 0003:00000020 0000034cH .bss                    DATA
 0004:00000000 00000058H .rsrc$01                DATA
 0004:00000060 00000400H .rsrc$02                DATA

  Address         Publics by Value              Rva+Base       Lib:Object

 0000:00000000       __except_list              00000000     <absolute>
 0000:00000001       ___safe_se_handler_count   00000001     <absolute>
 0000:00009876       __fltused                  00009876     <absolute>
 0000:00009876       __ldused                   00009876     <absolute>
 0000:00000000       ___ImageBase               10000000     <linker-defined>
 0001:00000000       ??2@YAPAXI@Z               10001000 f   nothrownew.obj
 0001:00000025       ??_U@YAPAXI@Z              10001025 f   nothrownew.obj
 0001:00000030       _GKnotsToPKKnots           10001030 f   cmgcvped.obj
 0001:00000160       ?Normalize@@YA?AUtagGUnitVector@@ABUtagGVector@@@Z 10001160 f i cmgcvped.obj
 0001:00000190       _CMGTypedCurveToPSOLIDCurve 10001190 f   cmgcvped.obj
 0001:000008e0       _CMGTypedSurfaceFreeMem    100018e0 f   CMMEM.obj
 0001:00000900       _CMGTypedCurveFreeMem      10001900 f   CMMEM.obj
 0001:00000920       _CMFree                    10001920 f   CMMEM.obj
 0001:00000930       _CMPEdgesToGComplexString  10001930 f   CMPBdyCS.obj
 0001:00000a40       _CMPSOLIDBodyToGComplexString 10001a40 f   CMPBdyCS.obj
 0001:00000ac0       _PSBodyToGTypedSurface     10001ac0 f   CMPBdyCS.obj
 0001:00000bf0       _PSKnotsToGTKnots          10001bf0 f   CMPEDGCV.obj
 0001:00000c50       _PSPolesToGTPolesCv        10001c50 f   CMPEDGCV.obj
 0001:00000d70       _PSBCurveToGBspCurve       10001d70 f   CMPEDGCV.obj
 0001:00000e60       ??G@YA?AUtagGVector@@ABUtagGPosition@@0@Z 10001e60 f i CMPEDGCV.obj
 0001:00000ea0       ?PSOLIDCurveToGTypedCurve@@YAXHHABUPK_INTERVAL_s@@HEPBUtagGPosition@@1PAUtagGTypedCurve@@PAHN@Z 10001ea0 f   CMPEDGCV.obj
 0001:00001780       _CMPSOLIDCurveToGTypedCurve 10002780 f   CMPEDGCV.obj
 0001:000017e0       _CMPSOLIDEdgeToGTypedCurve 100027e0 f   CMPEDGCV.obj
 0001:00001b70       _CMACISEdgeToGTypedCurveUtility 10002b70 f   CMPEDGCV.obj
 0001:00001ba0       _PSConvertEdgesToGComplexString 10002ba0 f   CMPEDGCV.obj
 0001:00001cc0       _CMPSOLIDEntityFindGType   10002cc0 f   CMPENFGT.obj
 0001:00001e00       _PSPolesToGTPolesSf        10002e00 f   CMPFAGSF.obj
 0001:00002100       _CMPSolidSurfToGTypedSurface 10003100 f   CMPFAGSF.obj
 0001:00003780       _IMFaceToGBspSurf          10004780 f   CMPFAGSF.obj
 0001:000038e0       ??G@YA?AUtagGVector2d@@ABUtagGPosition2d@@0@Z 100048e0 f i CMPFAGSF.obj
 0001:00003910       ?Normalize@@YA?AUtagGUnitVector2d@@ABUtagGVector2d@@@Z 10004910 f i CMPFAGSF.obj
 0001:000046e0       _CMPSOLIDFaceToGTypedSurfaceOption 100056e0 f   CMPFAGSF.obj
 0001:000049a0       _CMPSOLIDFaceToGTypedSurface 100059a0 f   CMPFAGSF.obj
 0001:00004b40       _CMPSOLIDEntityPerspectiveLocate 10005b40 f   CMPSPLOC.obj
 0001:00005310       _CMPSOLIDEntityPerspectiveLocateTraverse 10006310 f   CMPSPLOC.obj
 0001:00005520       _PSIsEdgeLinear            10006520 f   GeomServ.obj
 0001:00005820       _PSGetEdgeLength           10006820 f   GeomServ.obj
 0001:00005a30       _CMGetLengthParam          10006a30 f   GeomServ.obj
 0001:00005dd0       _CMMinDistPointsBCurve     10006dd0 f   GeomServ.obj
 0001:00005f90       _CMMinDistPointsBSurf      10006f90 f   GeomServ.obj
 0001:00006140       _DebugOutParasolid         10007140 f   GeomServ.obj
 0001:00006440       _GenerateParasolidFile     10007440 f   GeomServ.obj
 0001:00006840       _PSPrintBodyInGTypedSurface 10007840 f   GeomServ.obj
 0001:00006990       _PSGetMaxDisjointDsiatnce  10007990 f   GeomServ.obj
 0001:00007750       _IMExtendCurveToLaminaEdge 10008750 f   GeomServ.obj
 0001:00007c60       _GTypedSurfaceToPKSurface  10008c60 f   GTSfToPKSf.obj
 0001:00008434       _PK_ENTITY_delete          10009434 f   pskernel:PSKERNEL.dll
 0001:0000843a       _PK_CURVE_ask_interval     1000943a f   pskernel:PSKERNEL.dll
 0001:00008440       _PK_BCURVE_create          10009440 f   pskernel:PSKERNEL.dll
 0001:00008446       _PK_ELLIPSE_create         10009446 f   pskernel:PSKERNEL.dll
 0001:0000844c       _PK_CIRCLE_create          1000944c f   pskernel:PSKERNEL.dll
 0001:00008452       _PK_LINE_create            10009452 f   pskernel:PSKERNEL.dll
 0001:00008458       _PK_MEMORY_free            10009458 f   pskernel:PSKERNEL.dll
 0001:0000845e       _PK_BODY_ask_edges         1000945e f   pskernel:PSKERNEL.dll
 0001:00008464       _PK_BODY_ask_faces         10009464 f   pskernel:PSKERNEL.dll
 0001:0000846a       _PK_CIRCLE_ask             1000946a f   pskernel:PSKERNEL.dll
 0001:00008470       _PK_ELLIPSE_ask            10009470 f   pskernel:PSKERNEL.dll
 0001:00008476       _PK_BCURVE_ask             10009476 f   pskernel:PSKERNEL.dll
 0001:0000847c       _PK_CURVE_make_bcurve      1000947c f   pskernel:PSKERNEL.dll
 0001:00008482       _PK_CURVE_eval             10009482 f   pskernel:PSKERNEL.dll
 0001:00008488       _PK_ENTITY_ask_class       10009488 f   pskernel:PSKERNEL.dll
 0001:0000848e       _PK_POINT_ask              1000948e f   pskernel:PSKERNEL.dll
 0001:00008494       _PK_VERTEX_ask_point       10009494 f   pskernel:PSKERNEL.dll
 0001:0000849a       _PK_EDGE_ask_vertices      1000949a f   pskernel:PSKERNEL.dll
 0001:000084a0       _PK_EDGE_ask_geometry      100094a0 f   pskernel:PSKERNEL.dll
 0001:000084a6       _PK_EDGE_ask_geometry_nmnl 100094a6 f   pskernel:PSKERNEL.dll
 0001:000084ac       _PK_FACE_ask_surf          100094ac f   pskernel:PSKERNEL.dll
 0001:000084b2       _PK_EDGE_ask_curve         100094b2 f   pskernel:PSKERNEL.dll
 0001:000084b8       _PK_BSURF_ask              100094b8 f   pskernel:PSKERNEL.dll
 0001:000084be       _PK_SURF_ask_uvbox         100094be f   pskernel:PSKERNEL.dll
 0001:000084c4       _PK_SURF_make_bsurf        100094c4 f   pskernel:PSKERNEL.dll
 0001:000084ca       _PK_TORUS_ask              100094ca f   pskernel:PSKERNEL.dll
 0001:000084d0       _PK_SPHERE_ask             100094d0 f   pskernel:PSKERNEL.dll
 0001:000084d6       _PK_CONE_ask               100094d6 f   pskernel:PSKERNEL.dll
 0001:000084dc       _PK_CYL_ask                100094dc f   pskernel:PSKERNEL.dll
 0001:000084e2       _PK_PLANE_ask              100094e2 f   pskernel:PSKERNEL.dll
 0001:000084e8       _PK_FIN_is_positive        100094e8 f   pskernel:PSKERNEL.dll
 0001:000084ee       _PK_FIN_ask_edge           100094ee f   pskernel:PSKERNEL.dll
 0001:000084f4       _PK_GEOM_range_local_vector 100094f4 f   pskernel:PSKERNEL.dll
 0001:000084fa       _PK_SURF_parameterise_vector 100094fa f   pskernel:PSKERNEL.dll
 0001:00008500       _PK_BCURVE_create_splinewise 10009500 f   pskernel:PSKERNEL.dll
 0001:00008506       _PK_SURF_eval_curvature    10009506 f   pskernel:PSKERNEL.dll
 0001:0000850c       _PK_FACE_find_uvbox        1000950c f   pskernel:PSKERNEL.dll
 0001:00008512       _PK_LOOP_ask_fins          10009512 f   pskernel:PSKERNEL.dll
 0001:00008518       _PK_LOOP_is_isolated       10009518 f   pskernel:PSKERNEL.dll
 0001:0000851e       _PK_FACE_ask_loops         1000951e f   pskernel:PSKERNEL.dll
 0001:00008524       _PK_FACE_ask_oriented_surf 10009524 f   pskernel:PSKERNEL.dll
 0001:0000852a       _PK_SPCURVE_ask            1000952a f   pskernel:PSKERNEL.dll
 0001:00008530       _PK_CURVE_make_spcurves    10009530 f   pskernel:PSKERNEL.dll
 0001:00008536       _PK_CONE_create            10009536 f   pskernel:PSKERNEL.dll
 0001:0000853c       _PK_TOPOL_find_box         1000953c f   pskernel:PSKERNEL.dll
 0001:00008542       _PK_FACE_ask_vertices      10009542 f   pskernel:PSKERNEL.dll
 0001:00008548       _PK_FACE_ask_edges         10009548 f   pskernel:PSKERNEL.dll
 0001:0000854e       _PK_MEMORY_alloc           1000954e f   pskernel:PSKERNEL.dll
 0001:00008554       _PK_BODY_ask_vertices      10009554 f   pskernel:PSKERNEL.dll
 0001:0000855a       _PK_CURVE_output_vectors   1000955a f   pskernel:PSKERNEL.dll
 0001:00008560       _PK_CURVE_find_length      10009560 f   pskernel:PSKERNEL.dll
 0001:00008566       _PK_TOPOL_track_r_f        10009566 f   pskernel:PSKERNEL.dll
 0001:0000856c       _PK_SURF_make_sheet_body   1000956c f   pskernel:PSKERNEL.dll
 0001:00008572       _PK_CURVE_make_wire_body   10009572 f   pskernel:PSKERNEL.dll
 0001:00008578       _PK_FACE_make_sheet_bodies 10009578 f   pskernel:PSKERNEL.dll
 0001:0000857e       _PK_PART_transmit          1000957e f   pskernel:PSKERNEL.dll
 0001:00008584       _PK_EDGE_make_wire_body    10009584 f   pskernel:PSKERNEL.dll
 0001:0000858a       _PK_SESSION_set_general_topology 1000958a f   pskernel:PSKERNEL.dll
 0001:00008590       _PK_SESSION_ask_general_topology 10009590 f   pskernel:PSKERNEL.dll
 0001:00008596       _PK_BODY_check             10009596 f   pskernel:PSKERNEL.dll
 0001:0000859c       _PK_ASSEMBLY_ask_parts     1000959c f   pskernel:PSKERNEL.dll
 0001:000085a2       _PK_BODY_ask_type          100095a2 f   pskernel:PSKERNEL.dll
 0001:000085a8       _PK_FACE_intersect_surf    100095a8 f   pskernel:PSKERNEL.dll
 0001:000085ae       _PK_SURF_eval_with_normal  100095ae f   pskernel:PSKERNEL.dll
 0001:000085b4       _PK_TOPOL_range_vector     100095b4 f   pskernel:PSKERNEL.dll
 0001:000085ba       _PK_BSURF_create           100095ba f   pskernel:PSKERNEL.dll
 0001:000085c0       _PK_CYL_create             100095c0 f   pskernel:PSKERNEL.dll
 0001:000085c6       _PK_TORUS_create           100095c6 f   pskernel:PSKERNEL.dll
 0001:000085cc       _PK_SPHERE_create          100095cc f   pskernel:PSKERNEL.dll
 0001:000085d2       _PK_PLANE_create           100095d2 f   pskernel:PSKERNEL.dll
 0001:000085d8       _BSchangepar               100095d8 f   ubspm2d:ubspm2d.dll
 0001:000085de       _BSxtractpar               100095de f   ubspm2d:ubspm2d.dll
 0001:000085e4       _BSmdistptsf               100095e4 f   ubspm3d:ubspm3d.dll
 0001:000085ea       _BSfreesf                  100095ea f   ubspm3d:ubspm3d.dll
 0001:000085f0       _IMGBspCurveMultEndKnots   100095f0 f   ugeom:ugeom.dll
 0001:000085f6       _IMGTypedSurfaceFreeMem    100095f6 f   ugeom:ugeom.dll
 0001:000085fc       _IMGTypedCurveFreeMem      100095fc f   ugeom:ugeom.dll
 0001:00008602       _IMGComplexStringFreeMem   10009602 f   ugeom:ugeom.dll
 0001:00008608       _IMLinkTypedCurves         10009608 f   ugeom:ugeom.dll
 0001:0000860e       _IMGBspCurveFreeMem        1000960e f   ugeom:ugeom.dll
 0001:00008614       _IMSetCurveForm            10009614 f   ugeom:ugeom.dll
 0001:0000861a       _IMGBspCurveAllocMem       1000961a f   ugeom:ugeom.dll
 0001:00008620       _IMGLineBy2Pts             10009620 f   ugeom:ugeom.dll
 0001:00008626       _IMGBspCurveReverse        10009626 f   ugeom:ugeom.dll
 0001:0000862c       _IMGBspSurfaceAllocMem     1000962c f   ugeom:ugeom.dll
 0001:00008632       _IMGetGBspCurveEndPts      10009632 f   ugeom:ugeom.dll
 0001:00008638       _IMBspSurfaceCheckEdges    10009638 f   ugeom:ugeom.dll
 0001:0000863e       _IMGBspSurfaceToIGRbsp_surface 1000963e f   ugeom:ugeom.dll
 0001:00008644       _IMMinDistBet2TypedCurves  10009644 f   ugeom:ugeom.dll
 0001:0000864a       _IMTypedCurveBoreConeLocate 1000964a f   ugeom:ugeom.dll
 0001:00008650       _IMTypedSurfaceBoreConeLocate 10009650 f   ugeom:ugeom.dll
 0001:00008656       _IMTypedCurveLength        10009656 f   ugeom:ugeom.dll
 0001:0000865c       _IMPtAtDistanceAlongBspCurve 1000965c f   ugeom:ugeom.dll
 0001:00008662       _IMMinDistPtBspCv          10009662 f   ugeom:ugeom.dll
 0001:00008668       _IMMinDistPointBspSurface  10009668 f   ugeom:ugeom.dll
 0001:0000866e       _IMPrint_GTypedSurface     1000966e f   ugeom:ugeom.dll
 0001:00008674       _IMPrint_GComplexString    10009674 f   ugeom:ugeom.dll
 0001:0000867a       _IMComplexStringMaxDisjointDist 1000967a f   ugeom:ugeom.dll
 0001:00008680       _IMArcLengthGBspline       10009680 f   ugeom:ugeom.dll
 0001:00008686       _IMGBspCurveSplitInTwo     10009686 f   ugeom:ugeom.dll
 0001:0000868c       _IMGComplexStringToGBspCurve 1000968c f   ugeom:ugeom.dll
 0001:00008692       _IMMinDistPtTCv            10009692 f   ugeom:ugeom.dll
 0001:00008698       _IMGTypedCurveToGComplexString 10009698 f   ugeom:ugeom.dll
 0001:0000869e       _IMFormG1GBspCurve         1000969e f   ugeom:ugeom.dll
 0001:000086a4       _IMGTypedCurveToGBspCurve  100096a4 f   ugeom:ugeom.dll
 0001:000086aa       _IMGBspCurvePtTan          100096aa f   ugeom:ugeom.dll
 0001:000086b0       _IMGetGBspCurveParFromGPosition 100096b0 f   ugeom:ugeom.dll
 0001:000086b6       _IMTypedCurveIsClosed      100096b6 f   ugeom:ugeom.dll
 0001:000086bc       _IMGTypedCurveReverse      100096bc f   ugeom:ugeom.dll
 0001:000086c2       _IMBspSurfaceCheckForm     100096c2 f   ugeom:ugeom.dll
 0001:000086c8       _IMIGRbsp_surfaceToGBspSurface 100096c8 f   ugeom:ugeom.dll
 0001:000086ce       _IMGRuledToIGRbsp_surface  100096ce f   ugeom:ugeom.dll
 0001:000086d4       _IMGBspSurfaceFreeMem      100096d4 f   ugeom:ugeom.dll
 0001:000086da       _IMFree                    100096da f   ugeom2d:ugeom2d.dll
 0001:000086e0       _IMAlloc                   100096e0 f   ugeom2d:ugeom2d.dll
 0001:000086e6       _IMSetScope                100096e6 f   ugeom2d:ugeom2d.dll
 0001:000086ec       _IMGBspCurveGetEndPoints2d 100096ec f   ugeom2d:ugeom2d.dll
 0001:000086f2       _IMLineGetEndPoints2d      100096f2 f   ugeom2d:ugeom2d.dll
 0001:000086f8       _IMBspCurveReverse2d       100096f8 f   ugeom2d:ugeom2d.dll
 0001:000086fe       _IMSetScope2d              100096fe f   ugeom2d:ugeom2d.dll
 0001:00008704       _IMGBspCurve2dAllocMem     10009704 f   ugeom2d:ugeom2d.dll
 0001:0000870a       ?BuildUnitVector@@YA?AUtagGUnitVector@@NNN@Z 1000970a f   umath:umath.dll
 0001:00008710       ??D@YA?AUtagGVector@@ABU0@0@Z 10009710 f   umath:umath.dll
 0001:00008716       ??BtagGUnitVector@@QBE?AUtagGVector@@XZ 10009716 f   umath:umath.dll
 0001:0000871c       ?GetLength@tagGVector@@QBENXZ 1000971c f   umath:umath.dll
 0001:00008722       ?GetRelativeTolerance@@YA?BNXZ 10009722 f   umath:umath.dll
 0001:00008728       ?GetDistanceTolerance@@YA?BNXZ 10009728 f   umath:umath.dll
 0001:0000872e       ?BuildVector@@YA?AUtagGVector@@NNN@Z 1000972e f   umath:umath.dll
 0001:00008734       ?BuildPosition@@YA?AUtagGPosition@@NNN@Z 10009734 f   umath:umath.dll
 0001:0000873a       ??XtagGVector@@QAEAAU0@N@Z 1000973a f   umath:umath.dll
 0001:00008740       ?BuildPosition2d@@YA?AUtagGPosition2d@@NN@Z 10009740 f   umath:umath.dll
 0001:00008746       ?IsEqual@tagGPosition@@QBEHABU1@@Z 10009746 f   umath:umath.dll
 0001:0000874c       ?BuildVector2d@@YA?AUtagGVector2d@@NN@Z 1000974c f   umath:umath.dll
 0001:00008752       ?BuildUnitVector2d@@YA?AUtagGUnitVector2d@@NN@Z 10009752 f   umath:umath.dll
 0001:00008758       ?Gassert_debug@@YAXQBD@Z   10009758 f   umath:umath.dll
 0001:0000875e       ?GetLength@tagGVector2d@@QBENXZ 1000975e f   umath:umath.dll
 0001:00008764       ??5tagGBoreLine@@QBEHABUtagGPosition@@@Z 10009764 f   umath:umath.dll
 0001:0000876a       ??L@YANABUtagGVector@@0@Z  1000976a f   umath:umath.dll
 0001:00008770       ??VtagGBoreLine@@QBEHABUtagGBox@@@Z 10009770 f   umath:umath.dll
 0001:00008776       ?BuildBox@@YA?AUtagGBox@@NNNNNN@Z 10009776 f   umath:umath.dll
 0001:0000877c       ?GDistance@@YANABUtagGPosition@@0@Z 1000977c f   umath:umath.dll
 0001:00008782       ?GetFitTolerance@@YA?BNXZ  10009782 f   umath:umath.dll
 0001:00008788       ?GetPerpVector@@YA?AUtagGVector@@ABUtagGUnitVector@@@Z 10009788 f   umath:umath.dll
 0001:0000878e       _malloc                    1000978e f   MSVCRT:MSVCR80.dll
 0001:00008794       __callnewh                 10009794 f   MSVCRT:MSVCR80.dll
 0001:000087a0       ??_V@YAXPAX@Z              100097a0 f   MSVCRT:MSVCR80.dll
 0001:000087a6       _memset                    100097a6 f   MSVCRT:MSVCR80.dll
 0001:000087ac       @__security_check_cookie@4 100097ac f   MSVCRT:secchk.obj
 0001:000087bc       __CIcos                    100097bc f   MSVCRT:MSVCR80.dll
 0001:000087c2       __CIsin                    100097c2 f   MSVCRT:MSVCR80.dll
 0001:000087c8       __CIatan2                  100097c8 f   MSVCRT:MSVCR80.dll
 0001:0000881b       __CRT_INIT@12              1000981b f   MSVCRT:crtdll.obj
 0001:00008ad0       __DllMainCRTStartup@12     10009ad0 f   MSVCRT:crtdll.obj
 0001:00008af1       ___report_gsfailure        10009af1 f   MSVCRT:gs_report.obj
 0001:00008bf5       ___clean_type_info_names   10009bf5 f   MSVCRT:tncleanup.obj
 0001:00008c01       __onexit                   10009c01 f   MSVCRT:atonexit.obj
 0001:00008ca0       _atexit                    10009ca0 f   MSVCRT:atonexit.obj
 0001:00008cb2       __RTC_Initialize           10009cb2 f   MSVCRT:initsect.obj
 0001:00008cd6       __RTC_Terminate            10009cd6 f   MSVCRT:initsect.obj
 0001:00008d00       __ValidateImageBase        10009d00 f   MSVCRT:pesect.obj
 0001:00008d30       __FindPESection            10009d30 f   MSVCRT:pesect.obj
 0001:00008d72       __IsNonwritableInCurrentImage 10009d72 f   MSVCRT:pesect.obj
 0001:00008dde       __initterm                 10009dde f   MSVCRT:MSVCR80.dll
 0001:00008de4       __initterm_e               10009de4 f   MSVCRT:MSVCR80.dll
 0001:00008dea       __amsg_exit                10009dea f   MSVCRT:MSVCR80.dll
 0001:00008df0       ___CppXcptFilter           10009df0 f   MSVCRT:MSVCR80.dll
 0001:00008df6       _DllMain@12                10009df6 f   MSVCRT:dllmain.obj
 0001:00008e18       __SEH_prolog4              10009e18 f   MSVCRT:sehprolg4.obj
 0001:00008e5d       __SEH_epilog4              10009e5d f   MSVCRT:sehprolg4.obj
 0001:00008e71       __except_handler4          10009e71 f   MSVCRT:chandler4gs.obj
 0001:00008e94       ___security_init_cookie    10009e94 f   MSVCRT:gs_support.obj
 0001:00008f28       __crt_debugger_hook        10009f28 f   MSVCRT:MSVCR80.dll
 0001:00008f2e       ___clean_type_info_names_internal 10009f2e f   MSVCRT:MSVCR80.dll
 0001:00008f34       __unlock                   10009f34 f   MSVCRT:MSVCR80.dll
 0001:00008f3a       ___dllonexit               10009f3a f   MSVCRT:MSVCR80.dll
 0001:00008f40       __lock                     10009f40 f   MSVCRT:MSVCR80.dll
 0001:00008f46       __except_handler4_common   10009f46 f   MSVCRT:MSVCR80.dll
 0002:00000000       __imp__GetCurrentProcessId@0 1000a000     kernel32:KERNEL32.dll
 0002:00000004       __imp__GetCurrentThreadId@0 1000a004     kernel32:KERNEL32.dll
 0002:00000008       __imp__GetTickCount@0      1000a008     kernel32:KERNEL32.dll
 0002:0000000c       __imp__QueryPerformanceCounter@4 1000a00c     kernel32:KERNEL32.dll
 0002:00000010       __imp__DisableThreadLibraryCalls@4 1000a010     kernel32:KERNEL32.dll
 0002:00000014       __imp__IsDebuggerPresent@0 1000a014     kernel32:KERNEL32.dll
 0002:00000018       __imp__SetUnhandledExceptionFilter@4 1000a018     kernel32:KERNEL32.dll
 0002:0000001c       __imp__UnhandledExceptionFilter@4 1000a01c     kernel32:KERNEL32.dll
 0002:00000020       __imp__GetCurrentProcess@0 1000a020     kernel32:KERNEL32.dll
 0002:00000024       __imp__TerminateProcess@8  1000a024     kernel32:KERNEL32.dll
 0002:00000028       __imp__InterlockedCompareExchange@12 1000a028     kernel32:KERNEL32.dll
 0002:0000002c       __imp__Sleep@4             1000a02c     kernel32:KERNEL32.dll
 0002:00000030       __imp__InterlockedExchange@8 1000a030     kernel32:KERNEL32.dll
 0002:00000034       __imp__GetSystemTimeAsFileTime@4 1000a034     kernel32:KERNEL32.dll
 0002:00000038       \177KERNEL32_NULL_THUNK_DATA 1000a038     kernel32:KERNEL32.dll
 0002:0000003c       __imp__free                1000a03c     MSVCRT:MSVCR80.dll
 0002:00000040       __imp___decode_pointer     1000a040     MSVCRT:MSVCR80.dll
 0002:00000044       __imp___initterm           1000a044     MSVCRT:MSVCR80.dll
 0002:00000048       __imp___initterm_e         1000a048     MSVCRT:MSVCR80.dll
 0002:0000004c       __imp___amsg_exit          1000a04c     MSVCRT:MSVCR80.dll
 0002:00000050       __imp___adjust_fdiv        1000a050     MSVCRT:MSVCR80.dll
 0002:00000054       __imp____CppXcptFilter     1000a054     MSVCRT:MSVCR80.dll
 0002:00000058       __imp___encoded_null       1000a058     MSVCRT:MSVCR80.dll
 0002:0000005c       __imp___crt_debugger_hook  1000a05c     MSVCRT:MSVCR80.dll
 0002:00000060       __imp____clean_type_info_names_internal 1000a060     MSVCRT:MSVCR80.dll
 0002:00000064       __imp___unlock             1000a064     MSVCRT:MSVCR80.dll
 0002:00000068       __imp____dllonexit         1000a068     MSVCRT:MSVCR80.dll
 0002:0000006c       __imp___lock               1000a06c     MSVCRT:MSVCR80.dll
 0002:00000070       __imp___onexit             1000a070     MSVCRT:MSVCR80.dll
 0002:00000074       __imp___except_handler4_common 1000a074     MSVCRT:MSVCR80.dll
 0002:00000078       __imp___malloc_crt         1000a078     MSVCRT:MSVCR80.dll
 0002:0000007c       __imp___encode_pointer     1000a07c     MSVCRT:MSVCR80.dll
 0002:00000080       __imp___CIatan2            1000a080     MSVCRT:MSVCR80.dll
 0002:00000084       __imp__fprintf             1000a084     MSVCRT:MSVCR80.dll
 0002:00000088       __imp__fopen               1000a088     MSVCRT:MSVCR80.dll
 0002:0000008c       __imp__fclose              1000a08c     MSVCRT:MSVCR80.dll
 0002:00000090       __imp___CIsin              1000a090     MSVCRT:MSVCR80.dll
 0002:00000094       __imp___CIcos              1000a094     MSVCRT:MSVCR80.dll
 0002:00000098       __imp__memset              1000a098     MSVCRT:MSVCR80.dll
 0002:0000009c       __imp__memmove             1000a09c     MSVCRT:MSVCR80.dll
 0002:000000a0       __imp_??_V@YAXPAX@Z        1000a0a0     MSVCRT:MSVCR80.dll
 0002:000000a4       __imp___callnewh           1000a0a4     MSVCRT:MSVCR80.dll
 0002:000000a8       __imp__malloc              1000a0a8     MSVCRT:MSVCR80.dll
 0002:000000ac       \177MSVCR80_NULL_THUNK_DATA 1000a0ac     MSVCRT:MSVCR80.dll
 0002:000000b0       __imp__PK_TOPOL_find_box   1000a0b0     pskernel:PSKERNEL.dll
 0002:000000b4       __imp__PK_FACE_ask_vertices 1000a0b4     pskernel:PSKERNEL.dll
 0002:000000b8       __imp__PK_FACE_ask_edges   1000a0b8     pskernel:PSKERNEL.dll
 0002:000000bc       __imp__PK_MEMORY_alloc     1000a0bc     pskernel:PSKERNEL.dll
 0002:000000c0       __imp__PK_BODY_ask_vertices 1000a0c0     pskernel:PSKERNEL.dll
 0002:000000c4       __imp__PK_CURVE_output_vectors 1000a0c4     pskernel:PSKERNEL.dll
 0002:000000c8       __imp__PK_CURVE_find_length 1000a0c8     pskernel:PSKERNEL.dll
 0002:000000cc       __imp__PK_TOPOL_track_r_f  1000a0cc     pskernel:PSKERNEL.dll
 0002:000000d0       __imp__PK_SURF_make_sheet_body 1000a0d0     pskernel:PSKERNEL.dll
 0002:000000d4       __imp__PK_CURVE_make_wire_body 1000a0d4     pskernel:PSKERNEL.dll
 0002:000000d8       __imp__PK_FACE_make_sheet_bodies 1000a0d8     pskernel:PSKERNEL.dll
 0002:000000dc       __imp__PK_PART_transmit    1000a0dc     pskernel:PSKERNEL.dll
 0002:000000e0       __imp__PK_EDGE_make_wire_body 1000a0e0     pskernel:PSKERNEL.dll
 0002:000000e4       __imp__PK_CONE_create      1000a0e4     pskernel:PSKERNEL.dll
 0002:000000e8       __imp__PK_SESSION_ask_general_topology 1000a0e8     pskernel:PSKERNEL.dll
 0002:000000ec       __imp__PK_BODY_check       1000a0ec     pskernel:PSKERNEL.dll
 0002:000000f0       __imp__PK_ASSEMBLY_ask_parts 1000a0f0     pskernel:PSKERNEL.dll
 0002:000000f4       __imp__PK_BODY_ask_type    1000a0f4     pskernel:PSKERNEL.dll
 0002:000000f8       __imp__PK_FACE_intersect_surf 1000a0f8     pskernel:PSKERNEL.dll
 0002:000000fc       __imp__PK_SURF_eval_with_normal 1000a0fc     pskernel:PSKERNEL.dll
 0002:00000100       __imp__PK_TOPOL_range_vector 1000a100     pskernel:PSKERNEL.dll
 0002:00000104       __imp__PK_BSURF_create     1000a104     pskernel:PSKERNEL.dll
 0002:00000108       __imp__PK_CYL_create       1000a108     pskernel:PSKERNEL.dll
 0002:0000010c       __imp__PK_TORUS_create     1000a10c     pskernel:PSKERNEL.dll
 0002:00000110       __imp__PK_SPHERE_create    1000a110     pskernel:PSKERNEL.dll
 0002:00000114       __imp__PK_PLANE_create     1000a114     pskernel:PSKERNEL.dll
 0002:00000118       __imp__PK_CURVE_make_spcurves 1000a118     pskernel:PSKERNEL.dll
 0002:0000011c       __imp__PK_SPCURVE_ask      1000a11c     pskernel:PSKERNEL.dll
 0002:00000120       __imp__PK_FACE_ask_oriented_surf 1000a120     pskernel:PSKERNEL.dll
 0002:00000124       __imp__PK_FACE_ask_loops   1000a124     pskernel:PSKERNEL.dll
 0002:00000128       __imp__PK_LOOP_is_isolated 1000a128     pskernel:PSKERNEL.dll
 0002:0000012c       __imp__PK_LOOP_ask_fins    1000a12c     pskernel:PSKERNEL.dll
 0002:00000130       __imp__PK_FACE_find_uvbox  1000a130     pskernel:PSKERNEL.dll
 0002:00000134       __imp__PK_SURF_eval_curvature 1000a134     pskernel:PSKERNEL.dll
 0002:00000138       __imp__PK_BCURVE_create_splinewise 1000a138     pskernel:PSKERNEL.dll
 0002:0000013c       __imp__PK_SURF_parameterise_vector 1000a13c     pskernel:PSKERNEL.dll
 0002:00000140       __imp__PK_GEOM_range_local_vector 1000a140     pskernel:PSKERNEL.dll
 0002:00000144       __imp__PK_FIN_ask_edge     1000a144     pskernel:PSKERNEL.dll
 0002:00000148       __imp__PK_FIN_is_positive  1000a148     pskernel:PSKERNEL.dll
 0002:0000014c       __imp__PK_PLANE_ask        1000a14c     pskernel:PSKERNEL.dll
 0002:00000150       __imp__PK_CYL_ask          1000a150     pskernel:PSKERNEL.dll
 0002:00000154       __imp__PK_CONE_ask         1000a154     pskernel:PSKERNEL.dll
 0002:00000158       __imp__PK_SPHERE_ask       1000a158     pskernel:PSKERNEL.dll
 0002:0000015c       __imp__PK_TORUS_ask        1000a15c     pskernel:PSKERNEL.dll
 0002:00000160       __imp__PK_SURF_make_bsurf  1000a160     pskernel:PSKERNEL.dll
 0002:00000164       __imp__PK_SURF_ask_uvbox   1000a164     pskernel:PSKERNEL.dll
 0002:00000168       __imp__PK_BSURF_ask        1000a168     pskernel:PSKERNEL.dll
 0002:0000016c       __imp__PK_EDGE_ask_curve   1000a16c     pskernel:PSKERNEL.dll
 0002:00000170       __imp__PK_FACE_ask_surf    1000a170     pskernel:PSKERNEL.dll
 0002:00000174       __imp__PK_EDGE_ask_geometry_nmnl 1000a174     pskernel:PSKERNEL.dll
 0002:00000178       __imp__PK_ENTITY_delete    1000a178     pskernel:PSKERNEL.dll
 0002:0000017c       __imp__PK_EDGE_ask_geometry 1000a17c     pskernel:PSKERNEL.dll
 0002:00000180       __imp__PK_EDGE_ask_vertices 1000a180     pskernel:PSKERNEL.dll
 0002:00000184       __imp__PK_VERTEX_ask_point 1000a184     pskernel:PSKERNEL.dll
 0002:00000188       __imp__PK_POINT_ask        1000a188     pskernel:PSKERNEL.dll
 0002:0000018c       __imp__PK_ENTITY_ask_class 1000a18c     pskernel:PSKERNEL.dll
 0002:00000190       __imp__PK_CURVE_eval       1000a190     pskernel:PSKERNEL.dll
 0002:00000194       __imp__PK_CURVE_make_bcurve 1000a194     pskernel:PSKERNEL.dll
 0002:00000198       __imp__PK_BCURVE_ask       1000a198     pskernel:PSKERNEL.dll
 0002:0000019c       __imp__PK_ELLIPSE_ask      1000a19c     pskernel:PSKERNEL.dll
 0002:000001a0       __imp__PK_CIRCLE_ask       1000a1a0     pskernel:PSKERNEL.dll
 0002:000001a4       __imp__PK_BODY_ask_faces   1000a1a4     pskernel:PSKERNEL.dll
 0002:000001a8       __imp__PK_BODY_ask_edges   1000a1a8     pskernel:PSKERNEL.dll
 0002:000001ac       __imp__PK_MEMORY_free      1000a1ac     pskernel:PSKERNEL.dll
 0002:000001b0       __imp__PK_LINE_create      1000a1b0     pskernel:PSKERNEL.dll
 0002:000001b4       __imp__PK_CIRCLE_create    1000a1b4     pskernel:PSKERNEL.dll
 0002:000001b8       __imp__PK_ELLIPSE_create   1000a1b8     pskernel:PSKERNEL.dll
 0002:000001bc       __imp__PK_BCURVE_create    1000a1bc     pskernel:PSKERNEL.dll
 0002:000001c0       __imp__PK_CURVE_ask_interval 1000a1c0     pskernel:PSKERNEL.dll
 0002:000001c4       __imp__PK_SESSION_set_general_topology 1000a1c4     pskernel:PSKERNEL.dll
 0002:000001c8       \177PSKERNEL_NULL_THUNK_DATA 1000a1c8     pskernel:PSKERNEL.dll
 0002:000001cc       __imp__BSchangepar         1000a1cc     ubspm2d:ubspm2d.dll
 0002:000001d0       __imp__BSxtractpar         1000a1d0     ubspm2d:ubspm2d.dll
 0002:000001d4       \177ubspm2d_NULL_THUNK_DATA 1000a1d4     ubspm2d:ubspm2d.dll
 0002:000001d8       __imp__BSmdistptsf         1000a1d8     ubspm3d:ubspm3d.dll
 0002:000001dc       __imp__BSfreesf            1000a1dc     ubspm3d:ubspm3d.dll
 0002:000001e0       \177ubspm3d_NULL_THUNK_DATA 1000a1e0     ubspm3d:ubspm3d.dll
 0002:000001e4       __imp__IMGBspCurveMultEndKnots 1000a1e4     ugeom:ugeom.dll
 0002:000001e8       __imp__IMGTypedSurfaceFreeMem 1000a1e8     ugeom:ugeom.dll
 0002:000001ec       __imp__IMGTypedCurveFreeMem 1000a1ec     ugeom:ugeom.dll
 0002:000001f0       __imp__IMGComplexStringFreeMem 1000a1f0     ugeom:ugeom.dll
 0002:000001f4       __imp__IMLinkTypedCurves   1000a1f4     ugeom:ugeom.dll
 0002:000001f8       __imp__IMGBspCurveFreeMem  1000a1f8     ugeom:ugeom.dll
 0002:000001fc       __imp__IMSetCurveForm      1000a1fc     ugeom:ugeom.dll
 0002:00000200       __imp__IMGBspCurveAllocMem 1000a200     ugeom:ugeom.dll
 0002:00000204       __imp__IMGLineBy2Pts       1000a204     ugeom:ugeom.dll
 0002:00000208       __imp__IMGBspCurveReverse  1000a208     ugeom:ugeom.dll
 0002:0000020c       __imp__IMGBspSurfaceAllocMem 1000a20c     ugeom:ugeom.dll
 0002:00000210       __imp__IMGetGBspCurveEndPts 1000a210     ugeom:ugeom.dll
 0002:00000214       __imp__IMBspSurfaceCheckEdges 1000a214     ugeom:ugeom.dll
 0002:00000218       __imp__IMGBspSurfaceToIGRbsp_surface 1000a218     ugeom:ugeom.dll
 0002:0000021c       __imp__IMMinDistBet2TypedCurves 1000a21c     ugeom:ugeom.dll
 0002:00000220       __imp__IMTypedCurveBoreConeLocate 1000a220     ugeom:ugeom.dll
 0002:00000224       __imp__IMTypedSurfaceBoreConeLocate 1000a224     ugeom:ugeom.dll
 0002:00000228       __imp__IMTypedCurveLength  1000a228     ugeom:ugeom.dll
 0002:0000022c       __imp__IMPtAtDistanceAlongBspCurve 1000a22c     ugeom:ugeom.dll
 0002:00000230       __imp__IMMinDistPointBspSurface 1000a230     ugeom:ugeom.dll
 0002:00000234       __imp__IMPrint_GTypedSurface 1000a234     ugeom:ugeom.dll
 0002:00000238       __imp__IMPrint_GComplexString 1000a238     ugeom:ugeom.dll
 0002:0000023c       __imp__IMComplexStringMaxDisjointDist 1000a23c     ugeom:ugeom.dll
 0002:00000240       __imp__IMArcLengthGBspline 1000a240     ugeom:ugeom.dll
 0002:00000244       __imp__IMGBspCurveSplitInTwo 1000a244     ugeom:ugeom.dll
 0002:00000248       __imp__IMGComplexStringToGBspCurve 1000a248     ugeom:ugeom.dll
 0002:0000024c       __imp__IMGBspSurfaceFreeMem 1000a24c     ugeom:ugeom.dll
 0002:00000250       __imp__IMGRuledToIGRbsp_surface 1000a250     ugeom:ugeom.dll
 0002:00000254       __imp__IMIGRbsp_surfaceToGBspSurface 1000a254     ugeom:ugeom.dll
 0002:00000258       __imp__IMBspSurfaceCheckForm 1000a258     ugeom:ugeom.dll
 0002:0000025c       __imp__IMGTypedCurveReverse 1000a25c     ugeom:ugeom.dll
 0002:00000260       __imp__IMTypedCurveIsClosed 1000a260     ugeom:ugeom.dll
 0002:00000264       __imp__IMGetGBspCurveParFromGPosition 1000a264     ugeom:ugeom.dll
 0002:00000268       __imp__IMGBspCurvePtTan    1000a268     ugeom:ugeom.dll
 0002:0000026c       __imp__IMGTypedCurveToGBspCurve 1000a26c     ugeom:ugeom.dll
 0002:00000270       __imp__IMFormG1GBspCurve   1000a270     ugeom:ugeom.dll
 0002:00000274       __imp__IMGTypedCurveToGComplexString 1000a274     ugeom:ugeom.dll
 0002:00000278       __imp__IMMinDistPtTCv      1000a278     ugeom:ugeom.dll
 0002:0000027c       __imp__IMMinDistPtBspCv    1000a27c     ugeom:ugeom.dll
 0002:00000280       \177ugeom_NULL_THUNK_DATA  1000a280     ugeom:ugeom.dll
 0002:00000284       __imp__IMAlloc             1000a284     ugeom2d:ugeom2d.dll
 0002:00000288       __imp__IMSetScope          1000a288     ugeom2d:ugeom2d.dll
 0002:0000028c       __imp__IMGBspCurveGetEndPoints2d 1000a28c     ugeom2d:ugeom2d.dll
 0002:00000290       __imp__IMLineGetEndPoints2d 1000a290     ugeom2d:ugeom2d.dll
 0002:00000294       __imp__IMBspCurveReverse2d 1000a294     ugeom2d:ugeom2d.dll
 0002:00000298       __imp__IMSetScope2d        1000a298     ugeom2d:ugeom2d.dll
 0002:0000029c       __imp__IMGBspCurve2dAllocMem 1000a29c     ugeom2d:ugeom2d.dll
 0002:000002a0       __imp__IMFree              1000a2a0     ugeom2d:ugeom2d.dll
 0002:000002a4       \177ugeom2d_NULL_THUNK_DATA 1000a2a4     ugeom2d:ugeom2d.dll
 0002:000002a8       __imp_?BuildUnitVector2d@@YA?AUtagGUnitVector2d@@NN@Z 1000a2a8     umath:umath.dll
 0002:000002ac       __imp_?BuildVector2d@@YA?AUtagGVector2d@@NN@Z 1000a2ac     umath:umath.dll
 0002:000002b0       __imp_?IsEqual@tagGPosition@@QBEHABU1@@Z 1000a2b0     umath:umath.dll
 0002:000002b4       __imp_?BuildPosition2d@@YA?AUtagGPosition2d@@NN@Z 1000a2b4     umath:umath.dll
 0002:000002b8       __imp_??XtagGVector@@QAEAAU0@N@Z 1000a2b8     umath:umath.dll
 0002:000002bc       __imp_?BuildPosition@@YA?AUtagGPosition@@NNN@Z 1000a2bc     umath:umath.dll
 0002:000002c0       __imp_?Gassert_debug@@YAXQBD@Z 1000a2c0     umath:umath.dll
 0002:000002c4       __imp_?GetDistanceTolerance@@YA?BNXZ 1000a2c4     umath:umath.dll
 0002:000002c8       __imp_?GetRelativeTolerance@@YA?BNXZ 1000a2c8     umath:umath.dll
 0002:000002cc       __imp_?GetLength@tagGVector@@QBENXZ 1000a2cc     umath:umath.dll
 0002:000002d0       __imp_??BtagGUnitVector@@QBE?AUtagGVector@@XZ 1000a2d0     umath:umath.dll
 0002:000002d4       __imp_??D@YA?AUtagGVector@@ABU0@0@Z 1000a2d4     umath:umath.dll
 0002:000002d8       __imp_?BuildUnitVector@@YA?AUtagGUnitVector@@NNN@Z 1000a2d8     umath:umath.dll
 0002:000002dc       __imp_?GetLength@tagGVector2d@@QBENXZ 1000a2dc     umath:umath.dll
 0002:000002e0       __imp_??5tagGBoreLine@@QBEHABUtagGPosition@@@Z 1000a2e0     umath:umath.dll
 0002:000002e4       __imp_??L@YANABUtagGVector@@0@Z 1000a2e4     umath:umath.dll
 0002:000002e8       __imp_??VtagGBoreLine@@QBEHABUtagGBox@@@Z 1000a2e8     umath:umath.dll
 0002:000002ec       __imp_?BuildBox@@YA?AUtagGBox@@NNNNNN@Z 1000a2ec     umath:umath.dll
 0002:000002f0       __imp_?GDistance@@YANABUtagGPosition@@0@Z 1000a2f0     umath:umath.dll
 0002:000002f4       __imp_?GetFitTolerance@@YA?BNXZ 1000a2f4     umath:umath.dll
 0002:000002f8       __imp_?GetPerpVector@@YA?AUtagGVector@@ABUtagGUnitVector@@@Z 1000a2f8     umath:umath.dll
 0002:000002fc       __imp_?BuildVector@@YA?AUtagGVector@@NNN@Z 1000a2fc     umath:umath.dll
 0002:00000300       \177umath_NULL_THUNK_DATA  1000a300     umath:umath.dll
 0002:00000304       ___xc_a                    1000a304     MSVCRT:cinitexe.obj
 0002:00000308       ___xc_z                    1000a308     MSVCRT:cinitexe.obj
 0002:0000030c       ___xi_a                    1000a30c     MSVCRT:cinitexe.obj
 0002:00000314       ___xi_z                    1000a314     MSVCRT:cinitexe.obj
 0002:00000340       __real@3ddb7cdfd9d7bdbb    1000a340     cmgcvped.obj
 0002:00000348       __real@0000000000000000    1000a348     cmgcvped.obj
 0002:00000350       __real@3ff921fb54442d18    1000a350     cmgcvped.obj
 0002:00000358       __real@3ff0000000000000    1000a358     cmgcvped.obj
 0002:00000360       __real@401921fb54442d18    1000a360     cmgcvped.obj
 0002:00000368       __real@3f50624dd2f1a9fc    1000a368     CMPBdyCS.obj
 0002:00000370       __real@3eb0c6f7a0b5ed8d    1000a370     CMPBdyCS.obj
 0002:00000378       __real@bff0000000000000    1000a378     CMPEDGCV.obj
 0002:00000380       __real@46293e5939a08cea    1000a380     CMPEDGCV.obj
 0002:00000388       __real@4014000000000000    1000a388     CMPEDGCV.obj
 0002:00000390       __real@4024000000000000    1000a390     CMPEDGCV.obj
 0002:00000398       ??_C@_0CC@OHOHIDDB@CMPSOLIDEdgeToGTypedCurve?5failed@ 1000a398     CMPFAGSF.obj
 0002:000003c0       __real@3f1a36e2eb1c432d    1000a3c0     CMPFAGSF.obj
 0002:000003c8       __real@3fe0000000000000    1000a3c8     CMPSPLOC.obj
 0002:000003d0       __real@3e45798ee2308c3a    1000a3d0     GeomServ.obj
 0002:000003d8       __real@3ee4f8b588e368f1    1000a3d8     GeomServ.obj
 0002:000003e0       ??_C@_0BG@FFEGPFNH@C?3?2temp?2PK_ENTITY?4x_t?$AA@ 1000a3e0     GeomServ.obj
 0002:000003f8       ??_C@_0P@PKCCIBP@?$CIgraphics?5ar?$CJ?6?$AA@ 1000a3f8     GeomServ.obj
 0002:00000408       ??_C@_0BD@MOGADOLL@?9?9?9?5Fit?5to?5screen?6?$AA@ 1000a408     GeomServ.obj
 0002:0000041c       ??_C@_0BE@BPNIMPPE@?$CIgraphics?5hid?5b0?$CJ?6?6?$AA@ 1000a41c     GeomServ.obj
 0002:00000430       ??_C@_0BC@MDELMCJI@?9?9?9?5Do?5rendering?6?$AA@ 1000a430     GeomServ.obj
 0002:00000444       ??_C@_0BN@LONPCPOC@?$CIgraphics?5self_hidden?5nil?$CJ?6?6?$AA@ 1000a444     GeomServ.obj
 0002:00000464       ??_C@_0CK@PNKLIKNF@?9?9?9?5make?5no?5difference?5for?5singl@ 1000a464     GeomServ.obj
 0002:00000490       ??_C@_0EG@MAHAEGPD@?9?9?9?5Self?9hiding?5option?4?5This?5is?5@ 1000a490     GeomServ.obj
 0002:000004d8       ??_C@_0BP@JFFNOELG@?9?9?9?$CIgraphics?5nurbs_curves?5t?$CJ?6?6?$AA@ 1000a4d8     GeomServ.obj
 0002:000004f8       ??_C@_0CE@JCEMPHCI@?9?9?9?5Nurbs?5output?5of?5Bspline?5curv@ 1000a4f8     GeomServ.obj
 0002:0000051c       ??_C@_0BM@IIFHJENF@?$CIgraphics?5hierarchical?5t?$CJ?6?6?$AA@ 1000a51c     GeomServ.obj
 0002:00000538       ??_C@_0BJ@PLLCIHDJ@?9?9?9?5Hierarchical?5output?6?$AA@ 1000a538     GeomServ.obj
 0002:00000554       ??_C@_0CE@MEDPLDAK@?$CIgraphics?5analytic_silhouettes?5t@ 1000a554     GeomServ.obj
 0002:00000578       ??_C@_0BF@NFDJHCMM@?9?9?9?5Arc?5silhouettes?6?$AA@ 1000a578     GeomServ.obj
 0002:00000590       ??_C@_0BG@MBGPBEIH@?$CIgraphics?5smooth?5t?$CJ?6?6?$AA@ 1000a590     GeomServ.obj
 0002:000005a8       ??_C@_0DF@IHLPHLGD@?9?9?9?5Smooth?5edges?4?5?8t?8?5means?5they@ 1000a5a8     GeomServ.obj
 0002:000005e0       ??_C@_0BL@KBKJHDFA@?$CIgraphics?5invisible?5nil?$CJ?6?6?$AA@ 1000a5e0     GeomServ.obj
 0002:000005fc       ??_C@_0DP@IBFFKLOK@?9?9?9?5Select?5?8invisible?5lines?4?5Try@ 1000a5fc     GeomServ.obj
 0002:0000063c       ??_C@_0BK@GOHLEKNL@?$CIgraphics?5drafting?5nil?$CJ?6?6?$AA@ 1000a63c     GeomServ.obj
 0002:00000658       ??_C@_0EK@JFMBFEIM@?9?9?9?5the?5prolem?4?5The?5extra?5dotted@ 1000a658     GeomServ.obj
 0002:000006a8       ??_C@_0EO@GJEOIEMC@?9?9?9?5Try?5not?5to?5use?5this?5option?5i@ 1000a6a8     GeomServ.obj
 0002:000006f8       ??_C@_0DL@GFPDIOAP@?9?9?9?5Select?5drafting?5option?4?5Comm@ 1000a6f8     GeomServ.obj
 0002:00000734       ??_C@_0DE@NNCDMGBH@?$CIgraphics?5view_direction?5?8?$CI?$CF?415l@ 1000a734     GeomServ.obj
 0002:00000768       ??_C@_0FE@PLLNMHL@?9?9?9?$CIgraphics?5curve_tolerance?5?8?$CIc@ 1000a768     GeomServ.obj
 0002:000007bc       ??_C@_0CM@EPOLDDLI@?$CI?$CIdefine?5b0?5body?$CJ?5receive?5?$CCPK_RE@ 1000a7bc     GeomServ.obj
 0002:000007e8       ??_C@_0DA@GGHAILG@?$CI?$CIdefine?5b0?5assembly?$CJ?5receive?5?$CCP@ 1000a7e8     GeomServ.obj
 0002:00000818       ??_C@_04LOAOMKLI@?$CFs?6?6?$AA@ 1000a818     GeomServ.obj
 0002:00000820       ??_C@_0CB@NEMEFJGG@?$CIgraphics?5open_device?5?8NTcolour?$CJ@ 1000a820     GeomServ.obj
 0002:00000844       ??_C@_03OFAPEBGM@?$CFs?6?$AA@ 1000a844     GeomServ.obj
 0002:00000848       ??_C@_0BB@GCBNMFC@?$CImodeller?5start?$CJ?$AA@ 1000a848     GeomServ.obj
 0002:0000085c       ??_C@_0BF@MNAIBLGD@C?3?2temp?2drafting?4lsp?$AA@ 1000a85c     GeomServ.obj
 0002:00000874       ??_C@_01NOFIACDB@w?$AA@    1000a874     GeomServ.obj
 0002:00000878       ??_C@_0CB@EPMMAOIP@pkError?$FL?$CFd?$FN?5?$DN?5?$CFd?0?5n_faults?5?$DN?5?$CFd?6@ 1000a878     GeomServ.obj
 0002:0000089c       ??_C@_0DB@KMOKLEIO@Entity?5is?5assembly?0?5?$CFd?5bodies?5in@ 1000a89c     GeomServ.obj
 0002:000008d0       ??_C@_0P@INGLFMNJ@nBodies?5?$DN?5?$CFd?6?6?$AA@ 1000a8d0     GeomServ.obj
 0002:000008e0       ??_C@_0BI@OLKLIGFB@C?3?2temp?2FaultReport?4txt?$AA@ 1000a8e0     GeomServ.obj
 0002:000008f8       ??_C@_01MCMALHOG@a?$AA@    1000a8f8     GeomServ.obj
 0002:000008fc       ??_C@_0BG@GOKGKBAH@C?3?2temp?2PK_REPORT?4x_t?$AA@ 1000a8fc     GeomServ.obj
 0002:00000914       ??_C@_0BH@KNLNAMJE@C?3?2temp?2BodyToSurf?4txt?$AA@ 1000a914     GeomServ.obj
 0002:00000930       __real@3f847ae147ae147b    1000a930     GeomServ.obj
 0002:00000938       ??_C@_0P@GHFPNOJB@bad?5allocation?$AA@ 1000a938     precomp.obj
 0002:00000948       __pRawDllMain              1000a948     MSVCRT:crtdll.obj
 0002:00000948       __pDefaultRawDllMain       1000a948     MSVCRT:crtdll.obj
 0002:00000958       __load_config_used         1000a958     MSVCRT:loadcfg.obj
 0002:000009d0       ___safe_se_handler_table   1000a9d0     <linker-defined>
 0002:000009d4       ___rtc_iaa                 1000a9d4     MSVCRT:initsect.obj
 0002:000009d8       ___rtc_izz                 1000a9d8     MSVCRT:initsect.obj
 0002:000009dc       ___rtc_taa                 1000a9dc     MSVCRT:initsect.obj
 0002:000009e0       ___rtc_tzz                 1000a9e0     MSVCRT:initsect.obj
 0002:00000a4c       __IMPORT_DESCRIPTOR_PSKERNEL 1000aa4c     pskernel:PSKERNEL.dll
 0002:00000a60       __IMPORT_DESCRIPTOR_ubspm2d 1000aa60     ubspm2d:ubspm2d.dll
 0002:00000a74       __IMPORT_DESCRIPTOR_ubspm3d 1000aa74     ubspm3d:ubspm3d.dll
 0002:00000a88       __IMPORT_DESCRIPTOR_ugeom  1000aa88     ugeom:ugeom.dll
 0002:00000a9c       __IMPORT_DESCRIPTOR_ugeom2d 1000aa9c     ugeom2d:ugeom2d.dll
 0002:00000ab0       __IMPORT_DESCRIPTOR_umath  1000aab0     umath:umath.dll
 0002:00000ac4       __IMPORT_DESCRIPTOR_MSVCR80 1000aac4     MSVCRT:MSVCR80.dll
 0002:00000ad8       __IMPORT_DESCRIPTOR_KERNEL32 1000aad8     kernel32:KERNEL32.dll
 0002:00000aec       __NULL_IMPORT_DESCRIPTOR   1000aaec     pskernel:PSKERNEL.dll
 0003:00000000       __newmode                  1000c000     newmode.obj
 0003:00000010       ___security_cookie         1000c010     MSVCRT:gs_cookie.obj
 0003:00000014       ___security_cookie_complement 1000c014     MSVCRT:gs_cookie.obj
 0003:00000018       ___native_dllmain_reason   1000c018     MSVCRT:natstart.obj
 0003:0000001c       ___native_vcclrit_reason   1000c01c     MSVCRT:natstart.obj
 0003:0000034c       ?__type_info_root_node@@3U__type_info_node@@A 1000c34c     MSVCRT:tncleanup.obj
 0003:00000354       __adjust_fdiv              1000c354     <common>
 0003:00000358       ___native_startup_state    1000c358     <common>
 0003:0000035c       ___native_startup_lock     1000c35c     <common>
 0003:00000360       ___onexitend               1000c360     <common>
 0003:00000364       ___onexitbegin             1000c364     <common>
 0003:00000368       ___dyn_tls_init_callback   1000c368     <common>

 entry point at        0001:00008ad0

 Static symbols

 0001:00002020       ?PSPolesToGTPoles2d@@YAXHPANAAUtagGBspCurve2d@@@Z 10003020 f   CMPFAGSF.obj
 0001:00002a90       ?JMGetFinEnds@@YAEHAAUtagGPosition@@0@Z 10003a90 f   CMPFAGSF.obj
 0001:00002bb0       ?JMPointPerp@@YAHHPAUIGRbsp_surface@@UPK_VECTOR_s@@PAUPK_UV_s@@@Z 10003bb0 f   CMPFAGSF.obj
 0001:00002d10       ?CreateBCurve2d@@YAHHABUPK_INTERVAL_s@@HW4SurfaceGranularity@@PAUIGRbsp_surface@@PAHHQAUPK_VECTOR_s@@QANQA_NAAH7@Z 10003d10 f   CMPFAGSF.obj
 0001:00003130       ?IsLineInUV@@YAEHABUPK_INTERVAL_s@@HW4SurfaceGranularity@@PAUIGRbsp_surface@@AAUtagGPosition2d@@3HQAUPK_VECTOR_s@@QANQA_NAAH7@Z 10004130 f   CMPFAGSF.obj
 0001:000035c0       ?CMGetGTypedCurve2dEnds@@YAXPAUtagGTypedCurve2d@@PAUPK_UV_s@@1PAH@Z 100045c0 f   CMPFAGSF.obj
 0001:00003650       ?SameUV@@YAEABUPK_UV_s@@0@Z 10004650 f   CMPFAGSF.obj
 0001:000036a0       ?ShiftGBspCurve2d@@YAXAAUtagGBspCurve2d@@NN@Z 100046a0 f   CMPFAGSF.obj
 0001:000036e0       ?SingularAt@@YAEHUPK_UV_s@@@Z 100046e0 f   CMPFAGSF.obj
 0001:00003940       ?MakeBoundaries@@YAHHPAUtagGBoundaries@@@Z 10004940 f   CMPFAGSF.obj
 0001:00003d50       ?CMPSOLIDEdgeToGTypedCurve2d@@YAXHHEHW4SurfaceGranularity@@PAUIGRbsp_surface@@PAUtagGTypedCurve2d@@PAUPK_UV_s@@PAH@Z 10004d50 f   CMPFAGSF.obj
 0001:00004450       ?MakeBoundaries2D@@YAHHEHW4SurfaceGranularity@@PAUtagGBoundaries2d@@PAUIGRbsp_surface@@@Z 10005450 f   CMPFAGSF.obj
 0001:000049d0       ?JMInterested@@YAHHHPAH@Z  100059d0 f   CMPSPLOC.obj
 0001:00004a60       ?JMComputeLocateParam@@YAXHABUtagGBoreCone@@PAN@Z 10005a60 f   CMPSPLOC.obj
 0001:00006a00       ?_ExtendToLamina@@YAXAAUtagGBspCurve@@AAUtagGPosition@@HHPAHN02@Z 10007a00 f   GeomServ.obj
 0001:00007a30       ?GPolesToPKPoles@@YAXAAUtagGBspSurface@@PAN@Z 10008a30 f   GTSfToPKSf.obj
 0001:000087ce       _pre_c_init                100097ce f   MSVCRT:crtdll.obj
 0001:000089ba       ___DllMainCRTStartup       100099ba f   MSVCRT:crtdll.obj
