 welddcx

 Timestamp is 46b3acb4 (Fri Aug 03 17:31:16 2007)

 Preferred load address is 10000000

 Start         Length     Name                   Class
 0001:00000000 0003709bH .text                   CODE
 0001:000370a0 00004b7fH .text$x                 CODE
 0001:0003bc20 00000fc8H .text$yc                CODE
 0001:0003cbf0 00000182H .text$yd                CODE
 0002:00000000 00000b10H .idata$5                DATA
 0002:00000b10 00000004H .CRT$XCA                DATA
 0002:00000b14 000001a0H .CRT$XCU                DATA
 0002:00000cb4 00000004H .CRT$XCZ                DATA
 0002:00000cb8 00000004H .CRT$XIA                DATA
 0002:00000cbc 00000004H .CRT$XIAA               DATA
 0002:00000cc0 00000004H .CRT$XIC                DATA
 0002:00000cc4 00000004H .CRT$XIZ                DATA
 0002:00000cd0 00004950H .rdata                  DATA
 0002:00005620 00000031H .rdata$debug            DATA
 0002:00005654 00000a6cH .rdata$r                DATA
 0002:000060c0 00000490H .rdata$sxdata           DATA
 0002:00006550 00000004H .rtc$IAA                DATA
 0002:00006554 00000004H .rtc$IZZ                DATA
 0002:00006558 00000004H .rtc$TAA                DATA
 0002:0000655c 00000004H .rtc$TZZ                DATA
 0002:00006560 000049acH .xdata$x                DATA
 0002:0000af0c 00000000H ATL$__a                 DATA
 0002:0000af0c 00000000H ATL$__z                 DATA
 0002:0000af0c 0000026cH .idata$2                DATA
 0002:0000b178 00000014H .idata$3                DATA
 0002:0000b18c 00000b10H .idata$4                DATA
 0002:0000bc9c 00003d8aH .idata$6                DATA
 0002:0000fa30 0000014cH .edata                  DATA
 0003:00000000 000090fcH .data                   DATA
 0003:00009100 00001738H .bss                    DATA
 0004:00000000 00000058H .rsrc$01                DATA
 0004:00000060 00000370H .rsrc$02                DATA

  Address         Publics by Value              Rva+Base       Lib:Object

 0000:00000000       __except_list              00000000     <absolute>
 0000:00000124       ___safe_se_handler_count   00000124     <absolute>
 0000:00009876       __ldused                   00009876     <absolute>
 0000:00009876       __fltused                  00009876     <absolute>
 0000:00000000       ___ImageBase               10000000     <linker-defined>
 0001:00000000       ??2@YAPAXI@Z               10001000 f   nothrownew.obj
 0001:00000025       ??_U@YAPAXI@Z              10001025 f   nothrownew.obj
 0001:00000030       ??3CObject@@SGXPAX@Z       10001030 f i Wdcxcmd.obj
 0001:00000040       ??1AFX_MAINTAIN_STATE2@@QAE@XZ 10001040 f i Wdcxcmd.obj
 0001:00000060       ?GetResourceModuleHandle@@YAPAUHINSTANCE__@@XZ 10001060 f   Wdcxcmd.obj
 0001:00000090       _DllMain@12                10001090 f   Wdcxcmd.obj
 0001:00000190       _DllGetClassObject@12      10001190 f   Wdcxcmd.obj
 0001:00000220       _DllCanUnloadNow@0         10001220 f   Wdcxcmd.obj
 0001:000002a0       _GetResourceModuleHandle@4 100012a0 f   Wdcxcmd.obj
 0001:000002d0       _WeldmentDCXGetClassObject@12 100012d0 f   Wdcxcmd.obj
 0001:000002e0       _ExtRawDllMain@12          100012e0 f   Wdcxcmd.obj
 0001:00000310       ??4PersistentCutawayDef@@QAEAAU0@ABU0@@Z 10001310 f i Wdcxguid.obj
 0001:00000330       ?FilletWeld_ForceLoad@@YAXXZ 10001330 f   filtwldcmd:FiltWldFL.obj
 0001:00000390       ?GetRuntimeClass@JMFilletWeldCmd@@UBEPAUCRuntimeClass@@XZ 10001390 f   filtwldcmd:FiltWld.obj
 0001:00000390       ?GetThisClass@JMFilletWeldCmd@@SGPAUCRuntimeClass@@XZ 10001390 f   filtwldcmd:FiltWld.obj
 0001:000003a0       ?GetResourceHandle@CFilletPropsDlg@@MAEXPAPAUHINSTANCE__@@@Z 100013a0 f   filtwldcmd:fwoptdlg.obj
 0001:000003a0       ?GetResourceHandle@CJMSkipWeldCommand@@UAEXPAPAUHINSTANCE__@@@Z 100013a0 f   skipweld:skipweld.obj
 0001:000003a0       ?GetResourceHandle@JMFilletWeldCmd@@UAEXPAPAUHINSTANCE__@@@Z 100013a0 f   filtwldcmd:FiltWld.obj
 0001:000003a0       ?GetResourceHandle@JMLabelWeldCmd@@UAEXPAPAUHINSTANCE__@@@Z 100013a0 f   lblwldcmd:CJMLBLWLDCM.obj
 0001:000003a0       ?GetResourceHandle@JMInsertWeldmentCmd@@UAEXPAPAUHINSTANCE__@@@Z 100013a0 f   insweld:Insweld.obj
 0001:000003a0       ?GetResourceHandle@CGrooveWeldPropsDlg@@MAEXPAPAUHINSTANCE__@@@Z 100013a0 f   grooveweld:GrooveOptDlg.obj
 0001:000003a0       ?GetResourceHandle@CLabelWeldPropsDlg@@MAEXPAPAUHINSTANCE__@@@Z 100013a0 f   lblwldcmd:labeloptdlg.obj
 0001:000003a0       ?GetResourceHandle@JMGrooveWeldCmd@@UAEXPAPAUHINSTANCE__@@@Z 100013a0 f   grooveweld:GrooveWeldCmd.obj
 0001:000003b0       ?CmdMessageBox@JMFilletWeldCmd@@QAEHIIPAH@Z 100013b0 f   filtwldcmd:FiltWld.obj
 0001:000004b0       ?SetControlText@JMFilletWeldCmd@@QAEXHI@Z 100014b0 f   filtwldcmd:FiltWld.obj
 0001:00000570       ??HATL@@YA?AV?$CStringT@DV?$StrTraitMFC_DLL@DV?$ChTraitsCRT@D@ATL@@@@@0@ABV10@0@Z 10001570 f i filtwldcmd:FiltWld.obj
 0001:00000610       ??HATL@@YA?AV?$CStringT@DV?$StrTraitMFC_DLL@DV?$ChTraitsCRT@D@ATL@@@@@0@ABV10@PBD@Z 10001610 f i filtwldcmd:FiltWld.obj
 0001:000006b0       ??A?$vector@UtagJANNOTWELDSYMINFO@@V?$allocator@UtagJANNOTWELDSYMINFO@@@std@@@std@@QAEAAUtagJANNOTWELDSYMINFO@@I@Z 100016b0 f i filtwldcmd:FiltWld.obj
 0001:000006f0       ?size@?$vector@V?$TIP@PAUIUnknown@@@@V?$allocator@V?$TIP@PAUIUnknown@@@@@std@@@std@@QBEIXZ 100016f0 f i filtwldcmd:FiltWld.obj
 0001:00000710       ??A?$vector@V?$TIP@PAUIUnknown@@@@V?$allocator@V?$TIP@PAUIUnknown@@@@@std@@@std@@QAEAAV?$TIP@PAUIUnknown@@@@I@Z 10001710 f i filtwldcmd:FiltWld.obj
 0001:00000740       ??I?$TIP@PAUIEnumUnknown@@@@QAEPAPAUIEnumUnknown@@XZ 10001740 f i filtwldcmd:FiltWld.obj
 0001:00000740       ??I?$TIP@PAUIJPMIDnAElement@@@@QAEPAPAUIJPMIDnAElement@@XZ 10001740 f i filtwldcmd:FiltWld.obj
 0001:00000740       ??I?$TIP@PAUIJGraphicView@@@@QAEPAPAUIJGraphicView@@XZ 10001740 f i skipweld:skpwldutl.obj
 0001:00000740       ??I?$TIP@PAUIJMFeatureCmd@@@@QAEPAPAUIJMFeatureCmd@@XZ 10001740 f i insweld:Insweld.obj
 0001:00000740       ??I?$TIP@PAUIUnknown@@@@QAEPAPAUIUnknown@@XZ 10001740 f i filtwldcmd:FiltWld.obj
 0001:00000740       ??I?$TIP@PAUIJGraphic@@@@QAEPAPAUIJGraphic@@XZ 10001740 f i lblwldcmd:CJMLBLWLDCM.obj
 0001:00000740       ??I?$TIP@PAUIJWeldSymbolData@@@@QAEPAPAUIJWeldSymbolData@@XZ 10001740 f i filtwldcmd:FiltWld.obj
 0001:00000740       ??I?$TIP@PAUIJMTopologyProxy@@@@QAEPAPAUIJMTopologyProxy@@XZ 10001740 f i filtwldcmd:FiltWld.obj
 0001:00000740       ??I?$TIP@PAUIJAnnotSrc@@@@QAEPAPAUIJAnnotSrc@@XZ 10001740 f i filtwldcmd:FiltWld.obj
 0001:00000740       ??I?$TIP@PAUIJOccurrence@@@@QAEPAPAUIJOccurrence@@XZ 10001740 f i filtwldcmd:FiltWld.obj
 0001:00000740       ??I?$TIP@PAUIJMTopology@@@@QAEPAPAUIJMTopology@@XZ 10001740 f i filtwldcmd:FiltWld.obj
 0001:00000740       ??I?$TIP@PAUIJMembassy@@@@QAEPAPAUIJMembassy@@XZ 10001740 f i filtwldcmd:FiltWld.obj
 0001:00000740       ??I?$TIP@PAUIJRelationValue@@@@QAEPAPAUIJRelationValue@@XZ 10001740 f i filtwldcmd:FiltWld.obj
 0001:00000740       ??I?$TIP@PAUIJMEditFeatureDimCmd@@@@QAEPAPAUIJMEditFeatureDimCmd@@XZ 10001740 f i skipweld:skipweld.obj
 0001:00000740       ??I?$TIP@PAUIJMSelectProfileSideCmd@@@@QAEPAPAUIJMSelectProfileSideCmd@@XZ 10001740 f i skipweld:skipweld.obj
 0001:00000760       ??$_Construct@V?$TIP@PAUIUnknown@@@@V1@@std@@YAXPAV?$TIP@PAUIUnknown@@@@ABV1@@Z 10001760 f i filtwldcmd:FiltWld.obj
 0001:000007d0       ??0bad_alloc@std@@QAE@PBD@Z 100017d0 f i filtwldcmd:FiltWld.obj
 0001:00000830       ??1bad_alloc@std@@UAE@XZ   10001830 f i filtwldcmd:FiltWld.obj
 0001:00000880       ??_Gbad_alloc@std@@UAEPAXI@Z 10001880 f i filtwldcmd:FiltWld.obj
 0001:00000880       ??_Ebad_alloc@std@@UAEPAXI@Z 10001880 f i filtwldcmd:FiltWld.obj
 0001:000008f0       ??0logic_error@std@@QAE@ABV?$basic_string@DU?$char_traits@D@std@@V?$allocator@D@2@@1@@Z 100018f0 f i filtwldcmd:FiltWld.obj
 0001:00000960       ??1logic_error@std@@UAE@XZ 10001960 f i filtwldcmd:FiltWld.obj
 0001:000009c0       ?what@logic_error@std@@UBEPBDXZ 100019c0 f i filtwldcmd:FiltWld.obj
 0001:000009d0       ??_Elogic_error@std@@UAEPAXI@Z 100019d0 f i filtwldcmd:FiltWld.obj
 0001:000009d0       ??_Glogic_error@std@@UAEPAXI@Z 100019d0 f i filtwldcmd:FiltWld.obj
 0001:000009f0       ??0length_error@std@@QAE@ABV?$basic_string@DU?$char_traits@D@std@@V?$allocator@D@2@@1@@Z 100019f0 f i filtwldcmd:FiltWld.obj
 0001:00000a50       ??1length_error@std@@UAE@XZ 10001a50 f i filtwldcmd:FiltWld.obj
 0001:00000aa0       ??_Glength_error@std@@UAEPAXI@Z 10001aa0 f i filtwldcmd:FiltWld.obj
 0001:00000aa0       ??_Elength_error@std@@UAEPAXI@Z 10001aa0 f i filtwldcmd:FiltWld.obj
 0001:00000b00       ?IsEntityThisClass@@YAHHH@Z 10001b00 f i filtwldcmd:FiltWld.obj
 0001:00000b40       ??0JOleObjectFactory@@QAE@ABU_GUID@@PAUCRuntimeClass@@HPBD@Z 10001b40 f i filtwldcmd:FiltWld.obj
 0001:00000bb0       ?DoDataExchange@CWnd@@MAEXPAVCDataExchange@@@Z 10001bb0 f i filtwldcmd:FiltWld.obj
 0001:00000bb0       ?Dump@CObject@@UBEXAAVCDumpContext@@@Z 10001bb0 f i filtwldcmd:FiltWld.obj
 0001:00000bb0       ?Serialize@CObject@@UAEXAAVCArchive@@@Z 10001bb0 f i filtwldcmd:FiltWld.obj
 0001:00000bc0       ?IsRegistered@COleObjectFactory@@UBEHXZ 10001bc0 f i filtwldcmd:FiltWld.obj
 0001:00000bd0       ?OnCreateObject@JOleObjectFactory@@UAEPAVCCmdTarget@@XZ 10001bd0 f i filtwldcmd:FiltWld.obj
 0001:00000c60       ??0CJPartDisableLogging@@QAE@PAUIUnknown@@@Z 10001c60 f i filtwldcmd:FiltWld.obj
 0001:00000cb0       ??4?$TIP@PAUIUnknown@@@@QAEAAV0@ABV0@@Z 10001cb0 f i filtwldcmd:FiltWld.obj
 0001:00000cb0       ??4?$TIP@PAUIUnknown@@@@QAEAAV0@ABQAUIUnknown@@@Z 10001cb0 f i skipweld:skpwldutl.obj
 0001:00000ce0       ??0?$JArray@UJMemberRoadmap@@U1@@@QAE@XZ 10001ce0 f i insweld:Insweld.obj
 0001:00000ce0       ??0?$JArray@PAUIUnknown@@PAU1@@@QAE@XZ 10001ce0 f i filtwldcmd:FiltWld.obj
 0001:00000ce0       ??0?$JArray@HH@@QAE@XZ     10001ce0 f i skipweld:skipweld.obj
 0001:00000ce0       ??0?$JArray@UtagSkipWeldFeatureInputs@@U1@@@QAE@XZ 10001ce0 f i skipweld:skipweld.obj
 0001:00000ce0       ??0?$JArray@PAUJWeldDataEx@@PAU1@@@QAE@XZ 10001ce0 f i filtwldcmd:FiltWld.obj
 0001:00000cf0       ?pow@@YANNH@Z              10001cf0 f i filtwldcmd:FiltWld.obj
 0001:00000d20       ?DisplayFeatureNameDlg@JMFilletWeldCmd@@QAEXXZ 10001d20 f   filtwldcmd:FiltWld.obj
 0001:00000dd0       ?Init@JMFilletWeldCmd@@UAEJPAUIUnknown@@0PBX@Z 10001dd0 f   filtwldcmd:FiltWld.obj
 0001:00001060       ?BeginModalState@CWnd@@UAEXXZ 10002060 f i filtwldcmd:FiltWld.obj
 0001:00001070       ?EndModalState@CWnd@@UAEXXZ 10002070 f i filtwldcmd:FiltWld.obj
 0001:00001080       ?Create@CDialog@@UAEHIPAVCWnd@@@Z 10002080 f i filtwldcmd:FiltWld.obj
 0001:00001090       ??_EJRibbon@@UAEPAXI@Z     10002090 f i filtwldcmd:FiltWld.obj
 0001:00001090       ??_GJRibbon@@UAEPAXI@Z     10002090 f i filtwldcmd:FiltWld.obj
 0001:000010b0       ?EditStepSetup@JMFilletWeldCmd@@AAEXXZ 100020b0 f   filtwldcmd:FiltWld.obj
 0001:00001160       ?UpdateTieToGeometryWeldSymbol@@YAXPAU_IJDocument@@PAUIJAsmMultiPartFeature@@@Z 10002160 f   filtwldcmd:FiltWld.obj
 0001:00001600       ??D?$_Vector_iterator@V?$TIP@PAUIUnknown@@@@V?$allocator@V?$TIP@PAUIUnknown@@@@@std@@@std@@QBEAAV?$TIP@PAUIUnknown@@@@XZ 10002600 f i filtwldcmd:FiltWld.obj
 0001:00001600       ??D?$_Vector_iterator@UtagJANNOTWELDSYMINFO@@V?$allocator@UtagJANNOTWELDSYMINFO@@@std@@@std@@QBEAAUtagJANNOTWELDSYMINFO@@XZ 10002600 f i filtwldcmd:FiltWld.obj
 0001:00001600       ??D?$_Vector_iterator@PAUIUnknown@@V?$allocator@PAUIUnknown@@@std@@@std@@QBEAAPAUIUnknown@@XZ 10002600 f i filtwldcmd:FiltWld.obj
 0001:00001630       ?_Xlen@?$vector@PAUIUnknown@@V?$allocator@PAUIUnknown@@@std@@@std@@KAXXZ 10002630 f i filtwldcmd:FiltWld.obj
 0001:00001690       ??0logic_error@std@@QAE@ABV01@@Z 10002690 f i filtwldcmd:FiltWld.obj
 0001:00001700       ??0length_error@std@@QAE@ABV01@@Z 10002700 f i filtwldcmd:FiltWld.obj
 0001:00001760       ?_Xlen@?$vector@V?$TIP@PAUIUnknown@@@@V?$allocator@V?$TIP@PAUIUnknown@@@@@std@@@std@@KAXXZ 10002760 f i filtwldcmd:FiltWld.obj
 0001:000017c0       ?SetSize@?$JArray@PAUIUnknown@@PAU1@@@QAEXHH@Z 100027c0 f i filtwldcmd:FiltWld.obj
 0001:000017c0       ?SetSize@?$JArray@HH@@QAEXHH@Z 100027c0 f i skipweld:skipweld.obj
 0001:000018e0       ??1?$JArray@PAUJWeldDataEx@@PAU1@@@QAE@XZ 100028e0 f i filtwldcmd:FiltWld.obj
 0001:000018e0       ??1?$JArray@HH@@QAE@XZ     100028e0 f i skipweld:skipweld.obj
 0001:000018e0       ??1?$JArray@UtagSkipWeldFeatureInputs@@U1@@@QAE@XZ 100028e0 f i skipweld:skipweld.obj
 0001:000018e0       ??1?$JArray@PAUIUnknown@@PAU1@@@QAE@XZ 100028e0 f i filtwldcmd:FiltWld.obj
 0001:000018f0       ??0bad_alloc@std@@QAE@ABV01@@Z 100028f0 f i filtwldcmd:FiltWld.obj
 0001:00001950       ?SetAtGrow@?$JArray@HH@@QAEXHH@Z 10002950 f i skipweld:skipweld.obj
 0001:00001950       ?SetAtGrow@?$JArray@PAUIUnknown@@PAU1@@@QAEXHPAUIUnknown@@@Z 10002950 f i filtwldcmd:FiltWld.obj
 0001:00001990       ??$_Fill@PAV?$TIP@PAUIUnknown@@@@V1@@std@@YAXPAV?$TIP@PAUIUnknown@@@@0ABV1@@Z 10002990 f i filtwldcmd:FiltWld.obj
 0001:000019d0       ?construct@?$allocator@V?$TIP@PAUIUnknown@@@@@std@@QAEXPAV?$TIP@PAUIUnknown@@@@ABV3@@Z 100029d0 f i filtwldcmd:FiltWld.obj
 0001:000019f0       ??$_Copy_opt@PAV?$TIP@PAUIUnknown@@@@PAV1@Uforward_iterator_tag@std@@@std@@YAPAV?$TIP@PAUIUnknown@@@@PAV1@00Uforward_iterator_tag@0@U_Nonscalar_ptr_iterator_tag@0@U_Range_checked_iterator_tag@0@@Z 100029f0 f i filtwldcmd:FiltWld.obj
 0001:00001a40       ??$_Copy_backward_opt@PAV?$TIP@PAUIUnknown@@@@PAV1@Uforward_iterator_tag@std@@@std@@YAPAV?$TIP@PAUIUnknown@@@@PAV1@00Uforward_iterator_tag@0@U_Nonscalar_ptr_iterator_tag@0@U_Range_checked_iterator_tag@0@@Z 10002a40 f i filtwldcmd:FiltWld.obj
 0001:00001a90       ??_GJOleObjectFactory@@UAEPAXI@Z 10002a90 f i filtwldcmd:FiltWld.obj
 0001:00001a90       ??_EJOleObjectFactory@@UAEPAXI@Z 10002a90 f i filtwldcmd:FiltWld.obj
 0001:00001af0       ??1CJPartDisableLogging@@QAE@XZ 10002af0 f i filtwldcmd:FiltWld.obj
 0001:00001b20       ?JMGetWeldmentFace@JMFilletWeldCmd@@CAJPAUIJGraphic@@PAXAAPAU2@@Z 10002b20 f   filtwldcmd:FiltWld.obj
 0001:00001d40       ?GetAllTangentConnectedFacesMembassy@@YAJPAUIJGraphic@@PAXAAPAU1@@Z 10002d40 f   filtwldcmd:FiltWld.obj
 0001:000021c0       ?InitMultiSelectCollector@JMFilletWeldCmd@@QAEHXZ 100031c0 f   filtwldcmd:FiltWld.obj
 0001:000027b0       ?DeleteFailedFeature@JMFilletWeldCmd@@QAEJXZ 100037b0 f   filtwldcmd:FiltWld.obj
 0001:00002940       ??E?$_Vector_iterator@V?$TIP@PAUIUnknown@@@@V?$allocator@V?$TIP@PAUIUnknown@@@@@std@@@std@@QAE?AV01@H@Z 10003940 f i filtwldcmd:FiltWld.obj
 0001:00002940       ??E?$_Vector_iterator@PAUIUnknown@@V?$allocator@PAUIUnknown@@@std@@@std@@QAE?AV01@H@Z 10003940 f i filtwldcmd:FiltWld.obj
 0001:00002980       ?end@?$vector@PAUIUnknown@@V?$allocator@PAUIUnknown@@@std@@@std@@QBE?AV?$_Vector_const_iterator@PAUIUnknown@@V?$allocator@PAUIUnknown@@@std@@@2@XZ 10003980 f i skipweld:skipweld.obj
 0001:00002980       ?end@?$vector@V?$TIP@PAUIUnknown@@@@V?$allocator@V?$TIP@PAUIUnknown@@@@@std@@@std@@QAE?AV?$_Vector_iterator@V?$TIP@PAUIUnknown@@@@V?$allocator@V?$TIP@PAUIUnknown@@@@@std@@@2@XZ 10003980 f i filtwldcmd:FiltWld.obj
 0001:00002980       ?end@?$vector@VAssemblyGroupInfo@@V?$allocator@VAssemblyGroupInfo@@@std@@@std@@QBE?AV?$_Vector_const_iterator@VAssemblyGroupInfo@@V?$allocator@VAssemblyGroupInfo@@@std@@@2@XZ 10003980 f i asmatt:AsmAtt.obj
 0001:00002980       ?end@?$vector@PAUIUnknown@@V?$allocator@PAUIUnknown@@@std@@@std@@QAE?AV?$_Vector_iterator@PAUIUnknown@@V?$allocator@PAUIUnknown@@@std@@@2@XZ 10003980 f i filtwldcmd:FiltWld.obj
 0001:00002980       ?end@?$vector@UJAsmRefAttrInfo@@V?$allocator@UJAsmRefAttrInfo@@@std@@@std@@QAE?AV?$_Vector_iterator@UJAsmRefAttrInfo@@V?$allocator@UJAsmRefAttrInfo@@@std@@@2@XZ 10003980 f i asmatt:AttUtil.obj
 0001:00002980       ?end@?$vector@KV?$allocator@K@std@@@std@@QBE?AV?$_Vector_const_iterator@KV?$allocator@K@std@@@2@XZ 10003980 f i asmatt:AsmAtt.obj
 0001:00002980       ?end@?$vector@V?$TIP@PAUIUnknown@@@@V?$allocator@V?$TIP@PAUIUnknown@@@@@std@@@std@@QBE?AV?$_Vector_const_iterator@V?$TIP@PAUIUnknown@@@@V?$allocator@V?$TIP@PAUIUnknown@@@@@std@@@2@XZ 10003980 f i filtwldcmd:FiltWld.obj
 0001:000029b0       ?allocate@?$allocator@PAUIUnknown@@@std@@QAEPAPAUIUnknown@@I@Z 100039b0 f i filtwldcmd:FiltWld.obj
 0001:000029b0       ?allocate@?$allocator@K@std@@QAEPAKI@Z 100039b0 f i asmatt:AsmAtt.obj
 0001:000029b0       ?allocate@?$allocator@V?$TIP@PAUIUnknown@@@@@std@@QAEPAV?$TIP@PAUIUnknown@@@@I@Z 100039b0 f i filtwldcmd:FiltWld.obj
 0001:00002a00       ?FWGetSetManagerData@JMFilletWeldCmd@@UAEJPAVJMSetManager@@AAHAAPAPAUIUnknown@@@Z 10003a00 f   filtwldcmd:FiltWld.obj
 0001:00002ce0       ?Sleep@JMFilletWeldCmd@@UAEJK@Z 10003ce0 f   filtwldcmd:FiltWld.obj
 0001:00002f80       ?erase@?$vector@PAUIUnknown@@V?$allocator@PAUIUnknown@@@std@@@std@@QAE?AV?$_Vector_iterator@PAUIUnknown@@V?$allocator@PAUIUnknown@@@std@@@2@V32@0@Z 10003f80 f i filtwldcmd:FiltWld.obj
 0001:00002f80       ?erase@?$vector@KV?$allocator@K@std@@@std@@QAE?AV?$_Vector_iterator@KV?$allocator@K@std@@@2@V32@0@Z 10003f80 f i asmatt:AsmAtt.obj
 0001:00002fe0       ?_Buy@?$vector@V?$TIP@PAUIUnknown@@@@V?$allocator@V?$TIP@PAUIUnknown@@@@@std@@@std@@IAE_NI@Z 10003fe0 f i filtwldcmd:FiltWld.obj
 0001:00003030       ??$unchecked_copy@PAV?$TIP@PAUIUnknown@@@@PAV1@@stdext@@YAPAV?$TIP@PAUIUnknown@@@@PAV1@00@Z 10004030 f i filtwldcmd:FiltWld.obj
 0001:00003080       ?destroy@?$allocator@V?$TIP@PAUIUnknown@@@@@std@@QAEXPAV?$TIP@PAUIUnknown@@@@@Z 10004080 f i filtwldcmd:FiltWld.obj
 0001:000030a0       ??$_Uninit_copy@PBV?$TIP@PAUIUnknown@@@@PAV1@V?$allocator@V?$TIP@PAUIUnknown@@@@@std@@@std@@YAPAV?$TIP@PAUIUnknown@@@@PBV1@0PAV1@AAV?$allocator@V?$TIP@PAUIUnknown@@@@@0@U_Nonscalar_ptr_iterator_tag@0@U_Range_checked_iterator_tag@0@@Z 100040a0 f i filtwldcmd:FiltWld.obj
 0001:00003140       ??$_Uninit_copy@PAV?$TIP@PAUIUnknown@@@@PAV1@V?$allocator@V?$TIP@PAUIUnknown@@@@@std@@@std@@YAPAV?$TIP@PAUIUnknown@@@@PAV1@00AAV?$allocator@V?$TIP@PAUIUnknown@@@@@0@U_Nonscalar_ptr_iterator_tag@0@U_Range_checked_iterator_tag@0@@Z 10004140 f i filtwldcmd:FiltWld.obj
 0001:000031e0       ??1?$vector@KV?$allocator@K@std@@@std@@QAE@XZ 100041e0 f i asmatt:AsmAtt.obj
 0001:000031e0       ??1?$vector@PAUIUnknown@@V?$allocator@PAUIUnknown@@@std@@@std@@QAE@XZ 100041e0 f i filtwldcmd:FiltWld.obj
 0001:000031e0       ?_Tidy@?$vector@KV?$allocator@K@std@@@std@@IAEXXZ 100041e0 f i asmatt:AsmAtt.obj
 0001:000031e0       ?_Tidy@?$vector@PAUIUnknown@@V?$allocator@PAUIUnknown@@@std@@@std@@IAEXXZ 100041e0 f i filtwldcmd:FiltWld.obj
 0001:00003210       ?ChangeNote@JMFilletWeldCmd@@QAEXXZ 10004210 f   filtwldcmd:FiltWld.obj
 0001:000039c0       ?clear@?$vector@PAUIUnknown@@V?$allocator@PAUIUnknown@@@std@@@std@@QAEXXZ 100049c0 f i filtwldcmd:FiltWld.obj
 0001:000039c0       ?clear@?$vector@KV?$allocator@K@std@@@std@@QAEXXZ 100049c0 f i asmatt:AsmAtt.obj
 0001:00003a00       ??$_Unchecked_move_backward@PAV?$TIP@PAUIUnknown@@@@PAV1@@stdext@@YAPAV?$TIP@PAUIUnknown@@@@PAV1@00@Z 10004a00 f i filtwldcmd:FiltWld.obj
 0001:00003a50       ??$_Uninit_fill_n@PAV?$TIP@PAUIUnknown@@@@IV1@V?$allocator@V?$TIP@PAUIUnknown@@@@@std@@@std@@YAXPAV?$TIP@PAUIUnknown@@@@IABV1@AAV?$allocator@V?$TIP@PAUIUnknown@@@@@0@U_Nonscalar_ptr_iterator_tag@0@U_Range_checked_iterator_tag@0@@Z 10004a50 f i filtwldcmd:FiltWld.obj
 0001:00003af0       ??$_Ucopy@V?$_Vector_const_iterator@V?$TIP@PAUIUnknown@@@@V?$allocator@V?$TIP@PAUIUnknown@@@@@std@@@std@@@?$vector@V?$TIP@PAUIUnknown@@@@V?$allocator@V?$TIP@PAUIUnknown@@@@@std@@@std@@IAEPAV?$TIP@PAUIUnknown@@@@V?$_Vector_const_iterator@V?$TIP@PAUIUnknown@@@@V?$allocator@V?$TIP@PAUIUnknown@@@@@std@@@1@0PAV2@@Z 10004af0 f i filtwldcmd:FiltWld.obj
 0001:00003b20       ??$_Umove@PAV?$TIP@PAUIUnknown@@@@@?$vector@V?$TIP@PAUIUnknown@@@@V?$allocator@V?$TIP@PAUIUnknown@@@@@std@@@std@@IAEPAV?$TIP@PAUIUnknown@@@@PAV2@00@Z 10004b20 f i filtwldcmd:FiltWld.obj
 0001:00003b20       ??$_Ucopy@PAV?$TIP@PAUIUnknown@@@@@?$vector@V?$TIP@PAUIUnknown@@@@V?$allocator@V?$TIP@PAUIUnknown@@@@@std@@@std@@IAEPAV?$TIP@PAUIUnknown@@@@PAV2@00@Z 10004b20 f i filtwldcmd:FiltWld.obj
 0001:00003b50       ?_Destroy@?$vector@V?$TIP@PAUIUnknown@@@@V?$allocator@V?$TIP@PAUIUnknown@@@@@std@@@std@@IAEXPAV?$TIP@PAUIUnknown@@@@0@Z 10004b50 f i filtwldcmd:FiltWld.obj
 0001:00003b80       ??1?$vector@V?$TIP@PAUIUnknown@@@@V?$allocator@V?$TIP@PAUIUnknown@@@@@std@@@std@@QAE@XZ 10004b80 f i filtwldcmd:FiltWld.obj
 0001:00003b80       ?_Tidy@?$vector@V?$TIP@PAUIUnknown@@@@V?$allocator@V?$TIP@PAUIUnknown@@@@@std@@@std@@IAEXXZ 10004b80 f i filtwldcmd:FiltWld.obj
 0001:00003bc0       ?_Ufill@?$vector@V?$TIP@PAUIUnknown@@@@V?$allocator@V?$TIP@PAUIUnknown@@@@@std@@@std@@IAEPAV?$TIP@PAUIUnknown@@@@PAV3@IABV3@@Z 10004bc0 f i filtwldcmd:FiltWld.obj
 0001:00003c00       ??0?$vector@V?$TIP@PAUIUnknown@@@@V?$allocator@V?$TIP@PAUIUnknown@@@@@std@@@std@@QAE@ABV01@@Z 10004c00 f i filtwldcmd:FiltWld.obj
 0001:00003ce0       ?erase@?$vector@V?$TIP@PAUIUnknown@@@@V?$allocator@V?$TIP@PAUIUnknown@@@@@std@@@std@@QAE?AV?$_Vector_iterator@V?$TIP@PAUIUnknown@@@@V?$allocator@V?$TIP@PAUIUnknown@@@@@std@@@2@V32@0@Z 10004ce0 f i filtwldcmd:FiltWld.obj
 0001:00003d60       ?_Insert_n@?$vector@V?$TIP@PAUIUnknown@@@@V?$allocator@V?$TIP@PAUIUnknown@@@@@std@@@std@@IAEXV?$_Vector_iterator@V?$TIP@PAUIUnknown@@@@V?$allocator@V?$TIP@PAUIUnknown@@@@@std@@@2@IABV?$TIP@PAUIUnknown@@@@@Z 10004d60 f i filtwldcmd:FiltWld.obj
 0001:00003ff0       ?clear@?$vector@V?$TIP@PAUIUnknown@@@@V?$allocator@V?$TIP@PAUIUnknown@@@@@std@@@std@@QAEXXZ 10004ff0 f i filtwldcmd:FiltWld.obj
 0001:00004030       ?resize@?$vector@V?$TIP@PAUIUnknown@@@@V?$allocator@V?$TIP@PAUIUnknown@@@@@std@@@std@@QAEXIV?$TIP@PAUIUnknown@@@@@Z 10005030 f i filtwldcmd:FiltWld.obj
 0001:00004130       ?insert@?$vector@V?$TIP@PAUIUnknown@@@@V?$allocator@V?$TIP@PAUIUnknown@@@@@std@@@std@@QAE?AV?$_Vector_iterator@V?$TIP@PAUIUnknown@@@@V?$allocator@V?$TIP@PAUIUnknown@@@@@std@@@2@V32@ABV?$TIP@PAUIUnknown@@@@@Z 10005130 f i filtwldcmd:FiltWld.obj
 0001:000041c0       ?ResetState@JMFilletWeldCmd@@AAEX_N@Z 100051c0 f   filtwldcmd:FiltWld.obj
 0001:00004370       ?Lose@JMFilletWeldCmd@@AAEXXZ 10005370 f   filtwldcmd:FiltWld.obj
 0001:00004590       ??1JMFilletWeldCmd@@UAE@XZ 10005590 f   filtwldcmd:FiltWld.obj
 0001:000047a0       ?FinishFeature@JMFilletWeldCmd@@AAEJXZ 100057a0 f   filtwldcmd:FiltWld.obj
 0001:00004870       ??4?$vector@V?$TIP@PAUIUnknown@@@@V?$allocator@V?$TIP@PAUIUnknown@@@@@std@@@std@@QAEAAV01@ABV01@@Z 10005870 f i filtwldcmd:FiltWld.obj
 0001:000049b0       ?resize@?$vector@V?$TIP@PAUIUnknown@@@@V?$allocator@V?$TIP@PAUIUnknown@@@@@std@@@std@@QAEXI@Z 100059b0 f i filtwldcmd:FiltWld.obj
 0001:00004a10       ?push_back@?$vector@V?$TIP@PAUIUnknown@@@@V?$allocator@V?$TIP@PAUIUnknown@@@@@std@@@std@@QAEXABV?$TIP@PAUIUnknown@@@@@Z 10005a10 f i filtwldcmd:FiltWld.obj
 0001:00004aa0       ??_GJMFilletWeldCmd@@UAEPAXI@Z 10005aa0 f i filtwldcmd:FiltWld.obj
 0001:00004aa0       ??_EJMFilletWeldCmd@@UAEPAXI@Z 10005aa0 f i filtwldcmd:FiltWld.obj
 0001:00004ac0       ?InitializeLabelWeldData@JMFilletWeldCmd@@AAEXXZ 10005ac0 f   filtwldcmd:FiltWld.obj
 0001:00004c30       ?CmdInit@JMFilletWeldCmd@@AAEXXZ 10005c30 f   filtwldcmd:FiltWld.obj
 0001:00004fb0       ?DoCommand@JMFilletWeldCmd@@AAEJXZ 10005fb0 f   filtwldcmd:FiltWld.obj
 0001:00005780       ?DoFeatureEdit@JMFilletWeldCmd@@AAEJXZ 10006780 f   filtwldcmd:FiltWld.obj
 0001:00005ce0       ?OnWeldmentProps@JMFilletWeldCmd@@IAEXXZ 10006ce0 f   filtwldcmd:FiltWld.obj
 0001:00006140       ?MapParentsToInputs@JMFilletWeldCmd@@AAEJXZ 10007140 f   filtwldcmd:FiltWld.obj
 0001:00006f40       ?Transition@JMFilletWeldCmd@@AAEXXZ 10007f40 f   filtwldcmd:FiltWld.obj
 0001:00007740       ??0JMFilletWeldCmd@@QAE@XZ 10008740 f   filtwldcmd:FiltWld.obj
 0001:00007840       ?WakeUp@JMFilletWeldCmd@@UAEJK@Z 10008840 f   filtwldcmd:FiltWld.obj
 0001:00007980       ?OnBaseFace@JMFilletWeldCmd@@IAEXXZ 10008980 f   filtwldcmd:FiltWld.obj
 0001:000079f0       ?OnTargetFace@JMFilletWeldCmd@@IAEXXZ 100089f0 f   filtwldcmd:FiltWld.obj
 0001:00007a40       ?OnWeldmentPropsDropDown@JMFilletWeldCmd@@IAEJIJ@Z 10008a40 f   filtwldcmd:FiltWld.obj
 0001:00008070       ?OnSelectEdge@JMFilletWeldCmd@@IAEXXZ 10009070 f   filtwldcmd:FiltWld.obj
 0001:00008090       ?OnDoItButton@JMFilletWeldCmd@@IAEXXZ 10009090 f   filtwldcmd:FiltWld.obj
 0001:00008150       ?OnValidSelection@JMFilletWeldCmd@@IAEJIJ@Z 10009150 f   filtwldcmd:FiltWld.obj
 0001:000083d0       ?OnRButtonDown@JMFilletWeldCmd@@IAEXIVCPoint@@@Z 100093d0 f   filtwldcmd:FiltWld.obj
 0001:000083f0       ?OnKeyDown@JMFilletWeldCmd@@IAEXIII@Z 100093f0 f   filtwldcmd:FiltWld.obj
 0001:00008420       ?OnFeatureNameAccepted@JMFilletWeldCmd@@IAEJIJ@Z 10009420 f   filtwldcmd:FiltWld.obj
 0001:00008430       ?CreateObject@JMFilletWeldCmd@@SGPAVCObject@@XZ 10009430 f   filtwldcmd:FiltWld.obj
 0001:000084a0       ?GetThisMessageMap@JMFilletWeldCmd@@KGPBUAFX_MSGMAP@@XZ 100094a0 f   filtwldcmd:FiltWld.obj
 0001:00008510       ?GetMessageMap@JMFilletWeldCmd@@MBEPBUAFX_MSGMAP@@XZ 10009510 f   filtwldcmd:FiltWld.obj
 0001:00008520       ?OnSavedSettingsSave@CFilletPropsDlg@@IAEJIJ@Z 10009520 f   filtwldcmd:fwoptdlg.obj
 0001:00008620       ?OnSaveDefaults@CFilletPropsDlg@@IAEXXZ 10009620 f   filtwldcmd:fwoptdlg.obj
 0001:000087d0       ??0CStatic@@QAE@XZ         100097d0 f i filtwldcmd:fwoptdlg.obj
 0001:00008830       ??_ECStatic@@UAEPAXI@Z     10009830 f i filtwldcmd:fwoptdlg.obj
 0001:00008830       ??_GCStatic@@UAEPAXI@Z     10009830 f i filtwldcmd:fwoptdlg.obj
 0001:00008850       ??0CComboBox@@QAE@XZ       10009850 f i filtwldcmd:fwoptdlg.obj
 0001:000088b0       ??_GCComboBox@@UAEPAXI@Z   100098b0 f i filtwldcmd:fwoptdlg.obj
 0001:000088b0       ??_ECComboBox@@UAEPAXI@Z   100098b0 f i filtwldcmd:fwoptdlg.obj
 0001:000088d0       ?SetCurSel@CComboBox@@QAEHH@Z 100098d0 f i filtwldcmd:fwoptdlg.obj
 0001:000088f0       ?AddString@CComboBox@@QAEHPBD@Z 100098f0 f i filtwldcmd:fwoptdlg.obj
 0001:00008910       ?ResetContent@CComboBox@@QAEXXZ 10009910 f i filtwldcmd:fwoptdlg.obj
 0001:00008930       ?FindString@CComboBox@@QBEHHPBD@Z 10009930 f i filtwldcmd:fwoptdlg.obj
 0001:00008950       ?DoDataExchange@CFilletPropsDlg@@MAEXPAVCDataExchange@@@Z 10009950 f   filtwldcmd:fwoptdlg.obj
 0001:000089e0       ?OnOK@CFilletPropsDlg@@MAEXXZ 100099e0 f   filtwldcmd:fwoptdlg.obj
 0001:00008a80       ?UpdateSymbol@CFilletPropsDlg@@QAEXXZ 10009a80 f   filtwldcmd:fwoptdlg.obj
 0001:00008b00       ?SetupStyle@CFilletPropsDlg@@QAEJXZ 10009b00 f   filtwldcmd:fwoptdlg.obj
 0001:00008ee0       ?OnChangeNote@CFilletPropsDlg@@IAEXXZ 10009ee0 f   filtwldcmd:fwoptdlg.obj
 0001:000095b0       ?OnTypeChange@CFilletPropsDlg@@IAEXXZ 1000a5b0 f   filtwldcmd:fwoptdlg.obj
 0001:00009660       ?OnSymLocChange@CFilletPropsDlg@@IAEXXZ 1000a660 f   filtwldcmd:fwoptdlg.obj
 0001:000099f0       ?OnSelectStyle@CFilletPropsDlg@@IAEXXZ 1000a9f0 f   filtwldcmd:fwoptdlg.obj
 0001:00009a00       ?OnKillFocus@CFilletPropsDlg@@IAEXXZ 1000aa00 f   filtwldcmd:fwoptdlg.obj
 0001:00009a80       ?OnSavedSettingsSelect@CFilletPropsDlg@@IAEJIJ@Z 1000aa80 f   filtwldcmd:fwoptdlg.obj
 0001:00009c90       ?GetThisMessageMap@CFilletPropsDlg@@KGPBUAFX_MSGMAP@@XZ 1000ac90 f   filtwldcmd:fwoptdlg.obj
 0001:00009ca0       ?GetMessageMap@CFilletPropsDlg@@MBEPBUAFX_MSGMAP@@XZ 1000aca0 f   filtwldcmd:fwoptdlg.obj
 0001:00009cb0       ??0CFilletPropsDlg@@QAE@PAVJMFilletWeldCmd@@PAVCWnd@@@Z 1000acb0 f   filtwldcmd:fwoptdlg.obj
 0001:00009db0       ??1CFilletPropsDlg@@UAE@XZ 1000adb0 f   filtwldcmd:fwoptdlg.obj
 0001:00009ed0       ??_GCFilletPropsDlg@@UAEPAXI@Z 1000aed0 f i filtwldcmd:fwoptdlg.obj
 0001:00009ed0       ??_ECFilletPropsDlg@@UAEPAXI@Z 1000aed0 f i filtwldcmd:fwoptdlg.obj
 0001:00009ef0       ?PutData@CFilletPropsDlg@@QAEXHHNNPAU_IJDocument@@ABV?$vector@V?$TIP@PAUIUnknown@@@@V?$allocator@V?$TIP@PAUIUnknown@@@@@std@@@std@@@Z 1000aef0 f   filtwldcmd:fwoptdlg.obj
 0001:00009f80       ?OnInitDialog@CFilletPropsDlg@@MAEHXZ 1000af80 f   filtwldcmd:fwoptdlg.obj
 0001:0000ac40       ?GrooveWeld_ForceLoad@@YAXXZ 1000bc40 f   grooveweld:GrooveWeldFL.obj
 0001:0000aca0       ?GetThisClass@JMGrooveWeldCmd@@SGPAUCRuntimeClass@@XZ 1000bca0 f   grooveweld:GrooveWeldCmd.obj
 0001:0000aca0       ?GetRuntimeClass@JMGrooveWeldCmd@@UBEPAUCRuntimeClass@@XZ 1000bca0 f   grooveweld:GrooveWeldCmd.obj
 0001:0000acb0       ?OnSelectEdge@JMGrooveWeldCmd@@IAEXXZ 1000bcb0 f   grooveweld:GrooveWeldCmd.obj
 0001:0000acb0       ?AssertValid@CObject@@UBEXXZ 1000bcb0 f   filtwldcmd:FiltWld.obj
 0001:0000acb0       ??3@YAXPAX0@Z              1000bcb0 f   filtwldcmd:FiltWld.obj
 0001:0000acc0       ?CmdMessageBox@JMGrooveWeldCmd@@QAEHIIPAH@Z 1000bcc0 f   grooveweld:GrooveWeldCmd.obj
 0001:0000adc0       ?SetControlText@JMGrooveWeldCmd@@QAEXHI@Z 1000bdc0 f   grooveweld:GrooveWeldCmd.obj
 0001:0000ae80       ?RemoveAllObjectFromSubset@JMGrooveWeldCmd@@QAEJIPAD@Z 1000be80 f   grooveweld:GrooveWeldCmd.obj
 0001:0000aef0       ?InferTargetPath@JMGrooveWeldCmd@@QAEJAAVTAG_LIST@@0@Z 1000bef0 f   grooveweld:GrooveWeldCmd.obj
 0001:0000b930       ?SelectString@CComboBox@@QAEHHPBD@Z 1000c930 f i grooveweld:GrooveWeldCmd.obj
 0001:0000b950       _GetGID_TRANSF             1000c950 f i grooveweld:GrooveWeldCmd.obj
 0001:0000b9c0       ?TargetInputComplete@JMGrooveWeldCmd@@AAEHXZ 1000c9c0 f i grooveweld:GrooveWeldCmd.obj
 0001:0000b9f0       ?FreePlaneBoundary@JMGrooveWeldCmd@@AAEXXZ 1000c9f0 f i grooveweld:GrooveWeldCmd.obj
 0001:0000ba10       ?ResetState@JMGrooveWeldCmd@@AAEXXZ 1000ca10 f   grooveweld:GrooveWeldCmd.obj
 0001:0000bdd0       ?Init@JMGrooveWeldCmd@@UAEJPAUIUnknown@@0PBX@Z 1000cdd0 f   grooveweld:GrooveWeldCmd.obj
 0001:0000c120       ?DisplayFeatureNameDlg@JMGrooveWeldCmd@@QAEXXZ 1000d120 f   grooveweld:GrooveWeldCmd.obj
 0001:0000c1d0       ?FinishFeature@JMGrooveWeldCmd@@AAEJXZ 1000d1d0 f   grooveweld:GrooveWeldCmd.obj
 0001:0000c2a0       ?EditStepSetup@JMGrooveWeldCmd@@AAEXXZ 1000d2a0 f   grooveweld:GrooveWeldCmd.obj
 0001:0000c350       ?OnMouseMove@JMGrooveWeldCmd@@IAEXIVCPoint@@@Z 1000d350 f   grooveweld:GrooveWeldCmd.obj
 0001:0000c6b0       ?OnCommandCompleted@JMGrooveWeldCmd@@IAEJIJ@Z 1000d6b0 f   grooveweld:GrooveWeldCmd.obj
 0001:0000c7f0       ?AllInputComplete@JMGrooveWeldCmd@@AAEHXZ 1000d7f0 f i grooveweld:GrooveWeldCmd.obj
 0001:0000c840       ?OnTopSelchange@JMGrooveWeldCmd@@IAEXXZ 1000d840 f   grooveweld:GrooveWeldCmd.obj
 0001:0000c9f0       ?OnBottomSelchange@JMGrooveWeldCmd@@IAEXXZ 1000d9f0 f   grooveweld:GrooveWeldCmd.obj
 0001:0000cbf0       ?OnEnd1Selchange@JMGrooveWeldCmd@@IAEXXZ 1000dbf0 f   grooveweld:GrooveWeldCmd.obj
 0001:0000ce20       ?OnEnd2Selchange@JMGrooveWeldCmd@@IAEXXZ 1000de20 f   grooveweld:GrooveWeldCmd.obj
 0001:0000d040       ?DeleteFailedFeature@JMGrooveWeldCmd@@QAEJXZ 1000e040 f   grooveweld:GrooveWeldCmd.obj
 0001:0000d180       ?GetBaseFaceList@JMGrooveWeldCmd@@QAEJAAVTAG_LIST@@AAH@Z 1000e180 f   grooveweld:GrooveWeldCmd.obj
 0001:0000d320       ?GetTargetFaceList@JMGrooveWeldCmd@@QAEJAAVTAG_LIST@@AAH@Z 1000e320 f   grooveweld:GrooveWeldCmd.obj
 0001:0000d4c0       ?GetCurrentSelectedBody@JMGrooveWeldCmd@@QAEJAAHAAUtagGTransf@@@Z 1000e4c0 f   grooveweld:GrooveWeldCmd.obj
 0001:0000d720       ?GetCurrentSelectedEntity@JMGrooveWeldCmd@@QAEJAAH@Z 1000e720 f   grooveweld:GrooveWeldCmd.obj
 0001:0000d950       ?GetCurrentSelectedEntityList@JMGrooveWeldCmd@@QAEJAAVTAG_LIST@@@Z 1000e950 f   grooveweld:GrooveWeldCmd.obj
 0001:0000db40       ?GetCurrentRemovedEntityList@JMGrooveWeldCmd@@QAEJAAVTAG_LIST@@@Z 1000eb40 f   grooveweld:GrooveWeldCmd.obj
 0001:0000dd30       ?AddStartVertexToActiveSet@JMGrooveWeldCmd@@QAEJH@Z 1000ed30 f   grooveweld:GrooveWeldCmd.obj
 0001:0000e270       ?AddObjectToSetManager@JMGrooveWeldCmd@@QAEJPAUIUnknown@@IPAD@Z 1000f270 f   grooveweld:GrooveWeldCmd.obj
 0001:0000e800       ?GetBodyAndMatrixFromMembassy@JMGrooveWeldCmd@@QAEJPAUIUnknown@@AAHAAUtagGTransf@@@Z 1000f800 f   grooveweld:GrooveWeldCmd.obj
 0001:0000ea50       ?InitOffsetPlaneGeomData@JMGrooveWeldCmd@@QAEJXZ 1000fa50 f   grooveweld:GrooveWeldCmd.obj
 0001:0000ebb0       ?GetSetManagerData@JMGrooveWeldCmd@@QAEJIPADPAPAUIUnknown@@@Z 1000fbb0 f   grooveweld:GrooveWeldCmd.obj
 0001:0000ed80       ?InitMultiSelectCollector@JMGrooveWeldCmd@@QAEHXZ 1000fd80 f   grooveweld:GrooveWeldCmd.obj
 0001:0000f6c0       ?GetEdgeVertexFromSetManager@JMGrooveWeldCmd@@QAEJIPADPAPAUIUnknown@@1@Z 100106c0 f   grooveweld:GrooveWeldCmd.obj
 0001:0000f930       ?InitOffsetPlaneCmd@JMGrooveWeldCmd@@QAEJXZ 10010930 f   grooveweld:GrooveWeldCmd.obj
 0001:0000fb50       ?Sleep@JMGrooveWeldCmd@@UAEJK@Z 10010b50 f   grooveweld:GrooveWeldCmd.obj
 0001:0000ff50       ?ChangeNote@JMGrooveWeldCmd@@QAEXXZ 10010f50 f   grooveweld:GrooveWeldCmd.obj
 0001:00010460       ?OnEnd1Plane@JMGrooveWeldCmd@@IAEXXZ 10011460 f   grooveweld:GrooveWeldCmd.obj
 0001:00010510       ?OnEnd2Plane@JMGrooveWeldCmd@@IAEXXZ 10011510 f   grooveweld:GrooveWeldCmd.obj
 0001:000105c0       ?DoCommand@JMGrooveWeldCmd@@AAEJXZ 100115c0 f   grooveweld:GrooveWeldCmd.obj
 0001:00010940       ?DoFeatureEdit@JMGrooveWeldCmd@@AAEJXZ 10011940 f   grooveweld:GrooveWeldCmd.obj
 0001:00010af0       ?Lose@JMGrooveWeldCmd@@AAEXXZ 10011af0 f   grooveweld:GrooveWeldCmd.obj
 0001:00010eb0       ??1JMGrooveWeldCmd@@UAE@XZ 10011eb0 f   grooveweld:GrooveWeldCmd.obj
 0001:000110e0       ?CmdInit@JMGrooveWeldCmd@@AAEXXZ 100120e0 f   grooveweld:GrooveWeldCmd.obj
 0001:00011610       ?OnWeldmentProps@JMGrooveWeldCmd@@IAEXXZ 10012610 f   grooveweld:GrooveWeldCmd.obj
 0001:00011860       ?MapParentsToInputs@JMGrooveWeldCmd@@AAEJXZ 10012860 f   grooveweld:GrooveWeldCmd.obj
 0001:00012f10       ??0JMGrooveWeldCmd@@QAE@XZ 10013f10 f   grooveweld:GrooveWeldCmd.obj
 0001:00013010       ??_EJMGrooveWeldCmd@@UAEPAXI@Z 10014010 f i grooveweld:GrooveWeldCmd.obj
 0001:00013010       ??_GJMGrooveWeldCmd@@UAEPAXI@Z 10014010 f i grooveweld:GrooveWeldCmd.obj
 0001:00013030       ?Transition@JMGrooveWeldCmd@@AAEXXZ 10014030 f   grooveweld:GrooveWeldCmd.obj
 0001:000146e0       ?WakeUp@JMGrooveWeldCmd@@UAEJK@Z 100156e0 f   grooveweld:GrooveWeldCmd.obj
 0001:000149c0       ?OnBaseFace@JMGrooveWeldCmd@@IAEXXZ 100159c0 f   grooveweld:GrooveWeldCmd.obj
 0001:00014a40       ?OnTargetFace@JMGrooveWeldCmd@@IAEXXZ 10015a40 f   grooveweld:GrooveWeldCmd.obj
 0001:00014ac0       ?OnBaseTopEdge@JMGrooveWeldCmd@@IAEXXZ 10015ac0 f   grooveweld:GrooveWeldCmd.obj
 0001:00014b00       ?OnBaseBottomEdge@JMGrooveWeldCmd@@IAEXXZ 10015b00 f   grooveweld:GrooveWeldCmd.obj
 0001:00014b40       ?OnTargetTopEdge@JMGrooveWeldCmd@@IAEXXZ 10015b40 f   grooveweld:GrooveWeldCmd.obj
 0001:00014b80       ?OnTargetBottomEdge@JMGrooveWeldCmd@@IAEXXZ 10015b80 f   grooveweld:GrooveWeldCmd.obj
 0001:00014bc0       ?OnExtentSeq@JMGrooveWeldCmd@@IAEXXZ 10015bc0 f   grooveweld:GrooveWeldCmd.obj
 0001:00014cc0       ?OnProjectionSeq@JMGrooveWeldCmd@@IAEXXZ 10015cc0 f   grooveweld:GrooveWeldCmd.obj
 0001:00014dd0       ?OnBaseSeq@JMGrooveWeldCmd@@IAEXXZ 10015dd0 f   grooveweld:GrooveWeldCmd.obj
 0001:00014e60       ?OnTargetSeq@JMGrooveWeldCmd@@IAEXXZ 10015e60 f   grooveweld:GrooveWeldCmd.obj
 0001:00014ef0       ?OnWeldmentPropsDropDown@JMGrooveWeldCmd@@IAEJIJ@Z 10015ef0 f   grooveweld:GrooveWeldCmd.obj
 0001:000154d0       ?OnDoItButton@JMGrooveWeldCmd@@IAEXXZ 100164d0 f   grooveweld:GrooveWeldCmd.obj
 0001:00015610       ?OnValidSelection@JMGrooveWeldCmd@@IAEJIJ@Z 10016610 f   grooveweld:GrooveWeldCmd.obj
 0001:000169e0       ?OnRButtonDown@JMGrooveWeldCmd@@IAEXIVCPoint@@@Z 100179e0 f   grooveweld:GrooveWeldCmd.obj
 0001:00016bf0       ?OnKeyDown@JMGrooveWeldCmd@@IAEXIII@Z 10017bf0 f   grooveweld:GrooveWeldCmd.obj
 0001:00016cc0       ?OnFeatureNameAccepted@JMGrooveWeldCmd@@IAEJIJ@Z 10017cc0 f   grooveweld:GrooveWeldCmd.obj
 0001:00016cd0       ?OnConfirmEdit@JMGrooveWeldCmd@@IAEJIJ@Z 10017cd0 f   grooveweld:GrooveWeldCmd.obj
 0001:00016e80       ?CreateObject@JMGrooveWeldCmd@@SGPAVCObject@@XZ 10017e80 f   grooveweld:GrooveWeldCmd.obj
 0001:00016ef0       ?GetThisMessageMap@JMGrooveWeldCmd@@KGPBUAFX_MSGMAP@@XZ 10017ef0 f   grooveweld:GrooveWeldCmd.obj
 0001:00016f60       ?GetMessageMap@JMGrooveWeldCmd@@MBEPBUAFX_MSGMAP@@XZ 10017f60 f   grooveweld:GrooveWeldCmd.obj
 0001:00016f70       ?GW_IsVectorOnFace@@YAHUPK_VECTOR_s@@H@Z 10017f70 f   grooveweld:GrooveFilter.obj
 0001:00017080       ?GW_VERTEX_ask_vector@@YAHHAAUPK_VECTOR_s@@@Z 10018080 f   grooveweld:GrooveFilter.obj
 0001:000170e0       ?GW_DistanceBetweenPoints@@YANUPK_VECTOR_s@@0@Z 100180e0 f   grooveweld:GrooveFilter.obj
 0001:00017110       ?GW_DistanceBetweenVertices@@YANHH@Z 10018110 f   grooveweld:GrooveFilter.obj
 0001:000171c0       ?GW_VertexAskVertex@@YAHHHAAH@Z 100181c0 f   grooveweld:GrooveFilter.obj
 0001:00017200       ?GW_IsEdgeOnFace@@YAEHH@Z  10018200 f   grooveweld:GrooveFilter.obj
 0001:00017410       ?GW_EdgeIsParallelToFace@@YAEHH@Z 10018410 f   grooveweld:GrooveFilter.obj
 0001:000178d0       ?GW_IsVertexBelongToThisEdge@@YAEHH@Z 100188d0 f   grooveweld:GrooveFilter.obj
 0001:00017950       ?GW_CreateProxyFromEntityList@@YAJAAVTAG_LIST@@PAUIJMTopology@@PAUIUnknown@@PAPAU3@@Z 10018950 f   grooveweld:GrooveFilter.obj
 0001:00017be0       ?GW_CheckPathContinuity@@YAJAAVTAG_LIST@@AAH111@Z 10018be0 f   grooveweld:GrooveFilter.obj
 0001:00017e40       ?GW_MakeArrayFromTagList@@YAJAAVTAG_LIST@@AAHAAPAH@Z 10018e40 f   grooveweld:GrooveFilter.obj
 0001:00017ec0       ?GW_EDGE_is_coincident@@YAHHHPAE@Z 10018ec0 f   grooveweld:GrooveFilter.obj
 0001:00018310       ??G@YA?AUtagGVector@@ABUtagGPosition@@0@Z 10019310 f i grooveweld:GrooveFilter.obj
 0001:00018350       ??D@YA?AUtagGVector@@NABU0@@Z 10019350 f i grooveweld:GrooveFilter.obj
 0001:00018390       ?Normalize@@YA?AUtagGUnitVector@@ABUtagGVector@@@Z 10019390 f i grooveweld:GrooveFilter.obj
 0001:000183c0       ?GW_IsEdgeBelongToThisFace@@YAEHH@Z 100193c0 f   grooveweld:GrooveFilter.obj
 0001:00018450       ?GW_IsParallelEdges@@YAEHH@Z 10019450 f   grooveweld:GrooveFilter.obj
 0001:000185f0       ?GWFindPathFromStartVertex@@YAJAAVTAG_LIST@@HHH0@Z 100195f0 f   grooveweld:GrooveFilter.obj
 0001:000187a0       ?GWFindPathExcludeEdge@@YAJAAVTAG_LIST@@HH00@Z 100197a0 f   grooveweld:GrooveFilter.obj
 0001:00018980       ?GWFindTangentChainedEdge@@YAJAAVTAG_LIST@@H0@Z 10019980 f   grooveweld:GrooveFilter.obj
 0001:00018c10       ?JMGrooveWeldStartVertexHilightFunc@@YAJABUtagJMSMARTLOCATESELECTCRITERIA@@KPAPAUIUnknown@@HPAXPAH@Z 10019c10 f   grooveweld:GrooveFilter.obj
 0001:00019150       ?GW_GTransfToPKtransf@@YAHUtagGTransf@@PAH@Z 1001a150 f   grooveweld:GrooveFilter.obj
 0001:000191f0       ?GW_CreateReferencePlane@@YAHHHUPK_VECTOR_s@@PAUtagGTransf@@AAUtagGBoundaries@@AAN@Z 1001a1f0 f   grooveweld:GrooveFilter.obj
 0001:00019b10       ?GW_EdgeFindClosestViewPosition@@YAHHPAUtagGTransf@@UtagGPosition@@UtagGPlane@@AAUPK_VECTOR_s@@@Z 1001ab10 f   grooveweld:GrooveFilter.obj
 0001:0001a0b0       ?CreateProxyForEntityList@@YAJAAVTAG_LIST@@PAUIUnknown@@PAPAU2@@Z 1001b0b0 f   grooveweld:GrooveFilter.obj
 0001:0001a410       ?CreateMembassyForEntityList@@YAJAAVTAG_LIST@@PAUIUnknown@@PAPAU2@@Z 1001b410 f   grooveweld:GrooveFilter.obj
 0001:0001a7d0       ?CreateMembassyForEntity@@YAJAAVTAG_LIST@@PAUIUnknown@@PAPAU2@@Z 1001b7d0 f   grooveweld:GrooveFilter.obj
 0001:0001ab50       ?GetEntityListFromMembassy@@YAJPAUIUnknown@@AAVTAG_LIST@@@Z 1001bb50 f   grooveweld:GrooveFilter.obj
 0001:0001ad40       ?JMGetWeldmentFace@JMGrooveWeldCmd@@CAJPAUIJGraphic@@PAXAAPAU2@@Z 1001bd40 f   grooveweld:GrooveFilter.obj
 0001:0001afe0       ?JMGetWeldmentEdge@JMGrooveWeldCmd@@CAJPAUIJGraphic@@PAXAAPAU2@@Z 1001bfe0 f   grooveweld:GrooveFilter.obj
 0001:0001b7b0       ?JMGetWeldmentEdgeChain@JMGrooveWeldCmd@@CAJPAUIJGraphic@@PAXAAPAU2@@Z 1001c7b0 f   grooveweld:GrooveFilter.obj
 0001:0001c220       ?JMGetAllTangentConnectedFacesFromAsm@JMGrooveWeldCmd@@CAJPAUIJGraphic@@PAXAAPAU2@@Z 1001d220 f   grooveweld:GrooveFilter.obj
 0001:0001c840       ?UpdateSymbol@CGrooveWeldPropsDlg@@QAEXXZ 1001d840 f   grooveweld:GrooveOptDlg.obj
 0001:0001c870       ??_9CGrooveWeldPropsDlg@@$BBGI@AE 1001d870 f i grooveweld:GrooveOptDlg.obj
 0001:0001c880       ?GetThisMessageMap@CGrooveWeldPropsDlg@@KGPBUAFX_MSGMAP@@XZ 1001d880 f   grooveweld:GrooveOptDlg.obj
 0001:0001c890       ?OnSaveDefaults@CGrooveWeldPropsDlg@@MAEXXZ 1001d890 f   grooveweld:GrooveOptDlg.obj
 0001:0001ca00       ?GetMessageMap@CGrooveWeldPropsDlg@@MBEPBUAFX_MSGMAP@@XZ 1001da00 f   grooveweld:GrooveOptDlg.obj
 0001:0001ca10       ??0CGrooveWeldPropsDlg@@QAE@PAVJMGrooveWeldCmd@@PAVCWnd@@@Z 1001da10 f   grooveweld:GrooveOptDlg.obj
 0001:0001cac0       ??1CGrooveWeldPropsDlg@@UAE@XZ 1001dac0 f   grooveweld:GrooveOptDlg.obj
 0001:0001cb90       ??_ECGrooveWeldPropsDlg@@UAEPAXI@Z 1001db90 f i grooveweld:GrooveOptDlg.obj
 0001:0001cb90       ??_GCGrooveWeldPropsDlg@@UAEPAXI@Z 1001db90 f i grooveweld:GrooveOptDlg.obj
 0001:0001cbb0       ?PutData@CLabelWeldPropsDlg@@QAEXPAU_IJDocument@@ABV?$vector@V?$TIP@PAUIUnknown@@@@V?$allocator@V?$TIP@PAUIUnknown@@@@@std@@@std@@@Z 1001dbb0 f   lblwldcmd:labeloptdlg.obj
 0001:0001cbb0       ?PutData@CGrooveWeldPropsDlg@@QAEXPAU_IJDocument@@ABV?$vector@V?$TIP@PAUIUnknown@@@@V?$allocator@V?$TIP@PAUIUnknown@@@@@std@@@std@@@Z 1001dbb0 f   grooveweld:GrooveOptDlg.obj
 0001:0001cbe0       ?OnInitDialog@CGrooveWeldPropsDlg@@MAEHXZ 1001dbe0 f   grooveweld:GrooveOptDlg.obj
 0001:0001d330       ?InsertWeldment_ForceLoad@@YAXXZ 1001e330 f   insweld:Inswldfl.obj
 0001:0001d390       ??0JSolidEdgeContextMenu@@QAE@ABV0@@Z 1001e390 f i insweld:precomp.obj
 0001:0001d4d0       ??4JSolidEdgeContextMenu@@QAEAAV0@ABV0@@Z 1001e4d0 f i insweld:precomp.obj
 0001:0001d5d0       ?_GetBaseClass@JMInsertWeldmentCmd@@KGPAUCRuntimeClass@@XZ 1001e5d0 f   insweld:Insweld.obj
 0001:0001d5d0       ?_GetBaseClass@CJMSkipWeldCommand@@KGPAUCRuntimeClass@@XZ 1001e5d0 f   skipweld:skipweld.obj
 0001:0001d5d0       ?_GetBaseClass@JMLabelWeldCmd@@KGPAUCRuntimeClass@@XZ 1001e5d0 f   lblwldcmd:CJMLBLWLDCM.obj
 0001:0001d5d0       ?_GetBaseClass@JMGrooveWeldCmd@@KGPAUCRuntimeClass@@XZ 1001e5d0 f   grooveweld:GrooveWeldCmd.obj
 0001:0001d5d0       ?_GetBaseClass@JMFilletWeldCmd@@KGPAUCRuntimeClass@@XZ 1001e5d0 f   filtwldcmd:FiltWld.obj
 0001:0001d5e0       ?GetThisClass@JMInsertWeldmentCmd@@SGPAUCRuntimeClass@@XZ 1001e5e0 f   insweld:Insweld.obj
 0001:0001d5e0       ?GetRuntimeClass@JMInsertWeldmentCmd@@UBEPAUCRuntimeClass@@XZ 1001e5e0 f   insweld:Insweld.obj
 0001:0001d5f0       ?CmdInit@JMInsertWeldmentCmd@@AAEXXZ 1001e5f0 f   insweld:Insweld.obj
 0001:0001d650       ?SetThisFeatureActive@JMInsertWeldmentCmd@@AAEJH@Z 1001e650 f   insweld:Insweld.obj
 0001:0001d740       ?EnableControl@JMInsertWeldmentCmd@@QAEXHH@Z 1001e740 f   insweld:Insweld.obj
 0001:0001d770       ?SetControlText@JMInsertWeldmentCmd@@AAEXHI@Z 1001e770 f   insweld:Insweld.obj
 0001:0001d830       ?OnDoItBtn@JMInsertWeldmentCmd@@IAEXXZ 1001e830 f   insweld:Insweld.obj
 0001:0001d850       ?SetSize@?$JArray@UJMemberRoadmap@@U1@@@QAEXHH@Z 1001e850 f i insweld:Insweld.obj
 0001:0001d990       ?SetAt@?$JArray@UJMemberRoadmap@@U1@@@QAEXHUJMemberRoadmap@@@Z 1001e990 f i insweld:Insweld.obj
 0001:0001d9f0       ??1?$JArray@UJMemberRoadmap@@U1@@@QAE@XZ 1001e9f0 f i insweld:Insweld.obj
 0001:0001da10       ??1CWaitCursor@@QAE@XZ     1001ea10 f i insweld:Insweld.obj
 0001:0001db30       ??0JMInsertWeldmentCmd@@QAE@XZ 1001eb30 f   insweld:Insweld.obj
 0001:0001dbc0       ?GetNextState@JMInsertWeldmentCmd@@AAE?AW4tagJMInsertWeldmentCmdState@1@XZ 1001ebc0 f   insweld:Insweld.obj
 0001:0001dc60       ?JMInsertWeldmentGetFeatureComputeFunction@@YAJPAUIUnknown@@PBDPAPAUIJComputeCFunction@@@Z 1001ec60 f   insweld:Insweld.obj
 0001:0001e180       ?OnRButtonDown@JMInsertWeldmentCmd@@IAEXIVCPoint@@@Z 1001f180 f   insweld:Insweld.obj
 0001:0001e1a0       ?PostProcessFeature@JMInsertWeldmentCmd@@AAEXHPAH@Z 1001f1a0 f   insweld:Insweld.obj
 0001:0001e250       ?CreateObject@JMInsertWeldmentCmd@@SGPAVCObject@@XZ 1001f250 f   insweld:Insweld.obj
 0001:0001e2c0       ?CreateFeature@JMInsertWeldmentCmd@@AAEJXZ 1001f2c0 f   insweld:Insweld.obj
 0001:0001e680       ?MapParentsToInputs@JMInsertWeldmentCmd@@AAEJHABU_GUID@@PAPAX@Z 1001f680 f   insweld:Insweld.obj
 0001:0001eb70       ?DeleteThisFeature@JMInsertWeldmentCmd@@AAEJH@Z 1001fb70 f   insweld:Insweld.obj
 0001:0001ecb0       ?DeleteFailedFeature@JMInsertWeldmentCmd@@AAEXXZ 1001fcb0 f   insweld:Insweld.obj
 0001:0001ece0       ?DestroyCleanup@JMInsertWeldmentCmd@@AAEXXZ 1001fce0 f   insweld:Insweld.obj
 0001:0001edb0       ?Init@JMInsertWeldmentCmd@@UAEJPAUIUnknown@@0PBX@Z 1001fdb0 f   insweld:Insweld.obj
 0001:0001f180       ?Transition@JMInsertWeldmentCmd@@AAEXXZ 10020180 f   insweld:Insweld.obj
 0001:0001f4e0       ?Sleep@JMInsertWeldmentCmd@@UAEJK@Z 100204e0 f   insweld:Insweld.obj
 0001:0001f550       ?OnPartSelect@JMInsertWeldmentCmd@@IAEXXZ 10020550 f   insweld:Insweld.obj
 0001:0001f580       ?OnParams@JMInsertWeldmentCmd@@IAEXXZ 10020580 f   insweld:Insweld.obj
 0001:0001f810       ?GetThisMessageMap@JMInsertWeldmentCmd@@KGPBUAFX_MSGMAP@@XZ 10020810 f   insweld:Insweld.obj
 0001:0001f990       ??1JMInsertWeldmentCmd@@UAE@XZ 10020990 f   insweld:Insweld.obj
 0001:0001fa30       ?WakeUp@JMInsertWeldmentCmd@@UAEJK@Z 10020a30 f   insweld:Insweld.obj
 0001:0001faf0       ?GetMessageMap@JMInsertWeldmentCmd@@MBEPBUAFX_MSGMAP@@XZ 10020af0 f   insweld:Insweld.obj
 0001:0001fb00       ??_EJMInsertWeldmentCmd@@UAEPAXI@Z 10020b00 f i insweld:Insweld.obj
 0001:0001fb00       ??_GJMInsertWeldmentCmd@@UAEPAXI@Z 10020b00 f i insweld:Insweld.obj
 0001:0001fb20       ?SetParamDefaults@CJMWeldmentParamDlg@@QAEXXZ 10020b20 f   insweld:Wldparam.obj
 0001:0001fb80       ?PostNcDestroy@CJMWeldmentParamDlg@@MAEXXZ 10020b80 f   insweld:Wldparam.obj
 0001:0001fbc0       ?OnUpdateOptions@CJMWeldmentParamDlg@@IAEXXZ 10020bc0 f   insweld:Wldparam.obj
 0001:0001fc40       ?DibNumColors@CJMWeldmentParamDlg@@IAEGPAX@Z 10020c40 f   insweld:Wldparam.obj
 0001:0001fc90       ?PaletteSize@CJMWeldmentParamDlg@@IAEGPAX@Z 10020c90 f   insweld:Wldparam.obj
 0001:0001fcb0       ?DibInfo@CJMWeldmentParamDlg@@IAEHPAXPAUtagBITMAPINFOHEADER@@@Z 10020cb0 f   insweld:Wldparam.obj
 0001:0001fd30       ?IsValidDib@CJMWeldmentParamDlg@@IAEHPAX@Z 10020d30 f   insweld:Wldparam.obj
 0001:0001fd60       ?StretchDibBlt@CJMWeldmentParamDlg@@IAEHPAXPAUHDC__@@HHHHHHHHJ@Z 10020d60 f   insweld:Wldparam.obj
 0001:0001fe10       ?GetOccurrenceFileName@CJMWeldmentParamDlg@@IAEJPA_WPAUAssemblyComponentInfo@@PAPA_W@Z 10020e10 f   insweld:Wldparam.obj
 0001:0001fe50       ?GetIncludedPartsRoadmaps@CJMWeldmentParamDlg@@QAEJAAIPAPAUJMemberRoadmap@@@Z 10020e50 f   insweld:Wldparam.obj
 0001:0001fe80       ??1JMAsmOccurrenceInfo@@UAE@XZ 10020e80 f   insweld:Wldparam.obj
 0001:0001fef0       ??1?$TIP@PAUIJAsmMultiPartFeature@@@@QAE@XZ 10020ef0 f i filtwldcmd:FiltWld.obj
 0001:0001fef0       ??1?$TIP@PAU_IHWeldSymbol@@@@QAE@XZ 10020ef0 f i filtwldcmd:FiltWld.obj
 0001:0001fef0       ??1?$TIP@PAUIJMSelectProfileSideCmd@@@@QAE@XZ 10020ef0 f i skipweld:skipweld.obj
 0001:0001fef0       ??1?$TIP@PAUIJDimParameters@@@@QAE@XZ 10020ef0 f i filtwldcmd:FiltWld.obj
 0001:0001fef0       ??1?$TIP@PAUIJMembassy@@@@QAE@XZ 10020ef0 f i filtwldcmd:FiltWld.obj
 0001:0001fef0       ??1?$TIP@PAUIJMTopology@@@@QAE@XZ 10020ef0 f i filtwldcmd:FiltWld.obj
 0001:0001fef0       ??1?$TIP@PAUIJMEditFeatureDimCmd@@@@QAE@XZ 10020ef0 f i skipweld:skipweld.obj
 0001:0001fef0       ??1?$TIP@PAUIJSelectSet@@@@QAE@XZ 10020ef0 f i filtwldcmd:FiltWld.obj
 0001:0001fef0       ??1?$TIP@PAUIStorage@@@@QAE@XZ 10020ef0 f i insweld:Wldparam.obj
 0001:0001fef0       ??1?$TIP@PAUIJWeldSymbols@@@@QAE@XZ 10020ef0 f i filtwldcmd:FiltWld.obj
 0001:0001fef0       ??1?$TIP@PAUIJWeldSymbolData@@@@QAE@XZ 10020ef0 f i filtwldcmd:FiltWld.obj
 0001:0001fef0       ??1?$TIP@PAUIJGraphic@@@@QAE@XZ 10020ef0 f i lblwldcmd:CJMLBLWLDCM.obj
 0001:0001fef0       ??1?$TIP@PAUIJStyleManager@@@@QAE@XZ 10020ef0 f i filtwldcmd:FiltWld.obj
 0001:0001fef0       ??1?$TIP@PAUIJOccurrence@@@@QAE@XZ 10020ef0 f i filtwldcmd:FiltWld.obj
 0001:0001fef0       ??1?$TIP@PAUIJCommand@@@@QAE@XZ 10020ef0 f i filtwldcmd:FiltWld.obj
 0001:0001fef0       ??1?$TIP@PAUIJPMIDnAElement@@@@QAE@XZ 10020ef0 f i filtwldcmd:FiltWld.obj
 0001:0001fef0       ??1?$TIP@PAUIEnumUnknown@@@@QAE@XZ 10020ef0 f i filtwldcmd:FiltWld.obj
 0001:0001fef0       ??1?$TIP@PAUIJOwner@@@@QAE@XZ 10020ef0 f i filtwldcmd:FiltWld.obj
 0001:0001fef0       ??1?$TIP@PAUIJRelationValue@@@@QAE@XZ 10020ef0 f i filtwldcmd:FiltWld.obj
 0001:0001fef0       ??1?$TIP@PAUIJMTopologyProxy@@@@QAE@XZ 10020ef0 f i filtwldcmd:FiltWld.obj
 0001:0001fef0       ??1?$TIP@PAUIMoniker@@@@QAE@XZ 10020ef0 f i asmatt:AttUtil.obj
 0001:0001fef0       ??1?$TIP@PAUIJAsmMultiPartFeatures@@@@QAE@XZ 10020ef0 f i filtwldcmd:FiltWld.obj
 0001:0001fef0       ??1?$TIP@PAUIUnknown@@@@QAE@XZ 10020ef0 f i filtwldcmd:FiltWld.obj
 0001:0001fef0       ??1?$TIP@PAUIJGraphicView@@@@QAE@XZ 10020ef0 f i skipweld:skpwldutl.obj
 0001:0001fef0       ??1?$TIP@PAUIStream@@@@QAE@XZ 10020ef0 f i insweld:Wldparam.obj
 0001:0001fef0       ??1?$TIP@PAUIJMExtentCmd@@@@QAE@XZ 10020ef0 f i grooveweld:GrooveWeldCmd.obj
 0001:0001fef0       ??1?$TIP@PAUIJMFeatureCmd@@@@QAE@XZ 10020ef0 f i insweld:Insweld.obj
 0001:0001fef0       ??1?$TIP@PAUIJAnnotSrc@@@@QAE@XZ 10020ef0 f i filtwldcmd:FiltWld.obj
 0001:0001ff00       ?SetCheck@CButton@@QAEXH@Z 10020f00 f i insweld:Wldparam.obj
 0001:0001ff20       ??0CTreeCtrl@@QAE@XZ       10020f20 f i insweld:Wldparam.obj
 0001:0001ff80       ??_ECTreeCtrl@@UAEPAXI@Z   10020f80 f i insweld:Wldparam.obj
 0001:0001ff80       ??_GCTreeCtrl@@UAEPAXI@Z   10020f80 f i insweld:Wldparam.obj
 0001:0001ffa0       ?InsertItem@CTreeCtrl@@QAEPAU_TREEITEM@@PAUtagTVINSERTSTRUCTA@@@Z 10020fa0 f i insweld:Wldparam.obj
 0001:0001ffc0       ?GetSelectedItem@CTreeCtrl@@QBEPAU_TREEITEM@@XZ 10020fc0 f i insweld:Wldparam.obj
 0001:0001ffe0       ?SetItemImage@CTreeCtrl@@QAEHPAU_TREEITEM@@HH@Z 10020fe0 f i insweld:Wldparam.obj
 0001:00020010       ??0JMemberRoadmap@@QAE@XZ  10021010 f i insweld:Wldparam.obj
 0001:00020020       ??0JMMultiSelectTreeCtrl@@QAE@XZ 10021020 f i insweld:Wldparam.obj
 0001:00020090       ??1JMMultiSelectTreeCtrl@@UAE@XZ 10021090 f i insweld:Wldparam.obj
 0001:000200e0       ??_EJMMultiSelectTreeCtrl@@UAEPAXI@Z 100210e0 f i insweld:Wldparam.obj
 0001:000200e0       ??_GJMMultiSelectTreeCtrl@@UAEPAXI@Z 100210e0 f i insweld:Wldparam.obj
 0001:000202d0       ??0CJMWeldmentParamDlg@@QAE@PAVJMInsertWeldmentCmd@@PAVCWnd@@H@Z 100212d0 f   insweld:Wldparam.obj
 0001:00020390       ??1CJMWeldmentParamDlg@@UAE@XZ 10021390 f   insweld:Wldparam.obj
 0001:00020450       ?DoDataExchange@CJMWeldmentParamDlg@@MAEXPAVCDataExchange@@@Z 10021450 f   insweld:Wldparam.obj
 0001:00020490       ?OnOK@CJMWeldmentParamDlg@@MAEXXZ 10021490 f   insweld:Wldparam.obj
 0001:000206d0       ?UpdateSelectPartsRadioButtons@CJMWeldmentParamDlg@@IAEXPAI@Z 100216d0 f   insweld:Wldparam.obj
 0001:000208b0       ?PaintBitmap@CJMWeldmentParamDlg@@IAEXPAUHDC__@@PAUHWND__@@PAX@Z 100218b0 f   insweld:Wldparam.obj
 0001:00020a20       ?GetAncestorsRoadmap@CJMWeldmentParamDlg@@IAEXPAU_TREEITEM@@AAUJMemberRoadmap@@@Z 10021a20 f   insweld:Wldparam.obj
 0001:00020b40       ?DeleteItemData@CJMWeldmentParamDlg@@IAEXPAU_TREEITEM@@@Z 10021b40 f   insweld:Wldparam.obj
 0001:00020bd0       ?UpdateSelectedPartsImage@CJMWeldmentParamDlg@@IAEXXZ 10021bd0 f   insweld:Wldparam.obj
 0001:00020c40       ?UpdateLeafItemImageAndSelection@CJMWeldmentParamDlg@@IAEXPAU_TREEITEM@@HHI@Z 10021c40 f   insweld:Wldparam.obj
 0001:00020cf0       ??0JMAsmOccurrenceInfo@@QAE@PA_WKPAUJMemberRoadmap@@@Z 10021cf0 f   insweld:Wldparam.obj
 0001:00020d70       ??_GJMAsmOccurrenceInfo@@UAEPAXI@Z 10021d70 f i insweld:Wldparam.obj
 0001:00020d70       ??_EJMAsmOccurrenceInfo@@UAEPAXI@Z 10021d70 f i insweld:Wldparam.obj
 0001:00020d90       ??_ECJMWeldmentParamDlg@@UAEPAXI@Z 10021d90 f i insweld:Wldparam.obj
 0001:00020d90       ??_GCJMWeldmentParamDlg@@UAEPAXI@Z 10021d90 f i insweld:Wldparam.obj
 0001:00020db0       ?OnDestroy@CJMWeldmentParamDlg@@IAEXXZ 10021db0 f   insweld:Wldparam.obj
 0001:00020de0       ?OnPaint@CJMWeldmentParamDlg@@IAEXXZ 10021de0 f   insweld:Wldparam.obj
 0001:00020f90       ?OnIncludeAllParts@CJMWeldmentParamDlg@@IAEXXZ 10021f90 f   insweld:Wldparam.obj
 0001:00021040       ?OnIncludeExcludeSelectedParts@CJMWeldmentParamDlg@@IAEXXZ 10022040 f   insweld:Wldparam.obj
 0001:00021060       ?OnTreeItemSelchanged@CJMWeldmentParamDlg@@IAEXPAUtagNMHDR@@PAJ@Z 10022060 f   insweld:Wldparam.obj
 0001:00021170       ?SetPartItemsStateAndImage@CJMWeldmentParamDlg@@IAEXPAU_TREEITEM@@ABUJMemberRoadmap@@1@Z 10022170 f   insweld:Wldparam.obj
 0001:000212c0       ?AddAssemblyToPartsList@CJMWeldmentParamDlg@@IAEXPA_WPAU_TREEITEM@@KPAUtagAsmDocInfo@@@Z 100222c0 f   insweld:Wldparam.obj
 0001:00021c40       ?BuildPartsListTree@CJMWeldmentParamDlg@@IAEXXZ 10022c40 f   insweld:Wldparam.obj
 0001:00022110       ?GetThisMessageMap@CJMWeldmentParamDlg@@KGPBUAFX_MSGMAP@@XZ 10023110 f   insweld:Wldparam.obj
 0001:00022120       ?OnInitDialog@CJMWeldmentParamDlg@@MAEHXZ 10023120 f   insweld:Wldparam.obj
 0001:000222b0       ?GetMessageMap@CJMWeldmentParamDlg@@MBEPBUAFX_MSGMAP@@XZ 100232b0 f   insweld:Wldparam.obj
 0001:000222c0       ??0CJMWeldmentUpdateOptions@@QAE@PAVJMInsertWeldmentCmd@@PAVCWnd@@@Z 100232c0 f   insweld:Wldupdt.obj
 0001:00022330       ?OnDestroy@CJMWeldmentUpdateOptions@@IAEXXZ 10023330 f   insweld:Wldupdt.obj
 0001:00022540       ??1CJMWeldmentUpdateOptions@@UAE@XZ 10023540 f   insweld:Wldupdt.obj
 0001:000225b0       ?DoDataExchange@CJMWeldmentUpdateOptions@@MAEXPAVCDataExchange@@@Z 100235b0 f   insweld:Wldupdt.obj
 0001:00022660       ?GetThisMessageMap@CJMWeldmentUpdateOptions@@KGPBUAFX_MSGMAP@@XZ 10023660 f   insweld:Wldupdt.obj
 0001:00022670       ?OnInitDialog@CJMWeldmentUpdateOptions@@MAEHXZ 10023670 f   insweld:Wldupdt.obj
 0001:00022710       ??_GCJMWeldmentUpdateOptions@@UAEPAXI@Z 10023710 f i insweld:Wldupdt.obj
 0001:00022710       ??_ECJMWeldmentUpdateOptions@@UAEPAXI@Z 10023710 f i insweld:Wldupdt.obj
 0001:00022730       ?GetMessageMap@CJMWeldmentUpdateOptions@@MBEPBUAFX_MSGMAP@@XZ 10023730 f   insweld:Wldupdt.obj
 0001:00022740       ?_GetBaseClass@JMMultiSelectTreeCtrl@@KGPAUCRuntimeClass@@XZ 10023740 f   insweld:MSelTree.obj
 0001:00022750       ?GetRuntimeClass@JMMultiSelectTreeCtrl@@UBEPAUCRuntimeClass@@XZ 10023750 f   insweld:MSelTree.obj
 0001:00022760       ?GetSelectedParentItem@JMMultiSelectTreeCtrl@@QAEPAU_TREEITEM@@XZ 10023760 f   insweld:MSelTree.obj
 0001:00022770       ?SetSelectedParentItem@JMMultiSelectTreeCtrl@@QAEXPAU_TREEITEM@@@Z 10023770 f   insweld:MSelTree.obj
 0001:00022780       ?OnSelchanged@JMMultiSelectTreeCtrl@@IAEHPAUtagNMHDR@@PAJ@Z 10023780 f   insweld:MSelTree.obj
 0001:00022790       ?OnMouseMove@JMMultiSelectTreeCtrl@@IAEXIVCPoint@@@Z 10023790 f   insweld:MSelTree.obj
 0001:00022880       ?GetCurrentOrNextLeafItem@JMMultiSelectTreeCtrl@@IAEPAU_TREEITEM@@PAU2@@Z 10023880 f   insweld:MSelTree.obj
 0001:000228d0       ?ClearAllSelections@JMMultiSelectTreeCtrl@@QAEXPAU_TREEITEM@@@Z 100238d0 f   insweld:MSelTree.obj
 0001:00022940       ?SelectDescendantLeafItems@JMMultiSelectTreeCtrl@@QAEXPAU_TREEITEM@@@Z 10023940 f   insweld:MSelTree.obj
 0001:000229c0       ?OnSetfocus@JMMultiSelectTreeCtrl@@IAEHPAUtagNMHDR@@PAJ@Z 100239c0 f   insweld:MSelTree.obj
 0001:000229c0       ?OnKillfocus@JMMultiSelectTreeCtrl@@IAEHPAUtagNMHDR@@PAJ@Z 100239c0 f   insweld:MSelTree.obj
 0001:000229e0       ?SelectLeafItemsFromToItems@JMMultiSelectTreeCtrl@@QAEXPAU_TREEITEM@@AAIAAPAU2@2@Z 100239e0 f   insweld:MSelTree.obj
 0001:00022ae0       ?GetNextLeafItem@JMMultiSelectTreeCtrl@@QAEPAU_TREEITEM@@PAU2@@Z 10023ae0 f   insweld:MSelTree.obj
 0001:00022ba0       ?SelectItems@JMMultiSelectTreeCtrl@@QAEHPAU_TREEITEM@@0@Z 10023ba0 f   insweld:MSelTree.obj
 0001:00022bf0       ?ClearSelection@JMMultiSelectTreeCtrl@@QAEXH@Z 10023bf0 f   insweld:MSelTree.obj
 0001:00022c40       ?SelectMultiple@JMMultiSelectTreeCtrl@@IAEXPAU_TREEITEM@@I@Z 10023c40 f   insweld:MSelTree.obj
 0001:00022e90       ?GetFirstLeafItem@JMMultiSelectTreeCtrl@@QAEPAU_TREEITEM@@XZ 10023e90 f   insweld:MSelTree.obj
 0001:00022eb0       ?OnKeyDown@JMMultiSelectTreeCtrl@@IAEXIII@Z 10023eb0 f   insweld:MSelTree.obj
 0001:00022fe0       ?GetSelectedCount@JMMultiSelectTreeCtrl@@QAEIXZ 10023fe0 f   insweld:MSelTree.obj
 0001:00023020       ?OnLButtonDown@JMMultiSelectTreeCtrl@@IAEXIVCPoint@@@Z 10024020 f   insweld:MSelTree.obj
 0001:000230b0       ?OnLButtonUp@JMMultiSelectTreeCtrl@@IAEXIVCPoint@@@Z 100240b0 f   insweld:MSelTree.obj
 0001:000230f0       ?OnRButtonDown@JMMultiSelectTreeCtrl@@IAEXIVCPoint@@@Z 100240f0 f   insweld:MSelTree.obj
 0001:00023150       ?GetThisMessageMap@JMMultiSelectTreeCtrl@@KGPBUAFX_MSGMAP@@XZ 10024150 f   insweld:MSelTree.obj
 0001:00023160       ?GetMessageMap@JMMultiSelectTreeCtrl@@MBEPBUAFX_MSGMAP@@XZ 10024160 f   insweld:MSelTree.obj
 0001:00023170       ?LabelWeld_ForceLoad@@YAXXZ 10024170 f   lblwldcmd:LABELWELDFL.obj
 0001:000231d0       ?GetRuntimeClass@JMLabelWeldCmd@@UBEPAUCRuntimeClass@@XZ 100241d0 f   lblwldcmd:CJMLBLWLDCM.obj
 0001:000231d0       ?GetThisClass@JMLabelWeldCmd@@SGPAUCRuntimeClass@@XZ 100241d0 f   lblwldcmd:CJMLBLWLDCM.obj
 0001:000231e0       ?FWAllocSetManagerData@@YAPAPAUIUnknown@@H@Z 100241e0 f   filtwldcmd:FiltWld.obj
 0001:000231e0       ?AllocSetManagerData@@YAPAPAUIUnknown@@H@Z 100241e0 f   lblwldcmd:CJMLBLWLDCM.obj
 0001:00023220       ?Init@JMLabelWeldCmd@@UAEJPAUIUnknown@@0PBX@Z 10024220 f   lblwldcmd:CJMLBLWLDCM.obj
 0001:00023240       _IsEqualGUID               10024240 f i lblwldcmd:CJMLBLWLDCM.obj
 0001:000232e0       ?OnCommandCompleted@JMLabelWeldCmd@@IAEJIJ@Z 100242e0 f   lblwldcmd:CJMLBLWLDCM.obj
 0001:000232e0       ?OnCommandCompleted@JMFilletWeldCmd@@IAEJIJ@Z 100242e0 f   filtwldcmd:FiltWld.obj
 0001:000232e0       ?OnCommandCompleted@JMInsertWeldmentCmd@@IAEJIJ@Z 100242e0 f   insweld:Insweld.obj
 0001:000232f0       ?CmdMessageBox@JMLabelWeldCmd@@QAEHIIPAH@Z 100242f0 f   lblwldcmd:CJMLBLWLDCM.obj
 0001:000233f0       ?SetControlText@JMLabelWeldCmd@@QAEXHI@Z 100243f0 f   lblwldcmd:CJMLBLWLDCM.obj
 0001:000234b0       ?JMPMIValidateEdgeForWeldInfo@@YAJPAUIJGraphic@@PAUJMWeldGroupInfo@@@Z 100244b0 f   lblwldcmd:CJMLBLWLDCM.obj
 0001:00023850       ?ReleaseSetManagerData@@YAXAAHAAPAPAUIUnknown@@@Z 10024850 f   lblwldcmd:CJMLBLWLDCM.obj
 0001:00023850       ?FWReleaseSetManagerData@@YAXAAHAAPAPAUIUnknown@@@Z 10024850 f   filtwldcmd:FiltWld.obj
 0001:000238b0       ?ResetState@JMLabelWeldCmd@@AAEXXZ 100248b0 f   lblwldcmd:CJMLBLWLDCM.obj
 0001:00023a00       ?JMHighlightComponent@JMLabelWeldCmd@@CAJABUtagJMSMARTLOCATESELECTCRITERIA@@KPAPAUIUnknown@@HPAXPAH@Z 10024a00 f   lblwldcmd:CJMLBLWLDCM.obj
 0001:00023b70       ?Sleep@JMLabelWeldCmd@@UAEJK@Z 10024b70 f   lblwldcmd:CJMLBLWLDCM.obj
 0001:00023cf0       ?FinishFeature@JMLabelWeldCmd@@AAEJXZ 10024cf0 f   lblwldcmd:CJMLBLWLDCM.obj
 0001:00023dc0       ?EditStepSetup@JMLabelWeldCmd@@AAEXXZ 10024dc0 f   lblwldcmd:CJMLBLWLDCM.obj
 0001:00023e70       ?KillCommand@JMLabelWeldCmd@@AAEXH@Z 10024e70 f   lblwldcmd:CJMLBLWLDCM.obj
 0001:00023f90       ?JMValidateEdge@@YAJPAUIJGraphic@@PAXAAPAU1@W4EdgeValidationType@@@Z 10024f90 f   lblwldcmd:CJMLBLWLDCM.obj
 0001:00024450       ?JMValidateSingleEdge@@YAJPAUIJGraphic@@PAXAAPAU1@@Z 10025450 f   lblwldcmd:CJMLBLWLDCM.obj
 0001:000244a0       ?JMValidateEdgeChain@@YAJPAUIJGraphic@@PAXAAPAU1@@Z 100254a0 f   lblwldcmd:CJMLBLWLDCM.obj
 0001:000244f0       ?InitMultiSelectCollector@JMLabelWeldCmd@@QAEHXZ 100254f0 f   lblwldcmd:CJMLBLWLDCM.obj
 0001:00024780       ?GetSetManagerData@@YAJPAVJMSetManager@@AAHAAPAPAUIUnknown@@@Z 10025780 f   lblwldcmd:CJMLBLWLDCM.obj
 0001:00024a60       ?Lose@JMLabelWeldCmd@@AAEXXZ 10025a60 f   lblwldcmd:CJMLBLWLDCM.obj
 0001:00024c60       ??1JMLabelWeldCmd@@UAE@XZ  10025c60 f   lblwldcmd:CJMLBLWLDCM.obj
 0001:00024d90       ??_EJMLabelWeldCmd@@UAEPAXI@Z 10025d90 f i lblwldcmd:CJMLBLWLDCM.obj
 0001:00024d90       ??_GJMLabelWeldCmd@@UAEPAXI@Z 10025d90 f i lblwldcmd:CJMLBLWLDCM.obj
 0001:00024db0       ?CmdInit@JMLabelWeldCmd@@AAEXXZ 10025db0 f   lblwldcmd:CJMLBLWLDCM.obj
 0001:00025080       ?DoCommand@JMLabelWeldCmd@@AAEJXZ 10026080 f   lblwldcmd:CJMLBLWLDCM.obj
 0001:00025610       ?DoFeatureEdit@JMLabelWeldCmd@@AAEJXZ 10026610 f   lblwldcmd:CJMLBLWLDCM.obj
 0001:000259c0       ?OnWeldmentProps@JMLabelWeldCmd@@IAEXXZ 100269c0 f   lblwldcmd:CJMLBLWLDCM.obj
 0001:00025bf0       ?MapParentsToInputs@JMLabelWeldCmd@@AAEJXZ 10026bf0 f   lblwldcmd:CJMLBLWLDCM.obj
 0001:00026700       ?Transition@JMLabelWeldCmd@@AAEXXZ 10027700 f   lblwldcmd:CJMLBLWLDCM.obj
 0001:00026c90       ??0JMLabelWeldCmd@@QAE@XZ  10027c90 f   lblwldcmd:CJMLBLWLDCM.obj
 0001:00026d60       ?WakeUp@JMLabelWeldCmd@@UAEJK@Z 10027d60 f   lblwldcmd:CJMLBLWLDCM.obj
 0001:00026f50       ?OnWeldmentPropsDropDown@JMLabelWeldCmd@@IAEJIJ@Z 10027f50 f   lblwldcmd:CJMLBLWLDCM.obj
 0001:000274f0       ?OnSelectEdge@JMLabelWeldCmd@@IAEXXZ 100284f0 f   lblwldcmd:CJMLBLWLDCM.obj
 0001:00027510       ?OnDoItButton@JMLabelWeldCmd@@IAEXXZ 10028510 f   lblwldcmd:CJMLBLWLDCM.obj
 0001:00027580       ?OnValidSelection@JMLabelWeldCmd@@IAEJIJ@Z 10028580 f   lblwldcmd:CJMLBLWLDCM.obj
 0001:000276b0       ?OnRButtonDown@JMLabelWeldCmd@@IAEXIVCPoint@@@Z 100286b0 f   lblwldcmd:CJMLBLWLDCM.obj
 0001:000276d0       ?OnFeatureNameAccepted@JMLabelWeldCmd@@IAEJIJ@Z 100286d0 f   lblwldcmd:CJMLBLWLDCM.obj
 0001:000276e0       ?OnKeyDown@JMLabelWeldCmd@@IAEXIII@Z 100286e0 f   lblwldcmd:CJMLBLWLDCM.obj
 0001:00027730       ?CreateObject@JMLabelWeldCmd@@SGPAVCObject@@XZ 10028730 f   lblwldcmd:CJMLBLWLDCM.obj
 0001:000277a0       ?GetThisMessageMap@JMLabelWeldCmd@@KGPBUAFX_MSGMAP@@XZ 100287a0 f   lblwldcmd:CJMLBLWLDCM.obj
 0001:00027810       ?GetMessageMap@JMLabelWeldCmd@@MBEPBUAFX_MSGMAP@@XZ 10028810 f   lblwldcmd:CJMLBLWLDCM.obj
 0001:00027820       ?GetThisMessageMap@CLabelWeldPropsDlg@@KGPBUAFX_MSGMAP@@XZ 10028820 f   lblwldcmd:labeloptdlg.obj
 0001:00027830       ?GetMessageMap@CLabelWeldPropsDlg@@MBEPBUAFX_MSGMAP@@XZ 10028830 f   lblwldcmd:labeloptdlg.obj
 0001:00027840       ?DoDataExchange@CLabelWeldPropsDlg@@MAEXPAVCDataExchange@@@Z 10028840 f   lblwldcmd:labeloptdlg.obj
 0001:00027840       ?DoDataExchange@CGrooveWeldPropsDlg@@MAEXPAVCDataExchange@@@Z 10028840 f   grooveweld:GrooveOptDlg.obj
 0001:00027880       ?OnOK@CGrooveWeldPropsDlg@@MAEXXZ 10028880 f   grooveweld:GrooveOptDlg.obj
 0001:00027880       ?OnOK@CLabelWeldPropsDlg@@MAEXXZ 10028880 f   lblwldcmd:labeloptdlg.obj
 0001:000278b0       ?UpdateSymbol@CLabelWeldPropsDlg@@QAEXXZ 100288b0 f   lblwldcmd:labeloptdlg.obj
 0001:00027930       ??0CLabelWeldPropsDlg@@QAE@PAVJMLabelWeldCmd@@PAVCWnd@@@Z 10028930 f   lblwldcmd:labeloptdlg.obj
 0001:000279e0       ??1CLabelWeldPropsDlg@@UAE@XZ 100289e0 f   lblwldcmd:labeloptdlg.obj
 0001:00027ab0       ??_ECLabelWeldPropsDlg@@UAEPAXI@Z 10028ab0 f i lblwldcmd:labeloptdlg.obj
 0001:00027ab0       ??_GCLabelWeldPropsDlg@@UAEPAXI@Z 10028ab0 f i lblwldcmd:labeloptdlg.obj
 0001:00027ad0       ?OnInitDialog@CLabelWeldPropsDlg@@MAEHXZ 10028ad0 f   lblwldcmd:labeloptdlg.obj
 0001:000281c6       ?JMGetAllTangentConnectedFacesPath@@YAJPAUIJGraphic@@PAXAAPAU1@@Z 100291c6 f   partdcx:partDcx.dll
 0001:000281cc       ?JMCreateEdgeChainPath@@YAJPAUIJGraphic@@PAXAAPAU1@@Z 100291cc f   partdcx:partDcx.dll
 0001:000281e0       ?SkipWeld_ForceLoad@@YAXXZ 100291e0 f   skipweld:skipweldfl.obj
 0001:00028240       ?GetThisClass@CJMSkipWeldCommand@@SGPAUCRuntimeClass@@XZ 10029240 f   skipweld:skipweld.obj
 0001:00028240       ?GetRuntimeClass@CJMSkipWeldCommand@@UBEPAUCRuntimeClass@@XZ 10029240 f   skipweld:skipweld.obj
 0001:00028250       ?Init@CJMSkipWeldCommand@@UAEJPAUIUnknown@@0PBX@Z 10029250 f   skipweld:skipweld.obj
 0001:00028330       ?GetSkipType@CJMSkipWeldCommand@@AAE?AW4StitchWeldType@@XZ 10029330 f   skipweld:skipweld.obj
 0001:00028350       ??9const_iterator@?$_Tree@V?$_Tmap_traits@PAUIUnknown@@UtagJMLabeledEdgesInfo@@U?$less@PAUIUnknown@@@std@@V?$allocator@U?$pair@QAUIUnknown@@UtagJMLabeledEdgesInfo@@@std@@@4@$0A@@std@@@std@@QBE_NABV012@@Z 10029350 f i skipweld:skipweld.obj
 0001:00028350       ??9?$_Vector_const_iterator@PAUIUnknown@@V?$allocator@PAUIUnknown@@@std@@@std@@QBE_NABV01@@Z 10029350 f i filtwldcmd:FiltWld.obj
 0001:00028350       ??9?$_Vector_const_iterator@V?$TIP@PAUIUnknown@@@@V?$allocator@V?$TIP@PAUIUnknown@@@@@std@@@std@@QBE_NABV01@@Z 10029350 f i filtwldcmd:FiltWld.obj
 0001:00028350       ??9?$_Vector_const_iterator@UJAsmRefAttrInfo@@V?$allocator@UJAsmRefAttrInfo@@@std@@@std@@QBE_NABV01@@Z 10029350 f i asmatt:AttUtil.obj
 0001:00028380       ?_Max@?$_Tree@V?$_Tmap_traits@PAUIUnknown@@UtagJMLabeledEdgesInfo@@U?$less@PAUIUnknown@@@std@@V?$allocator@U?$pair@QAUIUnknown@@UtagJMLabeledEdgesInfo@@@std@@@4@$0A@@std@@@std@@KAPAU_Node@?$_Tree_nod@V?$_Tmap_traits@PAUIUnknown@@UtagJMLabeledEdgesInfo@@U?$less@PAUIUnknown@@@std@@V?$allocator@U?$pair@QAUIUnknown@@UtagJMLabeledEdgesInfo@@@std@@@4@$0A@@std@@@2@PAU342@@Z 10029380 f i skipweld:skipweld.obj
 0001:000283a0       ?_Min@?$_Tree@V?$_Tmap_traits@PAUIUnknown@@UtagJMLabeledEdgesInfo@@U?$less@PAUIUnknown@@@std@@V?$allocator@U?$pair@QAUIUnknown@@UtagJMLabeledEdgesInfo@@@std@@@4@$0A@@std@@@std@@KAPAU_Node@?$_Tree_nod@V?$_Tmap_traits@PAUIUnknown@@UtagJMLabeledEdgesInfo@@U?$less@PAUIUnknown@@@std@@V?$allocator@U?$pair@QAUIUnknown@@UtagJMLabeledEdgesInfo@@@std@@@4@$0A@@std@@@2@PAU342@@Z 100293a0 f i skipweld:skipweld.obj
 0001:000283c0       ?_Inc@const_iterator@?$_Tree@V?$_Tmap_traits@PAUIUnknown@@UtagJMLabeledEdgesInfo@@U?$less@PAUIUnknown@@@std@@V?$allocator@U?$pair@QAUIUnknown@@UtagJMLabeledEdgesInfo@@@std@@@4@$0A@@std@@@std@@QAEXXZ 100293c0 f i skipweld:skipweld.obj
 0001:00028430       ??$ConstructElements@PAUIUnknown@@@@YGXPAPAUIUnknown@@H@Z 10029430 f i filtwldcmd:FiltWld.obj
 0001:00028430       ??$ConstructElements@H@@YGXPAHH@Z 10029430 f i skipweld:skipweld.obj
 0001:00028450       ??$ConstructElements@UtagSkipWeldFeatureInputs@@@@YGXPAUtagSkipWeldFeatureInputs@@H@Z 10029450 f i skipweld:skipweld.obj
 0001:00028470       ??0out_of_range@std@@QAE@ABV?$basic_string@DU?$char_traits@D@std@@V?$allocator@D@2@@1@@Z 10029470 f i skipweld:skipweld.obj
 0001:000284d0       ??1out_of_range@std@@UAE@XZ 100294d0 f i skipweld:skipweld.obj
 0001:00028520       ??_Gout_of_range@std@@UAEPAXI@Z 10029520 f i skipweld:skipweld.obj
 0001:00028520       ??_Eout_of_range@std@@UAEPAXI@Z 10029520 f i skipweld:skipweld.obj
 0001:00028580       ??1tagJMLabeledEdgesInfo@@QAE@XZ 10029580 f i skipweld:skipweld.obj
 0001:000285d0       ?InitializeOptionsComboBox@CJMSkipWeldCommand@@AAEXPAVCWnd@@@Z 100295d0 f   skipweld:skipweld.obj
 0001:000286f0       ?GetAssocArgs@CJMSkipWeldCommand@@AAEJPAKPAPAUtagJCFUNCARGDESC@@@Z 100296f0 f   skipweld:skipweld.obj
 0001:00028880       ?UpdateStartVertex@CJMSkipWeldCommand@@AAEJXZ 10029880 f   skipweld:skipweld.obj
 0001:00028a40       ?SetSkipType@CJMSkipWeldCommand@@AAEXXZ 10029a40 f   skipweld:skipweld.obj
 0001:00028ac0       ?_Lrotate@?$_Tree@V?$_Tmap_traits@PAUIUnknown@@UtagJMLabeledEdgesInfo@@U?$less@PAUIUnknown@@@std@@V?$allocator@U?$pair@QAUIUnknown@@UtagJMLabeledEdgesInfo@@@std@@@4@$0A@@std@@@std@@IAEXPAU_Node@?$_Tree_nod@V?$_Tmap_traits@PAUIUnknown@@UtagJMLabeledEdgesInfo@@U?$less@PAUIUnknown@@@std@@V?$allocator@U?$pair@QAUIUnknown@@UtagJMLabeledEdgesInfo@@@std@@@4@$0A@@std@@@2@@Z 10029ac0 f i skipweld:skipweld.obj
 0001:00028b10       ?_Rrotate@?$_Tree@V?$_Tmap_traits@PAUIUnknown@@UtagJMLabeledEdgesInfo@@U?$less@PAUIUnknown@@@std@@V?$allocator@U?$pair@QAUIUnknown@@UtagJMLabeledEdgesInfo@@@std@@@4@$0A@@std@@@std@@IAEXPAU_Node@?$_Tree_nod@V?$_Tmap_traits@PAUIUnknown@@UtagJMLabeledEdgesInfo@@U?$less@PAUIUnknown@@@std@@V?$allocator@U?$pair@QAUIUnknown@@UtagJMLabeledEdgesInfo@@@std@@@4@$0A@@std@@@2@@Z 10029b10 f i skipweld:skipweld.obj
 0001:00028b70       ?RemoveAt@?$JArray@UtagSkipWeldFeatureInputs@@U1@@@QAEXHH@Z 10029b70 f i skipweld:skipweld.obj
 0001:00028bb0       ??1?$pair@QAUIUnknown@@UtagJMLabeledEdgesInfo@@@std@@QAE@XZ 10029bb0 f i skipweld:skipweld.obj
 0001:00028c00       ?SetSize@?$JArray@UtagSkipWeldFeatureInputs@@U1@@@QAEXHH@Z 10029c00 f i skipweld:skipweld.obj
 0001:00028d20       ?SetAtGrow@?$JArray@UtagSkipWeldFeatureInputs@@U1@@@QAEXHUtagSkipWeldFeatureInputs@@@Z 10029d20 f i skipweld:skipweld.obj
 0001:00028d50       ?ReadFromPrefSet@CJMSkipWeldCommand@@AAEXXZ 10029d50 f   skipweld:skipweld.obj
 0001:00028f40       ?RePopulateSetManagers@CJMSkipWeldCommand@@AAEXXZ 10029f40 f   skipweld:skipweld.obj
 0001:00028fb0       ?DeleteFailedFeature@CJMSkipWeldCommand@@AAEXXZ 10029fb0 f   skipweld:skipweld.obj
 0001:000290f0       ?PurgeDeletedInputs@CJMSkipWeldCommand@@AAEJXZ 1002a0f0 f   skipweld:skipweld.obj
 0001:00029220       ?Add@?$JArray@UtagSkipWeldFeatureInputs@@U1@@@QAEHUtagSkipWeldFeatureInputs@@@Z 1002a220 f i skipweld:skipweld.obj
 0001:00029250       ?Sleep@CJMSkipWeldCommand@@UAEJK@Z 1002a250 f   skipweld:skipweld.obj
 0001:00029420       ?InitMultiSelectCollector@CJMSkipWeldCommand@@AAEJXZ 1002a420 f   skipweld:skipweld.obj
 0001:00029670       ?ExtractSkipInputsFromAssocArgs@CJMSkipWeldCommand@@AAEJHPAUtagJIDREF@@H@Z 1002a670 f   skipweld:skipweld.obj
 0001:00029940       ?MapParentsToInputs@CJMSkipWeldCommand@@AAEXXZ 1002a940 f   skipweld:skipweld.obj
 0001:00029fd0       ?Restart@CJMSkipWeldCommand@@AAEXXZ 1002afd0 f   skipweld:skipweld.obj
 0001:0002a0f0       ?_Buynode@?$_Tree@V?$_Tmap_traits@PAUIUnknown@@UtagJMLabeledEdgesInfo@@U?$less@PAUIUnknown@@@std@@V?$allocator@U?$pair@QAUIUnknown@@UtagJMLabeledEdgesInfo@@@std@@@4@$0A@@std@@@std@@IAEPAU_Node@?$_Tree_nod@V?$_Tmap_traits@PAUIUnknown@@UtagJMLabeledEdgesInfo@@U?$less@PAUIUnknown@@@std@@V?$allocator@U?$pair@QAUIUnknown@@UtagJMLabeledEdgesInfo@@@std@@@4@$0A@@std@@@2@XZ 1002b0f0 f i skipweld:skipweld.obj
 0001:0002a1a0       ??$_Ucopy@V?$_Vector_const_iterator@PAUIUnknown@@V?$allocator@PAUIUnknown@@@std@@@std@@@?$vector@PAUIUnknown@@V?$allocator@PAUIUnknown@@@std@@@std@@IAEPAPAUIUnknown@@V?$_Vector_const_iterator@PAUIUnknown@@V?$allocator@PAUIUnknown@@@std@@@1@0PAPAU2@@Z 1002b1a0 f i skipweld:skipweld.obj
 0001:0002a1a0       ??$_Ucopy@V?$_Vector_const_iterator@KV?$allocator@K@std@@@std@@@?$vector@KV?$allocator@K@std@@@std@@IAEPAKV?$_Vector_const_iterator@KV?$allocator@K@std@@@1@0PAK@Z 1002b1a0 f i asmatt:AsmAtt.obj
 0001:0002a1e0       ??0?$vector@PAUIUnknown@@V?$allocator@PAUIUnknown@@@std@@@std@@QAE@ABV01@@Z 1002b1e0 f i skipweld:skipweld.obj
 0001:0002a2c0       ?_Ufill@?$vector@KV?$allocator@K@std@@@std@@IAEPAKPAKIABK@Z 1002b2c0 f i asmatt:AsmAtt.obj
 0001:0002a2c0       ?_Ufill@?$vector@PAUIUnknown@@V?$allocator@PAUIUnknown@@@std@@@std@@IAEPAPAUIUnknown@@PAPAU3@IABQAU3@@Z 1002b2c0 f i skipweld:skipweld.obj
 0001:0002a2f0       ?_Insert_n@?$vector@PAUIUnknown@@V?$allocator@PAUIUnknown@@@std@@@std@@IAEXV?$_Vector_iterator@PAUIUnknown@@V?$allocator@PAUIUnknown@@@std@@@2@IABQAUIUnknown@@@Z 1002b2f0 f i skipweld:skipweld.obj
 0001:0002a540       ?erase@?$_Tree@V?$_Tmap_traits@PAUIUnknown@@UtagJMLabeledEdgesInfo@@U?$less@PAUIUnknown@@@std@@V?$allocator@U?$pair@QAUIUnknown@@UtagJMLabeledEdgesInfo@@@std@@@4@$0A@@std@@@std@@QAE?AViterator@12@V312@@Z 1002b540 f i skipweld:skipweld.obj
 0001:0002a820       ??0out_of_range@std@@QAE@ABV01@@Z 1002b820 f i skipweld:skipweld.obj
 0001:0002a880       ?insert@?$vector@PAUIUnknown@@V?$allocator@PAUIUnknown@@@std@@@std@@QAE?AV?$_Vector_iterator@PAUIUnknown@@V?$allocator@PAUIUnknown@@@std@@@2@V32@ABQAUIUnknown@@@Z 1002b880 f i skipweld:skipweld.obj
 0001:0002a910       ?_Erase@?$_Tree@V?$_Tmap_traits@PAUIUnknown@@UtagJMLabeledEdgesInfo@@U?$less@PAUIUnknown@@@std@@V?$allocator@U?$pair@QAUIUnknown@@UtagJMLabeledEdgesInfo@@@std@@@4@$0A@@std@@@std@@IAEXPAU_Node@?$_Tree_nod@V?$_Tmap_traits@PAUIUnknown@@UtagJMLabeledEdgesInfo@@U?$less@PAUIUnknown@@@std@@V?$allocator@U?$pair@QAUIUnknown@@UtagJMLabeledEdgesInfo@@@std@@@4@$0A@@std@@@2@@Z 1002b910 f i skipweld:skipweld.obj
 0001:0002a9a0       ?push_back@?$vector@PAUIUnknown@@V?$allocator@PAUIUnknown@@@std@@@std@@QAEXABQAUIUnknown@@@Z 1002b9a0 f i skipweld:skipweld.obj
 0001:0002aa10       ?clear@?$_Tree@V?$_Tmap_traits@PAUIUnknown@@UtagJMLabeledEdgesInfo@@U?$less@PAUIUnknown@@@std@@V?$allocator@U?$pair@QAUIUnknown@@UtagJMLabeledEdgesInfo@@@std@@@4@$0A@@std@@@std@@QAEXXZ 1002ba10 f i skipweld:skipweld.obj
 0001:0002aa40       ?erase@?$_Tree@V?$_Tmap_traits@PAUIUnknown@@UtagJMLabeledEdgesInfo@@U?$less@PAUIUnknown@@@std@@V?$allocator@U?$pair@QAUIUnknown@@UtagJMLabeledEdgesInfo@@@std@@@4@$0A@@std@@@std@@QAE?AViterator@12@V312@0@Z 1002ba40 f i skipweld:skipweld.obj
 0001:0002ab10       ?CmdInit@CJMSkipWeldCommand@@AAEXXZ 1002bb10 f   skipweld:skipweld.obj
 0001:0002acf0       ?EditFeature@CJMSkipWeldCommand@@AAEJXZ 1002bcf0 f   skipweld:skipweld.obj
 0001:0002b480       ?CreateFeature@CJMSkipWeldCommand@@AAEJXZ 1002c480 f   skipweld:skipweld.obj
 0001:0002be70       ?Transition@CJMSkipWeldCommand@@AAEXXZ 1002ce70 f   skipweld:skipweld.obj
 0001:0002c6e0       ?OnValidSelection@CJMSkipWeldCommand@@IAEJIJ@Z 1002d6e0 f   skipweld:skipweld.obj
 0001:0002ce10       ?OnSideCommandCompleted@CJMSkipWeldCommand@@IAEJIJ@Z 1002de10 f   skipweld:skipweld.obj
 0001:0002cef0       ?OnSkipOptionSelChange@CJMSkipWeldCommand@@IAEXXZ 1002def0 f   skipweld:skipweld.obj
 0001:0002cfa0       ?OnSkipWeldOptions@CJMSkipWeldCommand@@IAEXXZ 1002dfa0 f   skipweld:skipweld.obj
 0001:0002d170       ?OnCancelFinishBtn@CJMSkipWeldCommand@@IAEXXZ 1002e170 f   skipweld:skipweld.obj
 0001:0002d440       ?OnSkipPathSelectionBtn@CJMSkipWeldCommand@@IAEXXZ 1002e440 f   skipweld:skipweld.obj
 0001:0002d4d0       ?OnFeatureNameAccepted@CJMSkipWeldCommand@@IAEJIJ@Z 1002e4d0 f   skipweld:skipweld.obj
 0001:0002d4e0       ?OnRButtonDown@CJMSkipWeldCommand@@IAEXIVCPoint@@@Z 1002e4e0 f   skipweld:skipweld.obj
 0001:0002d500       ?OnKeyDown@CJMSkipWeldCommand@@IAEXIII@Z 1002e500 f   skipweld:skipweld.obj
 0001:0002d530       ?GetThisMessageMap@CJMSkipWeldCommand@@KGPBUAFX_MSGMAP@@XZ 1002e530 f   skipweld:skipweld.obj
 0001:0002d5a0       ??1?$_Tree@V?$_Tmap_traits@PAUIUnknown@@UtagJMLabeledEdgesInfo@@U?$less@PAUIUnknown@@@std@@V?$allocator@U?$pair@QAUIUnknown@@UtagJMLabeledEdgesInfo@@@std@@@4@$0A@@std@@@std@@QAE@XZ 1002e5a0 f i skipweld:skipweld.obj
 0001:0002d5e0       ??1?$map@PAUIUnknown@@UtagJMLabeledEdgesInfo@@U?$less@PAUIUnknown@@@std@@V?$allocator@U?$pair@QAUIUnknown@@UtagJMLabeledEdgesInfo@@@std@@@4@@std@@QAE@XZ 1002e5e0 f i skipweld:skipweld.obj
 0001:0002d650       ?WakeUp@CJMSkipWeldCommand@@UAEJK@Z 1002e650 f   skipweld:skipweld.obj
 0001:0002d770       ?GetMessageMap@CJMSkipWeldCommand@@MBEPBUAFX_MSGMAP@@XZ 1002e770 f   skipweld:skipweld.obj
 0001:0002d780       ??0?$map@PAUIUnknown@@UtagJMLabeledEdgesInfo@@U?$less@PAUIUnknown@@@std@@V?$allocator@U?$pair@QAUIUnknown@@UtagJMLabeledEdgesInfo@@@std@@@4@@std@@QAE@XZ 1002e780 f i skipweld:skipweld.obj
 0001:0002d7f0       ??0tagSkipWeldFilterArgs@@QAE@XZ 1002e7f0 f i skipweld:skipweld.obj
 0001:0002d850       ??1tagSkipWeldFilterArgs@@QAE@XZ 1002e850 f i skipweld:skipweld.obj
 0001:0002d8b0       ??1CJMSkipWeldCommand@@UAE@XZ 1002e8b0 f   skipweld:skipweld.obj
 0001:0002db90       ??0CJMSkipWeldCommand@@QAE@XZ 1002eb90 f   skipweld:skipweld.obj
 0001:0002dc50       ??_GCJMSkipWeldCommand@@UAEPAXI@Z 1002ec50 f i skipweld:skipweld.obj
 0001:0002dc50       ??_ECJMSkipWeldCommand@@UAEPAXI@Z 1002ec50 f i skipweld:skipweld.obj
 0001:0002dc70       ?CreateObject@CJMSkipWeldCommand@@SGPAVCObject@@XZ 1002ec70 f   skipweld:skipweld.obj
 0001:0002de80       ?_Dec@const_iterator@?$_Tree@V?$_Tmap_traits@PAUIUnknown@@UtagJMLabeledEdgesInfo@@U?$less@PAUIUnknown@@@std@@V?$allocator@U?$pair@QAUIUnknown@@UtagJMLabeledEdgesInfo@@@std@@@4@$0A@@std@@@std@@QAEXXZ 1002ee80 f i skipweld:skpwldutl.obj
 0001:0002df10       ??0tagJMLabeledEdgesInfo@@QAE@XZ 1002ef10 f i skipweld:skpwldutl.obj
 0001:0002df70       ??0tagJMLabeledEdgesInfo@@QAE@ABU0@@Z 1002ef70 f i skipweld:skpwldutl.obj
 0001:0002dfe0       ??Dconst_iterator@?$_Tree@V?$_Tmap_traits@PAUIUnknown@@UtagJMLabeledEdgesInfo@@U?$less@PAUIUnknown@@@std@@V?$allocator@U?$pair@QAUIUnknown@@UtagJMLabeledEdgesInfo@@@std@@@4@$0A@@std@@@std@@QBEABU?$pair@QAUIUnknown@@UtagJMLabeledEdgesInfo@@@2@XZ 1002efe0 f i skipweld:skpwldutl.obj
 0001:0002e010       ??0?$pair@QAUIUnknown@@UtagJMLabeledEdgesInfo@@@std@@QAE@ABQAUIUnknown@@ABUtagJMLabeledEdgesInfo@@@Z 1002f010 f i skipweld:skpwldutl.obj
 0001:0002e070       ??0?$pair@QAUIUnknown@@UtagJMLabeledEdgesInfo@@@std@@QAE@ABU01@@Z 1002f070 f i skipweld:skpwldutl.obj
 0001:0002e0d0       ??0_Node@?$_Tree_nod@V?$_Tmap_traits@PAUIUnknown@@UtagJMLabeledEdgesInfo@@U?$less@PAUIUnknown@@@std@@V?$allocator@U?$pair@QAUIUnknown@@UtagJMLabeledEdgesInfo@@@std@@@4@$0A@@std@@@std@@QAE@PAU012@00ABU?$pair@QAUIUnknown@@UtagJMLabeledEdgesInfo@@@2@D@Z 1002f0d0 f i skipweld:skpwldutl.obj
 0001:0002e150       ??$_Distance2@Viterator@?$_Tree@V?$_Tmap_traits@PAUIUnknown@@UtagJMLabeledEdgesInfo@@U?$less@PAUIUnknown@@@std@@V?$allocator@U?$pair@QAUIUnknown@@UtagJMLabeledEdgesInfo@@@std@@@4@$0A@@std@@@std@@I@std@@YAXViterator@?$_Tree@V?$_Tmap_traits@PAUIUnknown@@UtagJMLabeledEdgesInfo@@U?$less@PAUIUnknown@@@std@@V?$allocator@U?$pair@QAUIUnknown@@UtagJMLabeledEdgesInfo@@@std@@@4@$0A@@std@@@0@0AAIUbidirectional_iterator_tag@0@@Z 1002f150 f i skipweld:skpwldutl.obj
 0001:0002e190       ?equal_range@?$_Tree@V?$_Tmap_traits@PAUIUnknown@@UtagJMLabeledEdgesInfo@@U?$less@PAUIUnknown@@@std@@V?$allocator@U?$pair@QAUIUnknown@@UtagJMLabeledEdgesInfo@@@std@@@4@$0A@@std@@@std@@QAE?AU?$pair@Viterator@?$_Tree@V?$_Tmap_traits@PAUIUnknown@@UtagJMLabeledEdgesInfo@@U?$less@PAUIUnknown@@@std@@V?$allocator@U?$pair@QAUIUnknown@@UtagJMLabeledEdgesInfo@@@std@@@4@$0A@@std@@@std@@V123@@2@ABQAUIUnknown@@@Z 1002f190 f i skipweld:skpwldutl.obj
 0001:0002e1f0       ?_Buynode@?$_Tree@V?$_Tmap_traits@PAUIUnknown@@UtagJMLabeledEdgesInfo@@U?$less@PAUIUnknown@@@std@@V?$allocator@U?$pair@QAUIUnknown@@UtagJMLabeledEdgesInfo@@@std@@@4@$0A@@std@@@std@@IAEPAU_Node@?$_Tree_nod@V?$_Tmap_traits@PAUIUnknown@@UtagJMLabeledEdgesInfo@@U?$less@PAUIUnknown@@@std@@V?$allocator@U?$pair@QAUIUnknown@@UtagJMLabeledEdgesInfo@@@std@@@4@$0A@@std@@@2@PAU342@00ABU?$pair@QAUIUnknown@@UtagJMLabeledEdgesInfo@@@2@D@Z 1002f1f0 f i skipweld:skpwldutl.obj
 0001:0002e290       ?find@?$_Tree@V?$_Tmap_traits@PAUIUnknown@@UtagJMLabeledEdgesInfo@@U?$less@PAUIUnknown@@@std@@V?$allocator@U?$pair@QAUIUnknown@@UtagJMLabeledEdgesInfo@@@std@@@4@$0A@@std@@@std@@QAE?AViterator@12@ABQAUIUnknown@@@Z 1002f290 f i skipweld:skpwldutl.obj
 0001:0002e300       ?_Insert@?$_Tree@V?$_Tmap_traits@PAUIUnknown@@UtagJMLabeledEdgesInfo@@U?$less@PAUIUnknown@@@std@@V?$allocator@U?$pair@QAUIUnknown@@UtagJMLabeledEdgesInfo@@@std@@@4@$0A@@std@@@std@@IAE?AViterator@12@_NPAU_Node@?$_Tree_nod@V?$_Tmap_traits@PAUIUnknown@@UtagJMLabeledEdgesInfo@@U?$less@PAUIUnknown@@@std@@V?$allocator@U?$pair@QAUIUnknown@@UtagJMLabeledEdgesInfo@@@std@@@4@$0A@@std@@@2@ABU?$pair@QAUIUnknown@@UtagJMLabeledEdgesInfo@@@2@@Z 1002f300 f i skipweld:skpwldutl.obj
 0001:0002e4e0       ?JMSkipPathStartVertexHilightFunc@@YAJABUtagJMSMARTLOCATESELECTCRITERIA@@KPAPAUIUnknown@@HPAXPAH@Z 1002f4e0 f   skipweld:skpwldutl.obj
 0001:0002e950       ?insert@?$_Tree@V?$_Tmap_traits@PAUIUnknown@@UtagJMLabeledEdgesInfo@@U?$less@PAUIUnknown@@@std@@V?$allocator@U?$pair@QAUIUnknown@@UtagJMLabeledEdgesInfo@@@std@@@4@$0A@@std@@@std@@QAE?AU?$pair@Viterator@?$_Tree@V?$_Tmap_traits@PAUIUnknown@@UtagJMLabeledEdgesInfo@@U?$less@PAUIUnknown@@@std@@V?$allocator@U?$pair@QAUIUnknown@@UtagJMLabeledEdgesInfo@@@std@@@4@$0A@@std@@@std@@_N@2@ABU?$pair@QAUIUnknown@@UtagJMLabeledEdgesInfo@@@2@@Z 1002f950 f i skipweld:skpwldutl.obj
[...]
 0001:0003b670       __unwindfunclet$??$_Construct@VNestedGroupInfo@@V1@@std@@YAXPAVNestedGroupInfo@@ABV1@@Z$0 1003c670 f   asmatt:AsmAtt.obj
 0001:0003b681       __ehhandler$??$_Construct@VNestedGroupInfo@@V1@@std@@YAXPAVNestedGroupInfo@@ABV1@@Z 1003c681 f   asmatt:AsmAtt.obj
 0001:0003b6a0       __ehhandler$??$_Uninit_copy@PAVNestedGroupInfo@@PAV1@V?$allocator@VNestedGroupInfo@@@std@@@std@@YAPAVNestedGroupInfo@@PAV1@00AAV?$allocator@VNestedGroupInfo@@@0@U_Nonscalar_ptr_iterator_tag@0@U_Range_checked_iterator_tag@0@@Z 1003c6a0 f   asmatt:AsmAtt.obj
 0001:0003b6c0       __unwindfunclet$??$_Destroy_range@VNestedGroupInfo@@V?$allocator@VNestedGroupInfo@@@std@@@std@@YAXPAVNestedGroupInfo@@0AAV?$allocator@VNestedGroupInfo@@@0@U_Nonscalar_ptr_iterator_tag@0@@Z$0 1003c6c0 f   asmatt:AsmAtt.obj
 0001:0003b6c9       __unwindfunclet$??$_Destroy_range@VNestedGroupInfo@@V?$allocator@VNestedGroupInfo@@@std@@@std@@YAXPAVNestedGroupInfo@@0AAV?$allocator@VNestedGroupInfo@@@0@U_Nonscalar_ptr_iterator_tag@0@@Z$1 1003c6c9 f   asmatt:AsmAtt.obj
 0001:0003b6d4       __unwindfunclet$??$_Destroy_range@VNestedGroupInfo@@V?$allocator@VNestedGroupInfo@@@std@@@std@@YAXPAVNestedGroupInfo@@0AAV?$allocator@VNestedGroupInfo@@@0@U_Nonscalar_ptr_iterator_tag@0@@Z$2 1003c6d4 f   asmatt:AsmAtt.obj
 0001:0003b6e0       __unwindfunclet$??$_Destroy_range@VNestedGroupInfo@@V?$allocator@VNestedGroupInfo@@@std@@@std@@YAXPAVNestedGroupInfo@@0AAV?$allocator@VNestedGroupInfo@@@0@U_Nonscalar_ptr_iterator_tag@0@@Z$3 1003c6e0 f   asmatt:AsmAtt.obj
 0001:0003b6eb       __ehhandler$??$_Destroy_range@VNestedGroupInfo@@V?$allocator@VNestedGroupInfo@@@std@@@std@@YAXPAVNestedGroupInfo@@0AAV?$allocator@VNestedGroupInfo@@@0@U_Nonscalar_ptr_iterator_tag@0@@Z 1003c6eb f   asmatt:AsmAtt.obj
 0001:0003b710       __ehhandler$??$_Uninit_fill_n@PAVNestedGroupInfo@@IV1@V?$allocator@VNestedGroupInfo@@@std@@@std@@YAXPAVNestedGroupInfo@@IABV1@AAV?$allocator@VNestedGroupInfo@@@0@U_Nonscalar_ptr_iterator_tag@0@U_Range_checked_iterator_tag@0@@Z 1003c710 f   asmatt:AsmAtt.obj
 0001:0003b730       __unwindfunclet$?ReadAssemblyGroupInfo@@YAJPAUIStream@@PAV?$vector@VAssemblyGroupInfo@@V?$allocator@VAssemblyGroupInfo@@@std@@@std@@@Z$5 1003c730 f   asmatt:AsmAtt.obj
 0001:0003b73b       __ehhandler$?ReadAssemblyGroupInfo@@YAJPAUIStream@@PAV?$vector@VAssemblyGroupInfo@@V?$allocator@VAssemblyGroupInfo@@@std@@@std@@@Z 1003c73b f   asmatt:AsmAtt.obj
 0001:0003b770       __unwindfunclet$?_Insert_n@?$vector@VNestedGroupInfo@@V?$allocator@VNestedGroupInfo@@@std@@@std@@IAEXV?$_Vector_iterator@VNestedGroupInfo@@V?$allocator@VNestedGroupInfo@@@std@@@2@IABVNestedGroupInfo@@@Z$4 1003c770 f   asmatt:AsmAtt.obj
 0001:0003b778       __ehhandler$?_Insert_n@?$vector@VNestedGroupInfo@@V?$allocator@VNestedGroupInfo@@@std@@@std@@IAEXV?$_Vector_iterator@VNestedGroupInfo@@V?$allocator@VNestedGroupInfo@@@std@@@2@IABVNestedGroupInfo@@@Z 1003c778 f   asmatt:AsmAtt.obj
 0001:0003b7a0       __unwindfunclet$??1AssemblyOrderingInfo@@QAE@XZ$0 1003c7a0 f   asmatt:AsmAtt.obj
 0001:0003b7ab       __unwindfunclet$??1AssemblyOrderingInfo@@QAE@XZ$1 1003c7ab f   asmatt:AsmAtt.obj
 0001:0003b7b6       __unwindfunclet$??1AssemblyOrderingInfo@@QAE@XZ$2 1003c7b6 f   asmatt:AsmAtt.obj
 0001:0003b7c1       __unwindfunclet$??1AssemblyOrderingInfo@@QAE@XZ$3 1003c7c1 f   asmatt:AsmAtt.obj
 0001:0003b7cc       __unwindfunclet$??1AssemblyOrderingInfo@@QAE@XZ$4 1003c7cc f   asmatt:AsmAtt.obj
 0001:0003b7d7       __ehhandler$??1AssemblyOrderingInfo@@QAE@XZ 1003c7d7 f   asmatt:AsmAtt.obj
 0001:0003b800       __unwindfunclet$??1JAttachmentInfo@@QAE@XZ$0 1003c800 f   asmatt:AsmAtt.obj
 0001:0003b80b       __ehhandler$??1JAttachmentInfo@@QAE@XZ 1003c80b f   asmatt:AsmAtt.obj
 0001:0003b830       __unwindfunclet$??0AssemblyOrderingInfo@@QAE@XZ$0 1003c830 f   asmatt:AsmAtt.obj
 0001:0003b83b       __unwindfunclet$??0AssemblyOrderingInfo@@QAE@XZ$1 1003c83b f   asmatt:AsmAtt.obj
 0001:0003b846       __unwindfunclet$??0AssemblyOrderingInfo@@QAE@XZ$2 1003c846 f   asmatt:AsmAtt.obj
 0001:0003b851       __unwindfunclet$??0AssemblyOrderingInfo@@QAE@XZ$3 1003c851 f   asmatt:AsmAtt.obj
 0001:0003b85c       __unwindfunclet$??0AssemblyOrderingInfo@@QAE@XZ$4 1003c85c f   asmatt:AsmAtt.obj
 0001:0003b867       __ehhandler$??0AssemblyOrderingInfo@@QAE@XZ 1003c867 f   asmatt:AsmAtt.obj
 0001:0003b890       __unwindfunclet$??0JAttachmentInfo@@QAE@XZ$0 1003c890 f   asmatt:AsmAtt.obj
 0001:0003b89b       __ehhandler$??0JAttachmentInfo@@QAE@XZ 1003c89b f   asmatt:AsmAtt.obj
 0001:0003b8c0       __unwindfunclet$?ReadNestedGroupInfo@@YAJPAUIStream@@PAV?$vector@VNestedGroupInfo@@V?$allocator@VNestedGroupInfo@@@std@@@std@@@Z$6 1003c8c0 f   asmatt:AsmAtt.obj
 0001:0003b8cc       __unwindfunclet$?ReadNestedGroupInfo@@YAJPAUIStream@@PAV?$vector@VNestedGroupInfo@@V?$allocator@VNestedGroupInfo@@@std@@@std@@@Z$7 1003c8cc f   asmatt:AsmAtt.obj
 0001:0003b8d7       __unwindfunclet$?ReadNestedGroupInfo@@YAJPAUIStream@@PAV?$vector@VNestedGroupInfo@@V?$allocator@VNestedGroupInfo@@@std@@@std@@@Z$5 1003c8d7 f   asmatt:AsmAtt.obj
 0001:0003b8e2       __ehhandler$?ReadNestedGroupInfo@@YAJPAUIStream@@PAV?$vector@VNestedGroupInfo@@V?$allocator@VNestedGroupInfo@@@std@@@std@@@Z 1003c8e2 f   asmatt:AsmAtt.obj
 0001:0003b910       __unwindfunclet$?ReadAttachmentInfo@JAttachmentInfo@@QAEJPAUIStorage@@@Z$3 1003c910 f   asmatt:AsmAtt.obj
 0001:0003b91c       __unwindfunclet$?ReadAttachmentInfo@JAttachmentInfo@@QAEJPAUIStorage@@@Z$4 1003c91c f   asmatt:AsmAtt.obj
 0001:0003b927       __unwindfunclet$?ReadAttachmentInfo@JAttachmentInfo@@QAEJPAUIStorage@@@Z$5 1003c927 f   asmatt:AsmAtt.obj
 0001:0003b932       __ehhandler$?ReadAttachmentInfo@JAttachmentInfo@@QAEJPAUIStorage@@@Z 1003c932 f   asmatt:AsmAtt.obj
 0001:0003b960       __unwindfunclet$??0JAsmRefAttrInfo@@QAE@XZ$0 1003c960 f   asmatt:AttUtil.obj
 0001:0003b96c       __unwindfunclet$??0JAsmRefAttrInfo@@QAE@XZ$1 1003c96c f   asmatt:AttUtil.obj
 0001:0003b978       __ehhandler$??0JAsmRefAttrInfo@@QAE@XZ 1003c978 f   asmatt:AttUtil.obj
 0001:0003b9a0       __unwindfunclet$??1JAsmRefAttrInfo@@QAE@XZ$0 1003c9a0 f   asmatt:AttUtil.obj
 0001:0003b9ac       __unwindfunclet$??1JAsmRefAttrInfo@@QAE@XZ$1 1003c9ac f   asmatt:AttUtil.obj
 0001:0003b9b8       __ehhandler$??1JAsmRefAttrInfo@@QAE@XZ 1003c9b8 f   asmatt:AttUtil.obj
 0001:0003b9e0       __unwindfunclet$??0JAsmRefAttrInfo@@QAE@ABU0@@Z$0 1003c9e0 f   asmatt:AttUtil.obj
 0001:0003b9ec       __unwindfunclet$??0JAsmRefAttrInfo@@QAE@ABU0@@Z$1 1003c9ec f   asmatt:AttUtil.obj
 0001:0003b9f8       __ehhandler$??0JAsmRefAttrInfo@@QAE@ABU0@@Z 1003c9f8 f   asmatt:AttUtil.obj
 0001:0003ba20       __unwindfunclet$??$_Construct@UJAsmRefAttrInfo@@U1@@std@@YAXPAUJAsmRefAttrInfo@@ABU1@@Z$0 1003ca20 f   asmatt:AttUtil.obj
 0001:0003ba31       __ehhandler$??$_Construct@UJAsmRefAttrInfo@@U1@@std@@YAXPAUJAsmRefAttrInfo@@ABU1@@Z 1003ca31 f   asmatt:AttUtil.obj
 0001:0003ba50       __unwindfunclet$_JGetPathOfJupiterSite@12$1 1003ca50 f   asmatt:AttUtil.obj
 0001:0003ba58       __unwindfunclet$_JGetPathOfJupiterSite@12$2 1003ca58 f   asmatt:AttUtil.obj
 0001:0003ba60       __ehhandler$_JGetPathOfJupiterSite@12 1003ca60 f   asmatt:AttUtil.obj
 0001:0003ba80       __unwindfunclet$?_Xlen@?$vector@UJAsmRefAttrInfo@@V?$allocator@UJAsmRefAttrInfo@@@std@@@std@@KAXXZ$0 1003ca80 f   asmatt:AttUtil.obj
 0001:0003ba89       __ehhandler$?_Xlen@?$vector@UJAsmRefAttrInfo@@V?$allocator@UJAsmRefAttrInfo@@@std@@@std@@KAXXZ 1003ca89 f   asmatt:AttUtil.obj
 0001:0003bab0       __unwindfunclet$?JAsmGetSitePath@@YAJPAUIStorage@@AAVGUserText@@K1@Z$0 1003cab0 f   asmatt:AttUtil.obj
 0001:0003bab9       __ehhandler$?JAsmGetSitePath@@YAJPAUIStorage@@AAVGUserText@@K1@Z 1003cab9 f   asmatt:AttUtil.obj
 0001:0003baf0       __ehhandler$??$_Uninit_copy@PAUJAsmRefAttrInfo@@PAU1@V?$allocator@UJAsmRefAttrInfo@@@std@@@std@@YAPAUJAsmRefAttrInfo@@PAU1@00AAV?$allocator@UJAsmRefAttrInfo@@@0@U_Nonscalar_ptr_iterator_tag@0@U_Range_checked_iterator_tag@0@@Z 1003caf0 f   asmatt:AttUtil.obj
 0001:0003bb10       __ehhandler$??$_Uninit_fill_n@PAUJAsmRefAttrInfo@@IU1@V?$allocator@UJAsmRefAttrInfo@@@std@@@std@@YAXPAUJAsmRefAttrInfo@@IABU1@AAV?$allocator@UJAsmRefAttrInfo@@@0@U_Nonscalar_ptr_iterator_tag@0@U_Range_checked_iterator_tag@0@@Z 1003cb10 f   asmatt:AttUtil.obj
 0001:0003bb30       __unwindfunclet$??$_Destroy_range@UJAsmRefAttrInfo@@V?$allocator@UJAsmRefAttrInfo@@@std@@@std@@YAXPAUJAsmRefAttrInfo@@0AAV?$allocator@UJAsmRefAttrInfo@@@0@U_Nonscalar_ptr_iterator_tag@0@@Z$0 1003cb30 f   asmatt:AttUtil.obj
 0001:0003bb3c       __unwindfunclet$??$_Destroy_range@UJAsmRefAttrInfo@@V?$allocator@UJAsmRefAttrInfo@@@std@@@std@@YAXPAUJAsmRefAttrInfo@@0AAV?$allocator@UJAsmRefAttrInfo@@@0@U_Nonscalar_ptr_iterator_tag@0@@Z$1 1003cb3c f   asmatt:AttUtil.obj
 0001:0003bb48       __ehhandler$??$_Destroy_range@UJAsmRefAttrInfo@@V?$allocator@UJAsmRefAttrInfo@@@std@@@std@@YAXPAUJAsmRefAttrInfo@@0AAV?$allocator@UJAsmRefAttrInfo@@@0@U_Nonscalar_ptr_iterator_tag@0@@Z 1003cb48 f   asmatt:AttUtil.obj
 0001:0003bb70       __unwindfunclet$?_Insert_n@?$vector@UJAsmRefAttrInfo@@V?$allocator@UJAsmRefAttrInfo@@@std@@@std@@IAEXV?$_Vector_iterator@UJAsmRefAttrInfo@@V?$allocator@UJAsmRefAttrInfo@@@std@@@2@IABUJAsmRefAttrInfo@@@Z$4 1003cb70 f   asmatt:AttUtil.obj
 0001:0003bb78       __ehhandler$?_Insert_n@?$vector@UJAsmRefAttrInfo@@V?$allocator@UJAsmRefAttrInfo@@@std@@@std@@IAEXV?$_Vector_iterator@UJAsmRefAttrInfo@@V?$allocator@UJAsmRefAttrInfo@@@std@@@2@IABUJAsmRefAttrInfo@@@Z 1003cb78 f   asmatt:AttUtil.obj
 0001:0003bba0       __unwindfunclet$_JGetRefAttrInfoFromStorage@12$5 1003cba0 f   asmatt:AttUtil.obj
 0001:0003bbac       __unwindfunclet$_JGetRefAttrInfoFromStorage@12$6 1003cbac f   asmatt:AttUtil.obj
 0001:0003bbb8       __unwindfunclet$_JGetRefAttrInfoFromStorage@12$7 1003cbb8 f   asmatt:AttUtil.obj
 0001:0003bbc3       __unwindfunclet$_JGetRefAttrInfoFromStorage@12$8 1003cbc3 f   asmatt:AttUtil.obj
 0001:0003bbce       __unwindfunclet$_JGetRefAttrInfoFromStorage@12$9 1003cbce f   asmatt:AttUtil.obj
 0001:0003bbda       __unwindfunclet$_JGetRefAttrInfoFromStorage@12$10 1003cbda f   asmatt:AttUtil.obj
 0001:0003bbe6       __unwindfunclet$_JGetRefAttrInfoFromStorage@12$11 1003cbe6 f   asmatt:AttUtil.obj
 0001:0003bbf1       __ehhandler$_JGetRefAttrInfoFromStorage@12 1003cbf1 f   asmatt:AttUtil.obj
 0001:0003bc20       ??__EGNULL_Camera@@YAXXZ   1003cc20 f   Wdcxcmd.obj
 0001:0003bc40       ??__EGNULL_CAMERA@@YAXXZ   1003cc40 f   Wdcxcmd.obj
 0001:0003bc60       ??__EGID_Camera@@YAXXZ     1003cc60 f   Wdcxcmd.obj
 0001:0003bc80       ??__EGID_CAMERA@@YAXXZ     1003cc80 f   Wdcxcmd.obj
 0001:0003bca0       ??__EJMStdIncludeFaceTypesForSilhouettes@@YAXXZ 1003cca0 f   Wdcxcmd.obj
 0001:0003bd20       ??__EWM_JDOCUMENTTRANSITION@@YAXXZ 1003cd20 f   Wdcxguid.obj
 0001:0003bd40       ??__EWM_JENVIRONMENTTRANSITION@@YAXXZ 1003cd40 f   Wdcxguid.obj
 0001:0003bd60       ??__EWM_JVIEWSETTRANSITION@@YAXXZ 1003cd60 f   Wdcxguid.obj
 0001:0003bd80       ??__EWM_JACTIVEENVIRONMENTTRANSITION@@YAXXZ 1003cd80 f   Wdcxguid.obj
 0001:0003bda0       ??__EWM_JSELECTSETCHANGE@@YAXXZ 1003cda0 f   Wdcxguid.obj
 0001:0003bdc0       ??__EWM_JCONTEXTHELPBYHELPID@@YAXXZ 1003cdc0 f   Wdcxguid.obj
 0001:0003bde0       ??__EWM_JENABLEAUTOMATION@@YAXXZ 1003cde0 f   Wdcxguid.obj
 0001:0003be00       ??__EWM_JQUERYAUTOMATION@@YAXXZ 1003ce00 f   Wdcxguid.obj
 0001:0003be20       ??__EWM_JVK@@YAXXZ         1003ce20 f   Wdcxguid.obj
 0001:0003be40       ??__EWM_JVA@@YAXXZ         1003ce40 f   Wdcxguid.obj
 0001:0003be60       ??__EWM_SECRETAGENTMAN@@YAXXZ 1003ce60 f   Wdcxguid.obj
 0001:0003be80       ??__EWM_JPROCESSDDEREQUESTS@@YAXXZ 1003ce80 f   Wdcxguid.obj
 0001:0003bea0       ??__EWM_JVARIABLECHANGE@@YAXXZ 1003cea0 f   Wdcxguid.obj
 0001:0003bec0       ??__EWM_JDOCMARKEDEDITOPEN@@YAXXZ 1003cec0 f   Wdcxguid.obj
 0001:0003bee0       ??__EWM_REFRESH_SELECT_LIST@@YAXXZ 1003cee0 f   Wdcxguid.obj
 0001:0003bf00       ??__EWM_AUTOMATION_COMMAND@@YAXXZ 1003cf00 f   Wdcxguid.obj
 0001:0003bf20       ??__EWM_JSETFRAMEMENU@@YAXXZ 1003cf20 f   Wdcxguid.obj
 0001:0003bf40       ??__EWM_MEASUREMENT_COMMANDCOMPLETED@@YAXXZ 1003cf40 f   Wdcxguid.obj
 0001:0003bf60       ??__EWM_MEASUREMENT_VARIABLE_CREATED@@YAXXZ 1003cf60 f   Wdcxguid.obj
 0001:0003bf80       ??__EWM_JACTIVESHEETTRANSITION@@YAXXZ 1003cf80 f   Wdcxguid.obj
 0001:0003bfa0       ??__EWM_ACTIVATEPART_COMMANDCOMPLETED@@YAXXZ 1003cfa0 f   Wdcxguid.obj
 0001:0003bfc0       ??__EWM_ENDPROFILE_COMMAND_COMPLETED@@YAXXZ 1003cfc0 f   Wdcxguid.obj
 0001:0003bfe0       ??__EWM_JENABLEHELPAUTOMATION@@YAXXZ 1003cfe0 f   Wdcxguid.obj
 0001:0003c000       ??__EWM_JQUERYHELPAUTOMATION@@YAXXZ 1003d000 f   Wdcxguid.obj
 0001:0003c020       ??__EWM_FOA_DISABLE_CONTROLS@@YAXXZ 1003d020 f   Wdcxguid.obj
 0001:0003c040       ??__EWM_FOA_REENABLE_CONTROLS@@YAXXZ 1003d040 f   Wdcxguid.obj
 0001:0003c060       ??__EWM_JCOPILOT@@YAXXZ    1003d060 f   Wdcxguid.obj
 0001:0003c080       ??__EWM_JIDLE@@YAXXZ       1003d080 f   Wdcxguid.obj
 0001:0003c0a0       ??__EWM_WIREPATH_COMMANDCOMPLETED@@YAXXZ 1003d0a0 f   Wdcxguid.obj
 0001:0003c0c0       ??__EWM_JSTARTSPECIFICHELPTUTORIAL@@YAXXZ 1003d0c0 f   Wdcxguid.obj
 0001:0003c0e0       ??__EWM_AUTO_BACKUPSAVE_CLEANUP@@YAXXZ 1003d0e0 f   Wdcxguid.obj
 0001:0003c100       ??__EWM_JVIEW_UPDATED_WITH_MOUSEBUTTON@@YAXXZ 1003d100 f   Wdcxguid.obj
 0001:0003c120       ??__EWM_DTA_CHECK_NAME@@YAXXZ 1003d120 f   Wdcxguid.obj
 0001:0003c140       ??__EWM_DTA_CHECK_COMMAND_ACTIVE@@YAXXZ 1003d140 f   Wdcxguid.obj
 0001:0003c160       ??__EWM_DTA_UPDATE_TABLE@@YAXXZ 1003d160 f   Wdcxguid.obj
 0001:0003c180       ??__EWM_TERMINAL_BALLOON_MODIFIED@@YAXXZ 1003d180 f   Wdcxguid.obj
 0001:0003c1a0       ??__EWM_MODIFYBALLOON_CMDCOMPLETED@@YAXXZ 1003d1a0 f   Wdcxguid.obj
 0001:0003c1c0       ??__EWM_MODIFYBALLOON_CMDSTARTED@@YAXXZ 1003d1c0 f   Wdcxguid.obj
 0001:0003c1e0       ??__EWM_MODIFYBALLOON_NOPOPUP@@YAXXZ 1003d1e0 f   Wdcxguid.obj
 0001:0003c200       ??__EWM_DTA_EMPTY_SELECT_LIST@@YAXXZ 1003d200 f   Wdcxguid.obj
 0001:0003c220       ??__EWM_RUNNING_LOW_ON_MEMORY@@YAXXZ 1003d220 f   Wdcxguid.obj
 0001:0003c240       ??__EWM_VIEW_TRANSFORM_CHANGED@@YAXXZ 1003d240 f   Wdcxguid.obj
 0001:0003c260       ??__EWM_SE_LOW_MEMORY_WARNING@@YAXXZ 1003d260 f   Wdcxguid.obj
 0001:0003c280       ??__EWM_OPTIONVALUE_MODIFIED@@YAXXZ 1003d280 f   Wdcxguid.obj
 0001:0003c2a0       ??__EWM_TANGENT_REF_PLANE_REFRESH@@YAXXZ 1003d2a0 f   Wdcxguid.obj
 0001:0003c2c0       ??__EWM_BEGIN_VIEWTRANSFORM@@YAXXZ 1003d2c0 f   Wdcxguid.obj
 0001:0003c2e0       ??__EWM_END_VIEWTRANSFORM@@YAXXZ 1003d2e0 f   Wdcxguid.obj
 0001:0003c300       ??__EGNULL_Camera@@YAXXZ   1003d300 f   Wdcxguid.obj
 0001:0003c320       ??__EGNULL_CAMERA@@YAXXZ   1003d320 f   Wdcxguid.obj
 0001:0003c340       ??__EGID_Camera@@YAXXZ     1003d340 f   Wdcxguid.obj
 0001:0003c360       ??__EGID_CAMERA@@YAXXZ     1003d360 f   Wdcxguid.obj
 0001:0003c380       ??__EJMStdIncludeFaceTypesForSilhouettes@@YAXXZ 1003d380 f   Wdcxguid.obj
 0001:0003c400       ??__EGNULL_Camera@@YAXXZ   1003d400 f   filtwldcmd:precomp.obj
 0001:0003c420       ??__EGNULL_CAMERA@@YAXXZ   1003d420 f   filtwldcmd:precomp.obj
 0001:0003c440       ??__EGID_Camera@@YAXXZ     1003d440 f   filtwldcmd:precomp.obj
 0001:0003c460       ??__EGID_CAMERA@@YAXXZ     1003d460 f   filtwldcmd:precomp.obj
 0001:0003c480       ??__EJMStdIncludeFaceTypesForSilhouettes@@YAXXZ 1003d480 f   filtwldcmd:precomp.obj
 0001:0003c500       ??__E?factory@JMFilletWeldCmd@@2VJOleObjectFactory@@A@@YAXXZ 1003d500 f   filtwldcmd:FiltWld.obj
 0001:0003c530       ??__EGNULL_Camera@@YAXXZ   1003d530 f   grooveweld:precomp.obj
 0001:0003c550       ??__EGNULL_CAMERA@@YAXXZ   1003d550 f   grooveweld:precomp.obj
 0001:0003c570       ??__EGID_Camera@@YAXXZ     1003d570 f   grooveweld:precomp.obj
 0001:0003c590       ??__EGID_CAMERA@@YAXXZ     1003d590 f   grooveweld:precomp.obj
 0001:0003c5b0       ??__EJMStdIncludeFaceTypesForSilhouettes@@YAXXZ 1003d5b0 f   grooveweld:precomp.obj
 0001:0003c630       ??__E?factory@JMGrooveWeldCmd@@2VJOleObjectFactory@@A@@YAXXZ 1003d630 f   grooveweld:GrooveWeldCmd.obj
 0001:0003c660       ??__EGNULL_Camera@@YAXXZ   1003d660 f   insweld:precomp.obj
 0001:0003c680       ??__EGNULL_CAMERA@@YAXXZ   1003d680 f   insweld:precomp.obj
 0001:0003c6a0       ??__EGID_Camera@@YAXXZ     1003d6a0 f   insweld:precomp.obj
 0001:0003c6c0       ??__EGID_CAMERA@@YAXXZ     1003d6c0 f   insweld:precomp.obj
 0001:0003c6e0       ??__EJMStdIncludeFaceTypesForSilhouettes@@YAXXZ 1003d6e0 f   insweld:precomp.obj
 0001:0003c760       ??__ECF_PARASOLID_BINARY_PARTITION@@YAXXZ 1003d760 f   insweld:precomp.obj
 0001:0003c780       ??__ECF_PARASOLID_BINARY_BODY@@YAXXZ 1003d780 f   insweld:precomp.obj
 0001:0003c7a0       ??__ECF_PARASOLID_TEXT_PARTITION@@YAXXZ 1003d7a0 f   insweld:precomp.obj
 0001:0003c7c0       ??__ECF_PARASOLID_TEXT_BODY@@YAXXZ 1003d7c0 f   insweld:precomp.obj
 0001:0003c7e0       ??__ECF_PARASOLID@@YAXXZ   1003d7e0 f   insweld:precomp.obj
 0001:0003c800       ??__ECF_PARASOLID_SURFPREP_BINARY_BODY@@YAXXZ 1003d800 f   insweld:precomp.obj
 0001:0003c820       ??__ECF_PARASOLID_SURFPREP_TEXT_BODY@@YAXXZ 1003d820 f   insweld:precomp.obj
 0001:0003c840       ??__ECF_PARASOLID_BINARY_BODIES@@YAXXZ 1003d840 f   insweld:precomp.obj
 0001:0003c860       ??__ECF_PARASOLID_TEXT_BODIES@@YAXXZ 1003d860 f   insweld:precomp.obj
 0001:0003c880       ??__ECF_PARASOLID_BODY_INFORMATION@@YAXXZ 1003d880 f   insweld:precomp.obj
 0001:0003c8a0       ??__ECF_SMETAL_BENDTABLE_INFORMATION@@YAXXZ 1003d8a0 f   insweld:precomp.obj
 0001:0003c8c0       ??__ECF_PARASOLID_BINARY_BODY_COLOR@@YAXXZ 1003d8c0 f   insweld:precomp.obj
 0001:0003c8e0       ??__ECF_PARASOLID_BINARY_BODIES_COLOR@@YAXXZ 1003d8e0 f   insweld:precomp.obj
 0001:0003c900       ??__ECF_UG_ASSEMBLY@@YAXXZ 1003d900 f   insweld:precomp.obj
 0001:0003c920       ??__ECF_SE_PROFILE_BODIES@@YAXXZ 1003d920 f   insweld:precomp.obj
 0001:0003c940       ??__E?factory@JMInsertWeldmentCmd@@2VJOleObjectFactory@@A@@YAXXZ 1003d940 f   insweld:Insweld.obj
 0001:0003c970       ??__EGNULL_Camera@@YAXXZ   1003d970 f   lblwldcmd:precomp.obj
 0001:0003c990       ??__EGNULL_CAMERA@@YAXXZ   1003d990 f   lblwldcmd:precomp.obj
 0001:0003c9b0       ??__EGID_Camera@@YAXXZ     1003d9b0 f   lblwldcmd:precomp.obj
 0001:0003c9d0       ??__EGID_CAMERA@@YAXXZ     1003d9d0 f   lblwldcmd:precomp.obj
 0001:0003c9f0       ??__EJMStdIncludeFaceTypesForSilhouettes@@YAXXZ 1003d9f0 f   lblwldcmd:precomp.obj
 0001:0003ca70       ??__E?factory@JMLabelWeldCmd@@2VJOleObjectFactory@@A@@YAXXZ 1003da70 f   lblwldcmd:CJMLBLWLDCM.obj
 0001:0003caa0       ??__EGNULL_Camera@@YAXXZ   1003daa0 f   skipweld:precomp.obj
 0001:0003cac0       ??__EGNULL_CAMERA@@YAXXZ   1003dac0 f   skipweld:precomp.obj
 0001:0003cae0       ??__EGID_Camera@@YAXXZ     1003dae0 f   skipweld:precomp.obj
 0001:0003cb00       ??__EGID_CAMERA@@YAXXZ     1003db00 f   skipweld:precomp.obj
 0001:0003cb20       ??__EJMStdIncludeFaceTypesForSilhouettes@@YAXXZ 1003db20 f   skipweld:precomp.obj
 0001:0003cba0       ??__ESE_GUIDE_CURVE_GAP@@YAXXZ 1003dba0 f   skipweld:precomp.obj
 0001:0003cbb0       ??__ESE_UNISURF_GUIDE_CURVE_TANGENT_ANGLE_1@@YAXXZ 1003dbb0 f   skipweld:precomp.obj
 0001:0003cbc0       ??__E?factory@CJMSkipWeldCommand@@2VJOleObjectFactory@@A@@YAXXZ 1003dbc0 f   skipweld:skipweld.obj
 0001:0003cbf0       ??__F?factory@JMFilletWeldCmd@@2VJOleObjectFactory@@A@@YAXXZ 1003dbf0 f   filtwldcmd:FiltWld.obj
 0001:0003cc40       ??__F?factory@JMGrooveWeldCmd@@2VJOleObjectFactory@@A@@YAXXZ 1003dc40 f   grooveweld:GrooveWeldCmd.obj
 0001:0003cc90       ??__F?factory@JMInsertWeldmentCmd@@2VJOleObjectFactory@@A@@YAXXZ 1003dc90 f   insweld:Insweld.obj
 0001:0003cce0       ??__F?factory@JMLabelWeldCmd@@2VJOleObjectFactory@@A@@YAXXZ 1003dce0 f   lblwldcmd:CJMLBLWLDCM.obj
 0001:0003cd30       ??__F?factory@CJMSkipWeldCommand@@2VJOleObjectFactory@@A@@YAXXZ 1003dd30 f   skipweld:skipweld.obj
